19:29:03 **** Incremental Build of configuration Debug for project euc16_int ****
make all 
make --no-print-directory pre-build
a9-linaro-pre-build-step
' '
make --no-print-directory main-build
'Building file: ../src/mian.c'
'Invoking: ARM v7 gcc compiler'
arm-none-eabi-gcc -Wall -O0 -g3 -c -fmessage-length=0 -MT"src/mian.o" -mcpu=cortex-a9 -mfpu=vfpv3 -mfloat-abi=hard -IC:/Users/juan_/Documents/FPGA/JA-RM-IPD432/euc16_int_unconcat/Vitis/euc16_int_unconcat/export/euc16_int_unconcat/sw/euc16_int_unconcat/standalone_ps7_cortexa9_0/bspinclude/include -MMD -MP -MF"src/mian.d" -MT"src/mian.o" -o "src/mian.o" "../src/mian.c"
'Finished building: ../src/mian.c'
' '
'Building target: euc16_int.elf'
'Invoking: ARM v7 gcc linker'
arm-none-eabi-gcc -mcpu=cortex-a9 -mfpu=vfpv3 -mfloat-abi=hard -Wl,-build-id=none -specs=Xilinx.spec -Wl,-T -Wl,../src/lscript.ld -LC:/Users/juan_/Documents/FPGA/JA-RM-IPD432/euc16_int_unconcat/Vitis/euc16_int_unconcat/export/euc16_int_unconcat/sw/euc16_int_unconcat/standalone_ps7_cortexa9_0/bsplib/lib -o "euc16_int.elf"  ./src/mian.o   -Wl,--start-group,-lxil,-lgcc,-lc,--end-group
'Finished building target: euc16_int.elf'
' '
'Invoking: ARM v7 Print Size'
arm-none-eabi-size euc16_int.elf  |tee "euc16_int.elf.size"
   text	   data	    bss	    dec	    hex	filename
  93078	   3470	  22704	 119252	  1d1d4	euc16_int.elf
'Finished building: euc16_int.elf.size'
' '

19:29:04 Build Finished (took 858ms)

