Copyright 1986-2021 Xilinx, Inc. All Rights Reserved.
------------------------------------------------------------------------------------------------
| Tool Version : Vivado v.2021.1 (win64) Build 3247384 Thu Jun 10 19:36:33 MDT 2021
| Date         : Thu Mar 17 23:57:07 2022
| Host         : JuanKaHp running 64-bit major release  (build 9200)
| Command      : report_drc -file TOP_drc_opted.rpt -pb TOP_drc_opted.pb -rpx TOP_drc_opted.rpx
| Design       : TOP
| Device       : xc7a100tcsg324-1
| Speed File   : -1
| Design State : Synthesized
------------------------------------------------------------------------------------------------

Report DRC

Table of Contents
-----------------
1. REPORT SUMMARY
2. REPORT DETAILS

1. REPORT SUMMARY
-----------------
            Netlist: netlist
          Floorplan: design_1
      Design limits: <entire design considered>
           Ruledeck: default
             Max violations: <unlimited>
             Violations found: 240
+--------+----------+------------------+------------+
| Rule   | Severity | Description      | Violations |
+--------+----------+------------------+------------+
| DPIP-1 | Warning  | Input pipelining | 240        |
+--------+----------+------------------+------------+

2. REPORT DETAILS
-----------------
DPIP-1#1 Warning
Input pipelining  
DSP PROCC/inst/mac_muladd_9s_9s_18s_18_4_1_U258/eucHW_mac_muladd_9s_9s_18s_18_4_1_DSP48_0_U/p_reg_reg input PROCC/inst/mac_muladd_9s_9s_18s_18_4_1_U258/eucHW_mac_muladd_9s_9s_18s_18_4_1_DSP48_0_U/p_reg_reg/C[47:0] is not pipelined. Pipelining DSP48 input will improve performance.
Related violations: <none>

DPIP-1#2 Warning
Input pipelining  
DSP PROCC/inst/mac_muladd_9s_9s_18s_18_4_1_U259/eucHW_mac_muladd_9s_9s_18s_18_4_1_DSP48_0_U/p_reg_reg input PROCC/inst/mac_muladd_9s_9s_18s_18_4_1_U259/eucHW_mac_muladd_9s_9s_18s_18_4_1_DSP48_0_U/p_reg_reg/C[47:0] is not pipelined. Pipelining DSP48 input will improve performance.
Related violations: <none>

DPIP-1#3 Warning
Input pipelining  
DSP PROCC/inst/mac_muladd_9s_9s_18s_18_4_1_U260/eucHW_mac_muladd_9s_9s_18s_18_4_1_DSP48_0_U/p_reg_reg input PROCC/inst/mac_muladd_9s_9s_18s_18_4_1_U260/eucHW_mac_muladd_9s_9s_18s_18_4_1_DSP48_0_U/p_reg_reg/C[47:0] is not pipelined. Pipelining DSP48 input will improve performance.
Related violations: <none>

DPIP-1#4 Warning
Input pipelining  
DSP PROCC/inst/mac_muladd_9s_9s_18s_18_4_1_U261/eucHW_mac_muladd_9s_9s_18s_18_4_1_DSP48_0_U/p_reg_reg input PROCC/inst/mac_muladd_9s_9s_18s_18_4_1_U261/eucHW_mac_muladd_9s_9s_18s_18_4_1_DSP48_0_U/p_reg_reg/C[47:0] is not pipelined. Pipelining DSP48 input will improve performance.
Related violations: <none>

DPIP-1#5 Warning
Input pipelining  
DSP PROCC/inst/mac_muladd_9s_9s_18s_18_4_1_U262/eucHW_mac_muladd_9s_9s_18s_18_4_1_DSP48_0_U/p_reg_reg input PROCC/inst/mac_muladd_9s_9s_18s_18_4_1_U262/eucHW_mac_muladd_9s_9s_18s_18_4_1_DSP48_0_U/p_reg_reg/C[47:0] is not pipelined. Pipelining DSP48 input will improve performance.
Related violations: <none>

DPIP-1#6 Warning
Input pipelining  
DSP PROCC/inst/mac_muladd_9s_9s_18s_18_4_1_U263/eucHW_mac_muladd_9s_9s_18s_18_4_1_DSP48_0_U/p_reg_reg input PROCC/inst/mac_muladd_9s_9s_18s_18_4_1_U263/eucHW_mac_muladd_9s_9s_18s_18_4_1_DSP48_0_U/p_reg_reg/C[47:0] is not pipelined. Pipelining DSP48 input will improve performance.
Related violations: <none>

DPIP-1#7 Warning
Input pipelining  
DSP PROCC/inst/mac_muladd_9s_9s_18s_18_4_1_U264/eucHW_mac_muladd_9s_9s_18s_18_4_1_DSP48_0_U/p_reg_reg input PROCC/inst/mac_muladd_9s_9s_18s_18_4_1_U264/eucHW_mac_muladd_9s_9s_18s_18_4_1_DSP48_0_U/p_reg_reg/C[47:0] is not pipelined. Pipelining DSP48 input will improve performance.
Related violations: <none>

DPIP-1#8 Warning
Input pipelining  
DSP PROCC/inst/mac_muladd_9s_9s_18s_18_4_1_U265/eucHW_mac_muladd_9s_9s_18s_18_4_1_DSP48_0_U/p_reg_reg input PROCC/inst/mac_muladd_9s_9s_18s_18_4_1_U265/eucHW_mac_muladd_9s_9s_18s_18_4_1_DSP48_0_U/p_reg_reg/C[47:0] is not pipelined. Pipelining DSP48 input will improve performance.
Related violations: <none>

DPIP-1#9 Warning
Input pipelining  
DSP PROCC/inst/mac_muladd_9s_9s_18s_18_4_1_U266/eucHW_mac_muladd_9s_9s_18s_18_4_1_DSP48_0_U/p_reg_reg input PROCC/inst/mac_muladd_9s_9s_18s_18_4_1_U266/eucHW_mac_muladd_9s_9s_18s_18_4_1_DSP48_0_U/p_reg_reg/C[47:0] is not pipelined. Pipelining DSP48 input will improve performance.
Related violations: <none>

DPIP-1#10 Warning
Input pipelining  
DSP PROCC/inst/mac_muladd_9s_9s_18s_18_4_1_U267/eucHW_mac_muladd_9s_9s_18s_18_4_1_DSP48_0_U/p_reg_reg input PROCC/inst/mac_muladd_9s_9s_18s_18_4_1_U267/eucHW_mac_muladd_9s_9s_18s_18_4_1_DSP48_0_U/p_reg_reg/C[47:0] is not pipelined. Pipelining DSP48 input will improve performance.
Related violations: <none>

DPIP-1#11 Warning
Input pipelining  
DSP PROCC/inst/mac_muladd_9s_9s_18s_18_4_1_U268/eucHW_mac_muladd_9s_9s_18s_18_4_1_DSP48_0_U/p_reg_reg input PROCC/inst/mac_muladd_9s_9s_18s_18_4_1_U268/eucHW_mac_muladd_9s_9s_18s_18_4_1_DSP48_0_U/p_reg_reg/C[47:0] is not pipelined. Pipelining DSP48 input will improve performance.
Related violations: <none>

DPIP-1#12 Warning
Input pipelining  
DSP PROCC/inst/mac_muladd_9s_9s_18s_18_4_1_U269/eucHW_mac_muladd_9s_9s_18s_18_4_1_DSP48_0_U/p_reg_reg input PROCC/inst/mac_muladd_9s_9s_18s_18_4_1_U269/eucHW_mac_muladd_9s_9s_18s_18_4_1_DSP48_0_U/p_reg_reg/C[47:0] is not pipelined. Pipelining DSP48 input will improve performance.
Related violations: <none>

DPIP-1#13 Warning
Input pipelining  
DSP PROCC/inst/mac_muladd_9s_9s_18s_18_4_1_U270/eucHW_mac_muladd_9s_9s_18s_18_4_1_DSP48_0_U/p_reg_reg input PROCC/inst/mac_muladd_9s_9s_18s_18_4_1_U270/eucHW_mac_muladd_9s_9s_18s_18_4_1_DSP48_0_U/p_reg_reg/C[47:0] is not pipelined. Pipelining DSP48 input will improve performance.
Related violations: <none>

DPIP-1#14 Warning
Input pipelining  
DSP PROCC/inst/mac_muladd_9s_9s_18s_18_4_1_U271/eucHW_mac_muladd_9s_9s_18s_18_4_1_DSP48_0_U/p_reg_reg input PROCC/inst/mac_muladd_9s_9s_18s_18_4_1_U271/eucHW_mac_muladd_9s_9s_18s_18_4_1_DSP48_0_U/p_reg_reg/C[47:0] is not pipelined. Pipelining DSP48 input will improve performance.
Related violations: <none>

DPIP-1#15 Warning
Input pipelining  
DSP PROCC/inst/mac_muladd_9s_9s_18s_18_4_1_U272/eucHW_mac_muladd_9s_9s_18s_18_4_1_DSP48_0_U/p_reg_reg input PROCC/inst/mac_muladd_9s_9s_18s_18_4_1_U272/eucHW_mac_muladd_9s_9s_18s_18_4_1_DSP48_0_U/p_reg_reg/C[47:0] is not pipelined. Pipelining DSP48 input will improve performance.
Related violations: <none>

DPIP-1#16 Warning
Input pipelining  
DSP PROCC/inst/mac_muladd_9s_9s_18s_18_4_1_U273/eucHW_mac_muladd_9s_9s_18s_18_4_1_DSP48_0_U/p_reg_reg input PROCC/inst/mac_muladd_9s_9s_18s_18_4_1_U273/eucHW_mac_muladd_9s_9s_18s_18_4_1_DSP48_0_U/p_reg_reg/C[47:0] is not pipelined. Pipelining DSP48 input will improve performance.
Related violations: <none>

DPIP-1#17 Warning
Input pipelining  
DSP PROCC/inst/mac_muladd_9s_9s_18s_18_4_1_U274/eucHW_mac_muladd_9s_9s_18s_18_4_1_DSP48_0_U/p_reg_reg input PROCC/inst/mac_muladd_9s_9s_18s_18_4_1_U274/eucHW_mac_muladd_9s_9s_18s_18_4_1_DSP48_0_U/p_reg_reg/C[47:0] is not pipelined. Pipelining DSP48 input will improve performance.
Related violations: <none>

DPIP-1#18 Warning
Input pipelining  
DSP PROCC/inst/mac_muladd_9s_9s_18s_18_4_1_U275/eucHW_mac_muladd_9s_9s_18s_18_4_1_DSP48_0_U/p_reg_reg input PROCC/inst/mac_muladd_9s_9s_18s_18_4_1_U275/eucHW_mac_muladd_9s_9s_18s_18_4_1_DSP48_0_U/p_reg_reg/C[47:0] is not pipelined. Pipelining DSP48 input will improve performance.
Related violations: <none>

DPIP-1#19 Warning
Input pipelining  
DSP PROCC/inst/mac_muladd_9s_9s_18s_18_4_1_U276/eucHW_mac_muladd_9s_9s_18s_18_4_1_DSP48_0_U/p_reg_reg input PROCC/inst/mac_muladd_9s_9s_18s_18_4_1_U276/eucHW_mac_muladd_9s_9s_18s_18_4_1_DSP48_0_U/p_reg_reg/C[47:0] is not pipelined. Pipelining DSP48 input will improve performance.
Related violations: <none>

DPIP-1#20 Warning
Input pipelining  
DSP PROCC/inst/mac_muladd_9s_9s_18s_18_4_1_U277/eucHW_mac_muladd_9s_9s_18s_18_4_1_DSP48_0_U/p_reg_reg input PROCC/inst/mac_muladd_9s_9s_18s_18_4_1_U277/eucHW_mac_muladd_9s_9s_18s_18_4_1_DSP48_0_U/p_reg_reg/C[47:0] is not pipelined. Pipelining DSP48 input will improve performance.
Related violations: <none>

DPIP-1#21 Warning
Input pipelining  
DSP PROCC/inst/mac_muladd_9s_9s_18s_18_4_1_U278/eucHW_mac_muladd_9s_9s_18s_18_4_1_DSP48_0_U/p_reg_reg input PROCC/inst/mac_muladd_9s_9s_18s_18_4_1_U278/eucHW_mac_muladd_9s_9s_18s_18_4_1_DSP48_0_U/p_reg_reg/C[47:0] is not pipelined. Pipelining DSP48 input will improve performance.
Related violations: <none>

DPIP-1#22 Warning
Input pipelining  
DSP PROCC/inst/mac_muladd_9s_9s_18s_18_4_1_U279/eucHW_mac_muladd_9s_9s_18s_18_4_1_DSP48_0_U/p_reg_reg input PROCC/inst/mac_muladd_9s_9s_18s_18_4_1_U279/eucHW_mac_muladd_9s_9s_18s_18_4_1_DSP48_0_U/p_reg_reg/C[47:0] is not pipelined. Pipelining DSP48 input will improve performance.
Related violations: <none>

DPIP-1#23 Warning
Input pipelining  
DSP PROCC/inst/mac_muladd_9s_9s_18s_18_4_1_U280/eucHW_mac_muladd_9s_9s_18s_18_4_1_DSP48_0_U/p_reg_reg input PROCC/inst/mac_muladd_9s_9s_18s_18_4_1_U280/eucHW_mac_muladd_9s_9s_18s_18_4_1_DSP48_0_U/p_reg_reg/C[47:0] is not pipelined. Pipelining DSP48 input will improve performance.
Related violations: <none>

DPIP-1#24 Warning
Input pipelining  
DSP PROCC/inst/mac_muladd_9s_9s_18s_18_4_1_U281/eucHW_mac_muladd_9s_9s_18s_18_4_1_DSP48_0_U/p_reg_reg input PROCC/inst/mac_muladd_9s_9s_18s_18_4_1_U281/eucHW_mac_muladd_9s_9s_18s_18_4_1_DSP48_0_U/p_reg_reg/C[47:0] is not pipelined. Pipelining DSP48 input will improve performance.
Related violations: <none>

DPIP-1#25 Warning
Input pipelining  
DSP PROCC/inst/mac_muladd_9s_9s_18s_18_4_1_U282/eucHW_mac_muladd_9s_9s_18s_18_4_1_DSP48_0_U/p_reg_reg input PROCC/inst/mac_muladd_9s_9s_18s_18_4_1_U282/eucHW_mac_muladd_9s_9s_18s_18_4_1_DSP48_0_U/p_reg_reg/C[47:0] is not pipelined. Pipelining DSP48 input will improve performance.
Related violations: <none>

DPIP-1#26 Warning
Input pipelining  
DSP PROCC/inst/mac_muladd_9s_9s_18s_18_4_1_U283/eucHW_mac_muladd_9s_9s_18s_18_4_1_DSP48_0_U/p_reg_reg input PROCC/inst/mac_muladd_9s_9s_18s_18_4_1_U283/eucHW_mac_muladd_9s_9s_18s_18_4_1_DSP48_0_U/p_reg_reg/C[47:0] is not pipelined. Pipelining DSP48 input will improve performance.
Related violations: <none>

DPIP-1#27 Warning
Input pipelining  
DSP PROCC/inst/mac_muladd_9s_9s_18s_18_4_1_U284/eucHW_mac_muladd_9s_9s_18s_18_4_1_DSP48_0_U/p_reg_reg input PROCC/inst/mac_muladd_9s_9s_18s_18_4_1_U284/eucHW_mac_muladd_9s_9s_18s_18_4_1_DSP48_0_U/p_reg_reg/C[47:0] is not pipelined. Pipelining DSP48 input will improve performance.
Related violations: <none>

DPIP-1#28 Warning
Input pipelining  
DSP PROCC/inst/mac_muladd_9s_9s_18s_18_4_1_U285/eucHW_mac_muladd_9s_9s_18s_18_4_1_DSP48_0_U/p_reg_reg input PROCC/inst/mac_muladd_9s_9s_18s_18_4_1_U285/eucHW_mac_muladd_9s_9s_18s_18_4_1_DSP48_0_U/p_reg_reg/C[47:0] is not pipelined. Pipelining DSP48 input will improve performance.
Related violations: <none>

DPIP-1#29 Warning
Input pipelining  
DSP PROCC/inst/mac_muladd_9s_9s_18s_18_4_1_U286/eucHW_mac_muladd_9s_9s_18s_18_4_1_DSP48_0_U/p_reg_reg input PROCC/inst/mac_muladd_9s_9s_18s_18_4_1_U286/eucHW_mac_muladd_9s_9s_18s_18_4_1_DSP48_0_U/p_reg_reg/C[47:0] is not pipelined. Pipelining DSP48 input will improve performance.
Related violations: <none>

DPIP-1#30 Warning
Input pipelining  
DSP PROCC/inst/mac_muladd_9s_9s_18s_18_4_1_U287/eucHW_mac_muladd_9s_9s_18s_18_4_1_DSP48_0_U/p_reg_reg input PROCC/inst/mac_muladd_9s_9s_18s_18_4_1_U287/eucHW_mac_muladd_9s_9s_18s_18_4_1_DSP48_0_U/p_reg_reg/C[47:0] is not pipelined. Pipelining DSP48 input will improve performance.
Related violations: <none>

DPIP-1#31 Warning
Input pipelining  
DSP PROCC/inst/mac_muladd_9s_9s_18s_18_4_1_U288/eucHW_mac_muladd_9s_9s_18s_18_4_1_DSP48_0_U/p_reg_reg input PROCC/inst/mac_muladd_9s_9s_18s_18_4_1_U288/eucHW_mac_muladd_9s_9s_18s_18_4_1_DSP48_0_U/p_reg_reg/C[47:0] is not pipelined. Pipelining DSP48 input will improve performance.
Related violations: <none>

DPIP-1#32 Warning
Input pipelining  
DSP PROCC/inst/mac_muladd_9s_9s_18s_18_4_1_U289/eucHW_mac_muladd_9s_9s_18s_18_4_1_DSP48_0_U/p_reg_reg input PROCC/inst/mac_muladd_9s_9s_18s_18_4_1_U289/eucHW_mac_muladd_9s_9s_18s_18_4_1_DSP48_0_U/p_reg_reg/C[47:0] is not pipelined. Pipelining DSP48 input will improve performance.
Related violations: <none>

DPIP-1#33 Warning
Input pipelining  
DSP PROCC/inst/mac_muladd_9s_9s_18s_18_4_1_U290/eucHW_mac_muladd_9s_9s_18s_18_4_1_DSP48_0_U/p_reg_reg input PROCC/inst/mac_muladd_9s_9s_18s_18_4_1_U290/eucHW_mac_muladd_9s_9s_18s_18_4_1_DSP48_0_U/p_reg_reg/C[47:0] is not pipelined. Pipelining DSP48 input will improve performance.
Related violations: <none>

DPIP-1#34 Warning
Input pipelining  
DSP PROCC/inst/mac_muladd_9s_9s_18s_18_4_1_U291/eucHW_mac_muladd_9s_9s_18s_18_4_1_DSP48_0_U/p_reg_reg input PROCC/inst/mac_muladd_9s_9s_18s_18_4_1_U291/eucHW_mac_muladd_9s_9s_18s_18_4_1_DSP48_0_U/p_reg_reg/C[47:0] is not pipelined. Pipelining DSP48 input will improve performance.
Related violations: <none>

DPIP-1#35 Warning
Input pipelining  
DSP PROCC/inst/mac_muladd_9s_9s_18s_18_4_1_U292/eucHW_mac_muladd_9s_9s_18s_18_4_1_DSP48_0_U/p_reg_reg input PROCC/inst/mac_muladd_9s_9s_18s_18_4_1_U292/eucHW_mac_muladd_9s_9s_18s_18_4_1_DSP48_0_U/p_reg_reg/C[47:0] is not pipelined. Pipelining DSP48 input will improve performance.
Related violations: <none>

DPIP-1#36 Warning
Input pipelining  
DSP PROCC/inst/mac_muladd_9s_9s_18s_18_4_1_U293/eucHW_mac_muladd_9s_9s_18s_18_4_1_DSP48_0_U/p_reg_reg input PROCC/inst/mac_muladd_9s_9s_18s_18_4_1_U293/eucHW_mac_muladd_9s_9s_18s_18_4_1_DSP48_0_U/p_reg_reg/C[47:0] is not pipelined. Pipelining DSP48 input will improve performance.
Related violations: <none>

DPIP-1#37 Warning
Input pipelining  
DSP PROCC/inst/mac_muladd_9s_9s_18s_18_4_1_U294/eucHW_mac_muladd_9s_9s_18s_18_4_1_DSP48_0_U/p_reg_reg input PROCC/inst/mac_muladd_9s_9s_18s_18_4_1_U294/eucHW_mac_muladd_9s_9s_18s_18_4_1_DSP48_0_U/p_reg_reg/C[47:0] is not pipelined. Pipelining DSP48 input will improve performance.
Related violations: <none>

DPIP-1#38 Warning
Input pipelining  
DSP PROCC/inst/mac_muladd_9s_9s_18s_18_4_1_U295/eucHW_mac_muladd_9s_9s_18s_18_4_1_DSP48_0_U/p_reg_reg input PROCC/inst/mac_muladd_9s_9s_18s_18_4_1_U295/eucHW_mac_muladd_9s_9s_18s_18_4_1_DSP48_0_U/p_reg_reg/C[47:0] is not pipelined. Pipelining DSP48 input will improve performance.
Related violations: <none>

DPIP-1#39 Warning
Input pipelining  
DSP PROCC/inst/mac_muladd_9s_9s_18s_18_4_1_U296/eucHW_mac_muladd_9s_9s_18s_18_4_1_DSP48_0_U/p_reg_reg input PROCC/inst/mac_muladd_9s_9s_18s_18_4_1_U296/eucHW_mac_muladd_9s_9s_18s_18_4_1_DSP48_0_U/p_reg_reg/C[47:0] is not pipelined. Pipelining DSP48 input will improve performance.
Related violations: <none>

DPIP-1#40 Warning
Input pipelining  
DSP PROCC/inst/mac_muladd_9s_9s_18s_18_4_1_U297/eucHW_mac_muladd_9s_9s_18s_18_4_1_DSP48_0_U/p_reg_reg input PROCC/inst/mac_muladd_9s_9s_18s_18_4_1_U297/eucHW_mac_muladd_9s_9s_18s_18_4_1_DSP48_0_U/p_reg_reg/C[47:0] is not pipelined. Pipelining DSP48 input will improve performance.
Related violations: <none>

DPIP-1#41 Warning
Input pipelining  
DSP PROCC/inst/mac_muladd_9s_9s_18s_18_4_1_U298/eucHW_mac_muladd_9s_9s_18s_18_4_1_DSP48_0_U/p_reg_reg input PROCC/inst/mac_muladd_9s_9s_18s_18_4_1_U298/eucHW_mac_muladd_9s_9s_18s_18_4_1_DSP48_0_U/p_reg_reg/C[47:0] is not pipelined. Pipelining DSP48 input will improve performance.
Related violations: <none>

DPIP-1#42 Warning
Input pipelining  
DSP PROCC/inst/mac_muladd_9s_9s_18s_18_4_1_U299/eucHW_mac_muladd_9s_9s_18s_18_4_1_DSP48_0_U/p_reg_reg input PROCC/inst/mac_muladd_9s_9s_18s_18_4_1_U299/eucHW_mac_muladd_9s_9s_18s_18_4_1_DSP48_0_U/p_reg_reg/C[47:0] is not pipelined. Pipelining DSP48 input will improve performance.
Related violations: <none>

DPIP-1#43 Warning
Input pipelining  
DSP PROCC/inst/mac_muladd_9s_9s_18s_18_4_1_U300/eucHW_mac_muladd_9s_9s_18s_18_4_1_DSP48_0_U/p_reg_reg input PROCC/inst/mac_muladd_9s_9s_18s_18_4_1_U300/eucHW_mac_muladd_9s_9s_18s_18_4_1_DSP48_0_U/p_reg_reg/C[47:0] is not pipelined. Pipelining DSP48 input will improve performance.
Related violations: <none>

DPIP-1#44 Warning
Input pipelining  
DSP PROCC/inst/mac_muladd_9s_9s_18s_18_4_1_U301/eucHW_mac_muladd_9s_9s_18s_18_4_1_DSP48_0_U/p_reg_reg input PROCC/inst/mac_muladd_9s_9s_18s_18_4_1_U301/eucHW_mac_muladd_9s_9s_18s_18_4_1_DSP48_0_U/p_reg_reg/C[47:0] is not pipelined. Pipelining DSP48 input will improve performance.
Related violations: <none>

DPIP-1#45 Warning
Input pipelining  
DSP PROCC/inst/mac_muladd_9s_9s_18s_18_4_1_U302/eucHW_mac_muladd_9s_9s_18s_18_4_1_DSP48_0_U/p_reg_reg input PROCC/inst/mac_muladd_9s_9s_18s_18_4_1_U302/eucHW_mac_muladd_9s_9s_18s_18_4_1_DSP48_0_U/p_reg_reg/C[47:0] is not pipelined. Pipelining DSP48 input will improve performance.
Related violations: <none>

DPIP-1#46 Warning
Input pipelining  
DSP PROCC/inst/mac_muladd_9s_9s_18s_18_4_1_U303/eucHW_mac_muladd_9s_9s_18s_18_4_1_DSP48_0_U/p_reg_reg input PROCC/inst/mac_muladd_9s_9s_18s_18_4_1_U303/eucHW_mac_muladd_9s_9s_18s_18_4_1_DSP48_0_U/p_reg_reg/C[47:0] is not pipelined. Pipelining DSP48 input will improve performance.
Related violations: <none>

DPIP-1#47 Warning
Input pipelining  
DSP PROCC/inst/mac_muladd_9s_9s_18s_18_4_1_U304/eucHW_mac_muladd_9s_9s_18s_18_4_1_DSP48_0_U/p_reg_reg input PROCC/inst/mac_muladd_9s_9s_18s_18_4_1_U304/eucHW_mac_muladd_9s_9s_18s_18_4_1_DSP48_0_U/p_reg_reg/C[47:0] is not pipelined. Pipelining DSP48 input will improve performance.
Related violations: <none>

DPIP-1#48 Warning
Input pipelining  
DSP PROCC/inst/mac_muladd_9s_9s_18s_18_4_1_U305/eucHW_mac_muladd_9s_9s_18s_18_4_1_DSP48_0_U/p_reg_reg input PROCC/inst/mac_muladd_9s_9s_18s_18_4_1_U305/eucHW_mac_muladd_9s_9s_18s_18_4_1_DSP48_0_U/p_reg_reg/C[47:0] is not pipelined. Pipelining DSP48 input will improve performance.
Related violations: <none>

DPIP-1#49 Warning
Input pipelining  
DSP PROCC/inst/mac_muladd_9s_9s_18s_18_4_1_U306/eucHW_mac_muladd_9s_9s_18s_18_4_1_DSP48_0_U/p_reg_reg input PROCC/inst/mac_muladd_9s_9s_18s_18_4_1_U306/eucHW_mac_muladd_9s_9s_18s_18_4_1_DSP48_0_U/p_reg_reg/C[47:0] is not pipelined. Pipelining DSP48 input will improve performance.
Related violations: <none>

DPIP-1#50 Warning
Input pipelining  
DSP PROCC/inst/mac_muladd_9s_9s_18s_18_4_1_U307/eucHW_mac_muladd_9s_9s_18s_18_4_1_DSP48_0_U/p_reg_reg input PROCC/inst/mac_muladd_9s_9s_18s_18_4_1_U307/eucHW_mac_muladd_9s_9s_18s_18_4_1_DSP48_0_U/p_reg_reg/C[47:0] is not pipelined. Pipelining DSP48 input will improve performance.
Related violations: <none>

DPIP-1#51 Warning
Input pipelining  
DSP PROCC/inst/mac_muladd_9s_9s_18s_18_4_1_U308/eucHW_mac_muladd_9s_9s_18s_18_4_1_DSP48_0_U/p_reg_reg input PROCC/inst/mac_muladd_9s_9s_18s_18_4_1_U308/eucHW_mac_muladd_9s_9s_18s_18_4_1_DSP48_0_U/p_reg_reg/C[47:0] is not pipelined. Pipelining DSP48 input will improve performance.
Related violations: <none>

DPIP-1#52 Warning
Input pipelining  
DSP PROCC/inst/mac_muladd_9s_9s_18s_18_4_1_U309/eucHW_mac_muladd_9s_9s_18s_18_4_1_DSP48_0_U/p_reg_reg input PROCC/inst/mac_muladd_9s_9s_18s_18_4_1_U309/eucHW_mac_muladd_9s_9s_18s_18_4_1_DSP48_0_U/p_reg_reg/C[47:0] is not pipelined. Pipelining DSP48 input will improve performance.
Related violations: <none>

DPIP-1#53 Warning
Input pipelining  
DSP PROCC/inst/mac_muladd_9s_9s_18s_18_4_1_U310/eucHW_mac_muladd_9s_9s_18s_18_4_1_DSP48_0_U/p_reg_reg input PROCC/inst/mac_muladd_9s_9s_18s_18_4_1_U310/eucHW_mac_muladd_9s_9s_18s_18_4_1_DSP48_0_U/p_reg_reg/C[47:0] is not pipelined. Pipelining DSP48 input will improve performance.
Related violations: <none>

DPIP-1#54 Warning
Input pipelining  
DSP PROCC/inst/mac_muladd_9s_9s_18s_18_4_1_U311/eucHW_mac_muladd_9s_9s_18s_18_4_1_DSP48_0_U/p_reg_reg input PROCC/inst/mac_muladd_9s_9s_18s_18_4_1_U311/eucHW_mac_muladd_9s_9s_18s_18_4_1_DSP48_0_U/p_reg_reg/C[47:0] is not pipelined. Pipelining DSP48 input will improve performance.
Related violations: <none>

DPIP-1#55 Warning
Input pipelining  
DSP PROCC/inst/mac_muladd_9s_9s_18s_18_4_1_U312/eucHW_mac_muladd_9s_9s_18s_18_4_1_DSP48_0_U/p_reg_reg input PROCC/inst/mac_muladd_9s_9s_18s_18_4_1_U312/eucHW_mac_muladd_9s_9s_18s_18_4_1_DSP48_0_U/p_reg_reg/C[47:0] is not pipelined. Pipelining DSP48 input will improve performance.
Related violations: <none>

DPIP-1#56 Warning
Input pipelining  
DSP PROCC/inst/mac_muladd_9s_9s_18s_18_4_1_U313/eucHW_mac_muladd_9s_9s_18s_18_4_1_DSP48_0_U/p_reg_reg input PROCC/inst/mac_muladd_9s_9s_18s_18_4_1_U313/eucHW_mac_muladd_9s_9s_18s_18_4_1_DSP48_0_U/p_reg_reg/C[47:0] is not pipelined. Pipelining DSP48 input will improve performance.
Related violations: <none>

DPIP-1#57 Warning
Input pipelining  
DSP PROCC/inst/mac_muladd_9s_9s_18s_18_4_1_U314/eucHW_mac_muladd_9s_9s_18s_18_4_1_DSP48_0_U/p_reg_reg input PROCC/inst/mac_muladd_9s_9s_18s_18_4_1_U314/eucHW_mac_muladd_9s_9s_18s_18_4_1_DSP48_0_U/p_reg_reg/C[47:0] is not pipelined. Pipelining DSP48 input will improve performance.
Related violations: <none>

DPIP-1#58 Warning
Input pipelining  
DSP PROCC/inst/mac_muladd_9s_9s_18s_18_4_1_U315/eucHW_mac_muladd_9s_9s_18s_18_4_1_DSP48_0_U/p_reg_reg input PROCC/inst/mac_muladd_9s_9s_18s_18_4_1_U315/eucHW_mac_muladd_9s_9s_18s_18_4_1_DSP48_0_U/p_reg_reg/C[47:0] is not pipelined. Pipelining DSP48 input will improve performance.
Related violations: <none>

DPIP-1#59 Warning
Input pipelining  
DSP PROCC/inst/mac_muladd_9s_9s_18s_18_4_1_U316/eucHW_mac_muladd_9s_9s_18s_18_4_1_DSP48_0_U/p_reg_reg input PROCC/inst/mac_muladd_9s_9s_18s_18_4_1_U316/eucHW_mac_muladd_9s_9s_18s_18_4_1_DSP48_0_U/p_reg_reg/C[47:0] is not pipelined. Pipelining DSP48 input will improve performance.
Related violations: <none>

DPIP-1#60 Warning
Input pipelining  
DSP PROCC/inst/mac_muladd_9s_9s_18s_18_4_1_U317/eucHW_mac_muladd_9s_9s_18s_18_4_1_DSP48_0_U/p_reg_reg input PROCC/inst/mac_muladd_9s_9s_18s_18_4_1_U317/eucHW_mac_muladd_9s_9s_18s_18_4_1_DSP48_0_U/p_reg_reg/C[47:0] is not pipelined. Pipelining DSP48 input will improve performance.
Related violations: <none>

DPIP-1#61 Warning
Input pipelining  
DSP PROCC/inst/mac_muladd_9s_9s_18s_18_4_1_U318/eucHW_mac_muladd_9s_9s_18s_18_4_1_DSP48_0_U/p_reg_reg input PROCC/inst/mac_muladd_9s_9s_18s_18_4_1_U318/eucHW_mac_muladd_9s_9s_18s_18_4_1_DSP48_0_U/p_reg_reg/C[47:0] is not pipelined. Pipelining DSP48 input will improve performance.
Related violations: <none>

DPIP-1#62 Warning
Input pipelining  
DSP PROCC/inst/mac_muladd_9s_9s_18s_18_4_1_U319/eucHW_mac_muladd_9s_9s_18s_18_4_1_DSP48_0_U/p_reg_reg input PROCC/inst/mac_muladd_9s_9s_18s_18_4_1_U319/eucHW_mac_muladd_9s_9s_18s_18_4_1_DSP48_0_U/p_reg_reg/C[47:0] is not pipelined. Pipelining DSP48 input will improve performance.
Related violations: <none>

DPIP-1#63 Warning
Input pipelining  
DSP PROCC/inst/mac_muladd_9s_9s_18s_18_4_1_U320/eucHW_mac_muladd_9s_9s_18s_18_4_1_DSP48_0_U/p_reg_reg input PROCC/inst/mac_muladd_9s_9s_18s_18_4_1_U320/eucHW_mac_muladd_9s_9s_18s_18_4_1_DSP48_0_U/p_reg_reg/C[47:0] is not pipelined. Pipelining DSP48 input will improve performance.
Related violations: <none>

DPIP-1#64 Warning
Input pipelining  
DSP PROCC/inst/mac_muladd_9s_9s_18s_18_4_1_U321/eucHW_mac_muladd_9s_9s_18s_18_4_1_DSP48_0_U/p_reg_reg input PROCC/inst/mac_muladd_9s_9s_18s_18_4_1_U321/eucHW_mac_muladd_9s_9s_18s_18_4_1_DSP48_0_U/p_reg_reg/C[47:0] is not pipelined. Pipelining DSP48 input will improve performance.
Related violations: <none>

DPIP-1#65 Warning
Input pipelining  
DSP PROCC/inst/mac_muladd_9s_9s_18s_18_4_1_U322/eucHW_mac_muladd_9s_9s_18s_18_4_1_DSP48_0_U/p_reg_reg input PROCC/inst/mac_muladd_9s_9s_18s_18_4_1_U322/eucHW_mac_muladd_9s_9s_18s_18_4_1_DSP48_0_U/p_reg_reg/C[47:0] is not pipelined. Pipelining DSP48 input will improve performance.
Related violations: <none>

DPIP-1#66 Warning
Input pipelining  
DSP PROCC/inst/mac_muladd_9s_9s_18s_18_4_1_U323/eucHW_mac_muladd_9s_9s_18s_18_4_1_DSP48_0_U/p_reg_reg input PROCC/inst/mac_muladd_9s_9s_18s_18_4_1_U323/eucHW_mac_muladd_9s_9s_18s_18_4_1_DSP48_0_U/p_reg_reg/C[47:0] is not pipelined. Pipelining DSP48 input will improve performance.
Related violations: <none>

DPIP-1#67 Warning
Input pipelining  
DSP PROCC/inst/mac_muladd_9s_9s_18s_18_4_1_U324/eucHW_mac_muladd_9s_9s_18s_18_4_1_DSP48_0_U/p_reg_reg input PROCC/inst/mac_muladd_9s_9s_18s_18_4_1_U324/eucHW_mac_muladd_9s_9s_18s_18_4_1_DSP48_0_U/p_reg_reg/C[47:0] is not pipelined. Pipelining DSP48 input will improve performance.
Related violations: <none>

DPIP-1#68 Warning
Input pipelining  
DSP PROCC/inst/mac_muladd_9s_9s_18s_18_4_1_U325/eucHW_mac_muladd_9s_9s_18s_18_4_1_DSP48_0_U/p_reg_reg input PROCC/inst/mac_muladd_9s_9s_18s_18_4_1_U325/eucHW_mac_muladd_9s_9s_18s_18_4_1_DSP48_0_U/p_reg_reg/C[47:0] is not pipelined. Pipelining DSP48 input will improve performance.
Related violations: <none>

DPIP-1#69 Warning
Input pipelining  
DSP PROCC/inst/mac_muladd_9s_9s_18s_18_4_1_U326/eucHW_mac_muladd_9s_9s_18s_18_4_1_DSP48_0_U/p_reg_reg input PROCC/inst/mac_muladd_9s_9s_18s_18_4_1_U326/eucHW_mac_muladd_9s_9s_18s_18_4_1_DSP48_0_U/p_reg_reg/C[47:0] is not pipelined. Pipelining DSP48 input will improve performance.
Related violations: <none>

DPIP-1#70 Warning
Input pipelining  
DSP PROCC/inst/mac_muladd_9s_9s_18s_18_4_1_U327/eucHW_mac_muladd_9s_9s_18s_18_4_1_DSP48_0_U/p_reg_reg input PROCC/inst/mac_muladd_9s_9s_18s_18_4_1_U327/eucHW_mac_muladd_9s_9s_18s_18_4_1_DSP48_0_U/p_reg_reg/C[47:0] is not pipelined. Pipelining DSP48 input will improve performance.
Related violations: <none>

DPIP-1#71 Warning
Input pipelining  
DSP PROCC/inst/mac_muladd_9s_9s_18s_18_4_1_U328/eucHW_mac_muladd_9s_9s_18s_18_4_1_DSP48_0_U/p_reg_reg input PROCC/inst/mac_muladd_9s_9s_18s_18_4_1_U328/eucHW_mac_muladd_9s_9s_18s_18_4_1_DSP48_0_U/p_reg_reg/C[47:0] is not pipelined. Pipelining DSP48 input will improve performance.
Related violations: <none>

DPIP-1#72 Warning
Input pipelining  
DSP PROCC/inst/mac_muladd_9s_9s_18s_18_4_1_U329/eucHW_mac_muladd_9s_9s_18s_18_4_1_DSP48_0_U/p_reg_reg input PROCC/inst/mac_muladd_9s_9s_18s_18_4_1_U329/eucHW_mac_muladd_9s_9s_18s_18_4_1_DSP48_0_U/p_reg_reg/C[47:0] is not pipelined. Pipelining DSP48 input will improve performance.
Related violations: <none>

DPIP-1#73 Warning
Input pipelining  
DSP PROCC/inst/mac_muladd_9s_9s_18s_18_4_1_U330/eucHW_mac_muladd_9s_9s_18s_18_4_1_DSP48_0_U/p_reg_reg input PROCC/inst/mac_muladd_9s_9s_18s_18_4_1_U330/eucHW_mac_muladd_9s_9s_18s_18_4_1_DSP48_0_U/p_reg_reg/C[47:0] is not pipelined. Pipelining DSP48 input will improve performance.
Related violations: <none>

DPIP-1#74 Warning
Input pipelining  
DSP PROCC/inst/mac_muladd_9s_9s_18s_18_4_1_U331/eucHW_mac_muladd_9s_9s_18s_18_4_1_DSP48_0_U/p_reg_reg input PROCC/inst/mac_muladd_9s_9s_18s_18_4_1_U331/eucHW_mac_muladd_9s_9s_18s_18_4_1_DSP48_0_U/p_reg_reg/C[47:0] is not pipelined. Pipelining DSP48 input will improve performance.
Related violations: <none>

DPIP-1#75 Warning
Input pipelining  
DSP PROCC/inst/mac_muladd_9s_9s_18s_18_4_1_U332/eucHW_mac_muladd_9s_9s_18s_18_4_1_DSP48_0_U/p_reg_reg input PROCC/inst/mac_muladd_9s_9s_18s_18_4_1_U332/eucHW_mac_muladd_9s_9s_18s_18_4_1_DSP48_0_U/p_reg_reg/C[47:0] is not pipelined. Pipelining DSP48 input will improve performance.
Related violations: <none>

DPIP-1#76 Warning
Input pipelining  
DSP PROCC/inst/mac_muladd_9s_9s_18s_18_4_1_U333/eucHW_mac_muladd_9s_9s_18s_18_4_1_DSP48_0_U/p_reg_reg input PROCC/inst/mac_muladd_9s_9s_18s_18_4_1_U333/eucHW_mac_muladd_9s_9s_18s_18_4_1_DSP48_0_U/p_reg_reg/C[47:0] is not pipelined. Pipelining DSP48 input will improve performance.
Related violations: <none>

DPIP-1#77 Warning
Input pipelining  
DSP PROCC/inst/mac_muladd_9s_9s_18s_18_4_1_U334/eucHW_mac_muladd_9s_9s_18s_18_4_1_DSP48_0_U/p_reg_reg input PROCC/inst/mac_muladd_9s_9s_18s_18_4_1_U334/eucHW_mac_muladd_9s_9s_18s_18_4_1_DSP48_0_U/p_reg_reg/C[47:0] is not pipelined. Pipelining DSP48 input will improve performance.
Related violations: <none>

DPIP-1#78 Warning
Input pipelining  
DSP PROCC/inst/mac_muladd_9s_9s_18s_18_4_1_U335/eucHW_mac_muladd_9s_9s_18s_18_4_1_DSP48_0_U/p_reg_reg input PROCC/inst/mac_muladd_9s_9s_18s_18_4_1_U335/eucHW_mac_muladd_9s_9s_18s_18_4_1_DSP48_0_U/p_reg_reg/C[47:0] is not pipelined. Pipelining DSP48 input will improve performance.
Related violations: <none>

DPIP-1#79 Warning
Input pipelining  
DSP PROCC/inst/mac_muladd_9s_9s_18s_18_4_1_U336/eucHW_mac_muladd_9s_9s_18s_18_4_1_DSP48_0_U/p_reg_reg input PROCC/inst/mac_muladd_9s_9s_18s_18_4_1_U336/eucHW_mac_muladd_9s_9s_18s_18_4_1_DSP48_0_U/p_reg_reg/C[47:0] is not pipelined. Pipelining DSP48 input will improve performance.
Related violations: <none>

DPIP-1#80 Warning
Input pipelining  
DSP PROCC/inst/mac_muladd_9s_9s_18s_18_4_1_U337/eucHW_mac_muladd_9s_9s_18s_18_4_1_DSP48_0_U/p_reg_reg input PROCC/inst/mac_muladd_9s_9s_18s_18_4_1_U337/eucHW_mac_muladd_9s_9s_18s_18_4_1_DSP48_0_U/p_reg_reg/C[47:0] is not pipelined. Pipelining DSP48 input will improve performance.
Related violations: <none>

DPIP-1#81 Warning
Input pipelining  
DSP PROCC/inst/mac_muladd_9s_9s_18s_18_4_1_U338/eucHW_mac_muladd_9s_9s_18s_18_4_1_DSP48_0_U/p_reg_reg input PROCC/inst/mac_muladd_9s_9s_18s_18_4_1_U338/eucHW_mac_muladd_9s_9s_18s_18_4_1_DSP48_0_U/p_reg_reg/C[47:0] is not pipelined. Pipelining DSP48 input will improve performance.
Related violations: <none>

DPIP-1#82 Warning
Input pipelining  
DSP PROCC/inst/mac_muladd_9s_9s_18s_18_4_1_U339/eucHW_mac_muladd_9s_9s_18s_18_4_1_DSP48_0_U/p_reg_reg input PROCC/inst/mac_muladd_9s_9s_18s_18_4_1_U339/eucHW_mac_muladd_9s_9s_18s_18_4_1_DSP48_0_U/p_reg_reg/C[47:0] is not pipelined. Pipelining DSP48 input will improve performance.
Related violations: <none>

DPIP-1#83 Warning
Input pipelining  
DSP PROCC/inst/mac_muladd_9s_9s_18s_18_4_1_U340/eucHW_mac_muladd_9s_9s_18s_18_4_1_DSP48_0_U/p_reg_reg input PROCC/inst/mac_muladd_9s_9s_18s_18_4_1_U340/eucHW_mac_muladd_9s_9s_18s_18_4_1_DSP48_0_U/p_reg_reg/C[47:0] is not pipelined. Pipelining DSP48 input will improve performance.
Related violations: <none>

DPIP-1#84 Warning
Input pipelining  
DSP PROCC/inst/mac_muladd_9s_9s_18s_18_4_1_U341/eucHW_mac_muladd_9s_9s_18s_18_4_1_DSP48_0_U/p_reg_reg input PROCC/inst/mac_muladd_9s_9s_18s_18_4_1_U341/eucHW_mac_muladd_9s_9s_18s_18_4_1_DSP48_0_U/p_reg_reg/C[47:0] is not pipelined. Pipelining DSP48 input will improve performance.
Related violations: <none>

DPIP-1#85 Warning
Input pipelining  
DSP PROCC/inst/mac_muladd_9s_9s_18s_18_4_1_U342/eucHW_mac_muladd_9s_9s_18s_18_4_1_DSP48_0_U/p_reg_reg input PROCC/inst/mac_muladd_9s_9s_18s_18_4_1_U342/eucHW_mac_muladd_9s_9s_18s_18_4_1_DSP48_0_U/p_reg_reg/C[47:0] is not pipelined. Pipelining DSP48 input will improve performance.
Related violations: <none>

DPIP-1#86 Warning
Input pipelining  
DSP PROCC/inst/mac_muladd_9s_9s_18s_18_4_1_U343/eucHW_mac_muladd_9s_9s_18s_18_4_1_DSP48_0_U/p_reg_reg input PROCC/inst/mac_muladd_9s_9s_18s_18_4_1_U343/eucHW_mac_muladd_9s_9s_18s_18_4_1_DSP48_0_U/p_reg_reg/C[47:0] is not pipelined. Pipelining DSP48 input will improve performance.
Related violations: <none>

DPIP-1#87 Warning
Input pipelining  
DSP PROCC/inst/mac_muladd_9s_9s_18s_18_4_1_U344/eucHW_mac_muladd_9s_9s_18s_18_4_1_DSP48_0_U/p_reg_reg input PROCC/inst/mac_muladd_9s_9s_18s_18_4_1_U344/eucHW_mac_muladd_9s_9s_18s_18_4_1_DSP48_0_U/p_reg_reg/C[47:0] is not pipelined. Pipelining DSP48 input will improve performance.
Related violations: <none>

DPIP-1#88 Warning
Input pipelining  
DSP PROCC/inst/mac_muladd_9s_9s_18s_18_4_1_U345/eucHW_mac_muladd_9s_9s_18s_18_4_1_DSP48_0_U/p_reg_reg input PROCC/inst/mac_muladd_9s_9s_18s_18_4_1_U345/eucHW_mac_muladd_9s_9s_18s_18_4_1_DSP48_0_U/p_reg_reg/C[47:0] is not pipelined. Pipelining DSP48 input will improve performance.
Related violations: <none>

DPIP-1#89 Warning
Input pipelining  
DSP PROCC/inst/mac_muladd_9s_9s_18s_18_4_1_U346/eucHW_mac_muladd_9s_9s_18s_18_4_1_DSP48_0_U/p_reg_reg input PROCC/inst/mac_muladd_9s_9s_18s_18_4_1_U346/eucHW_mac_muladd_9s_9s_18s_18_4_1_DSP48_0_U/p_reg_reg/C[47:0] is not pipelined. Pipelining DSP48 input will improve performance.
Related violations: <none>

DPIP-1#90 Warning
Input pipelining  
DSP PROCC/inst/mac_muladd_9s_9s_18s_18_4_1_U347/eucHW_mac_muladd_9s_9s_18s_18_4_1_DSP48_0_U/p_reg_reg input PROCC/inst/mac_muladd_9s_9s_18s_18_4_1_U347/eucHW_mac_muladd_9s_9s_18s_18_4_1_DSP48_0_U/p_reg_reg/C[47:0] is not pipelined. Pipelining DSP48 input will improve performance.
Related violations: <none>

DPIP-1#91 Warning
Input pipelining  
DSP PROCC/inst/mac_muladd_9s_9s_18s_18_4_1_U348/eucHW_mac_muladd_9s_9s_18s_18_4_1_DSP48_0_U/p_reg_reg input PROCC/inst/mac_muladd_9s_9s_18s_18_4_1_U348/eucHW_mac_muladd_9s_9s_18s_18_4_1_DSP48_0_U/p_reg_reg/C[47:0] is not pipelined. Pipelining DSP48 input will improve performance.
Related violations: <none>

DPIP-1#92 Warning
Input pipelining  
DSP PROCC/inst/mac_muladd_9s_9s_18s_18_4_1_U349/eucHW_mac_muladd_9s_9s_18s_18_4_1_DSP48_0_U/p_reg_reg input PROCC/inst/mac_muladd_9s_9s_18s_18_4_1_U349/eucHW_mac_muladd_9s_9s_18s_18_4_1_DSP48_0_U/p_reg_reg/C[47:0] is not pipelined. Pipelining DSP48 input will improve performance.
Related violations: <none>

DPIP-1#93 Warning
Input pipelining  
DSP PROCC/inst/mac_muladd_9s_9s_18s_18_4_1_U350/eucHW_mac_muladd_9s_9s_18s_18_4_1_DSP48_0_U/p_reg_reg input PROCC/inst/mac_muladd_9s_9s_18s_18_4_1_U350/eucHW_mac_muladd_9s_9s_18s_18_4_1_DSP48_0_U/p_reg_reg/C[47:0] is not pipelined. Pipelining DSP48 input will improve performance.
Related violations: <none>

DPIP-1#94 Warning
Input pipelining  
DSP PROCC/inst/mac_muladd_9s_9s_18s_18_4_1_U351/eucHW_mac_muladd_9s_9s_18s_18_4_1_DSP48_0_U/p_reg_reg input PROCC/inst/mac_muladd_9s_9s_18s_18_4_1_U351/eucHW_mac_muladd_9s_9s_18s_18_4_1_DSP48_0_U/p_reg_reg/C[47:0] is not pipelined. Pipelining DSP48 input will improve performance.
Related violations: <none>

DPIP-1#95 Warning
Input pipelining  
DSP PROCC/inst/mac_muladd_9s_9s_18s_18_4_1_U352/eucHW_mac_muladd_9s_9s_18s_18_4_1_DSP48_0_U/p_reg_reg input PROCC/inst/mac_muladd_9s_9s_18s_18_4_1_U352/eucHW_mac_muladd_9s_9s_18s_18_4_1_DSP48_0_U/p_reg_reg/C[47:0] is not pipelined. Pipelining DSP48 input will improve performance.
Related violations: <none>

DPIP-1#96 Warning
Input pipelining  
DSP PROCC/inst/mac_muladd_9s_9s_18s_18_4_1_U353/eucHW_mac_muladd_9s_9s_18s_18_4_1_DSP48_0_U/p_reg_reg input PROCC/inst/mac_muladd_9s_9s_18s_18_4_1_U353/eucHW_mac_muladd_9s_9s_18s_18_4_1_DSP48_0_U/p_reg_reg/C[47:0] is not pipelined. Pipelining DSP48 input will improve performance.
Related violations: <none>

DPIP-1#97 Warning
Input pipelining  
DSP PROCC/inst/mac_muladd_9s_9s_18s_18_4_1_U354/eucHW_mac_muladd_9s_9s_18s_18_4_1_DSP48_0_U/p_reg_reg input PROCC/inst/mac_muladd_9s_9s_18s_18_4_1_U354/eucHW_mac_muladd_9s_9s_18s_18_4_1_DSP48_0_U/p_reg_reg/C[47:0] is not pipelined. Pipelining DSP48 input will improve performance.
Related violations: <none>

DPIP-1#98 Warning
Input pipelining  
DSP PROCC/inst/mac_muladd_9s_9s_18s_18_4_1_U355/eucHW_mac_muladd_9s_9s_18s_18_4_1_DSP48_0_U/p_reg_reg input PROCC/inst/mac_muladd_9s_9s_18s_18_4_1_U355/eucHW_mac_muladd_9s_9s_18s_18_4_1_DSP48_0_U/p_reg_reg/C[47:0] is not pipelined. Pipelining DSP48 input will improve performance.
Related violations: <none>

DPIP-1#99 Warning
Input pipelining  
DSP PROCC/inst/mac_muladd_9s_9s_18s_18_4_1_U356/eucHW_mac_muladd_9s_9s_18s_18_4_1_DSP48_0_U/p_reg_reg input PROCC/inst/mac_muladd_9s_9s_18s_18_4_1_U356/eucHW_mac_muladd_9s_9s_18s_18_4_1_DSP48_0_U/p_reg_reg/C[47:0] is not pipelined. Pipelining DSP48 input will improve performance.
Related violations: <none>

DPIP-1#100 Warning
Input pipelining  
DSP PROCC/inst/mac_muladd_9s_9s_18s_18_4_1_U357/eucHW_mac_muladd_9s_9s_18s_18_4_1_DSP48_0_U/p_reg_reg input PROCC/inst/mac_muladd_9s_9s_18s_18_4_1_U357/eucHW_mac_muladd_9s_9s_18s_18_4_1_DSP48_0_U/p_reg_reg/C[47:0] is not pipelined. Pipelining DSP48 input will improve performance.
Related violations: <none>

DPIP-1#101 Warning
Input pipelining  
DSP PROCC/inst/mac_muladd_9s_9s_18s_18_4_1_U358/eucHW_mac_muladd_9s_9s_18s_18_4_1_DSP48_0_U/p_reg_reg input PROCC/inst/mac_muladd_9s_9s_18s_18_4_1_U358/eucHW_mac_muladd_9s_9s_18s_18_4_1_DSP48_0_U/p_reg_reg/C[47:0] is not pipelined. Pipelining DSP48 input will improve performance.
Related violations: <none>

DPIP-1#102 Warning
Input pipelining  
DSP PROCC/inst/mac_muladd_9s_9s_18s_18_4_1_U359/eucHW_mac_muladd_9s_9s_18s_18_4_1_DSP48_0_U/p_reg_reg input PROCC/inst/mac_muladd_9s_9s_18s_18_4_1_U359/eucHW_mac_muladd_9s_9s_18s_18_4_1_DSP48_0_U/p_reg_reg/C[47:0] is not pipelined. Pipelining DSP48 input will improve performance.
Related violations: <none>

DPIP-1#103 Warning
Input pipelining  
DSP PROCC/inst/mac_muladd_9s_9s_18s_18_4_1_U360/eucHW_mac_muladd_9s_9s_18s_18_4_1_DSP48_0_U/p_reg_reg input PROCC/inst/mac_muladd_9s_9s_18s_18_4_1_U360/eucHW_mac_muladd_9s_9s_18s_18_4_1_DSP48_0_U/p_reg_reg/C[47:0] is not pipelined. Pipelining DSP48 input will improve performance.
Related violations: <none>

DPIP-1#104 Warning
Input pipelining  
DSP PROCC/inst/mac_muladd_9s_9s_18s_18_4_1_U361/eucHW_mac_muladd_9s_9s_18s_18_4_1_DSP48_0_U/p_reg_reg input PROCC/inst/mac_muladd_9s_9s_18s_18_4_1_U361/eucHW_mac_muladd_9s_9s_18s_18_4_1_DSP48_0_U/p_reg_reg/C[47:0] is not pipelined. Pipelining DSP48 input will improve performance.
Related violations: <none>

DPIP-1#105 Warning
Input pipelining  
DSP PROCC/inst/mac_muladd_9s_9s_18s_18_4_1_U362/eucHW_mac_muladd_9s_9s_18s_18_4_1_DSP48_0_U/p_reg_reg input PROCC/inst/mac_muladd_9s_9s_18s_18_4_1_U362/eucHW_mac_muladd_9s_9s_18s_18_4_1_DSP48_0_U/p_reg_reg/C[47:0] is not pipelined. Pipelining DSP48 input will improve performance.
Related violations: <none>

DPIP-1#106 Warning
Input pipelining  
DSP PROCC/inst/mac_muladd_9s_9s_18s_18_4_1_U363/eucHW_mac_muladd_9s_9s_18s_18_4_1_DSP48_0_U/p_reg_reg input PROCC/inst/mac_muladd_9s_9s_18s_18_4_1_U363/eucHW_mac_muladd_9s_9s_18s_18_4_1_DSP48_0_U/p_reg_reg/C[47:0] is not pipelined. Pipelining DSP48 input will improve performance.
Related violations: <none>

DPIP-1#107 Warning
Input pipelining  
DSP PROCC/inst/mac_muladd_9s_9s_18s_18_4_1_U364/eucHW_mac_muladd_9s_9s_18s_18_4_1_DSP48_0_U/p_reg_reg input PROCC/inst/mac_muladd_9s_9s_18s_18_4_1_U364/eucHW_mac_muladd_9s_9s_18s_18_4_1_DSP48_0_U/p_reg_reg/C[47:0] is not pipelined. Pipelining DSP48 input will improve performance.
Related violations: <none>

DPIP-1#108 Warning
Input pipelining  
DSP PROCC/inst/mac_muladd_9s_9s_18s_18_4_1_U365/eucHW_mac_muladd_9s_9s_18s_18_4_1_DSP48_0_U/p_reg_reg input PROCC/inst/mac_muladd_9s_9s_18s_18_4_1_U365/eucHW_mac_muladd_9s_9s_18s_18_4_1_DSP48_0_U/p_reg_reg/C[47:0] is not pipelined. Pipelining DSP48 input will improve performance.
Related violations: <none>

DPIP-1#109 Warning
Input pipelining  
DSP PROCC/inst/mac_muladd_9s_9s_18s_18_4_1_U366/eucHW_mac_muladd_9s_9s_18s_18_4_1_DSP48_0_U/p_reg_reg input PROCC/inst/mac_muladd_9s_9s_18s_18_4_1_U366/eucHW_mac_muladd_9s_9s_18s_18_4_1_DSP48_0_U/p_reg_reg/C[47:0] is not pipelined. Pipelining DSP48 input will improve performance.
Related violations: <none>

DPIP-1#110 Warning
Input pipelining  
DSP PROCC/inst/mac_muladd_9s_9s_18s_18_4_1_U367/eucHW_mac_muladd_9s_9s_18s_18_4_1_DSP48_0_U/p_reg_reg input PROCC/inst/mac_muladd_9s_9s_18s_18_4_1_U367/eucHW_mac_muladd_9s_9s_18s_18_4_1_DSP48_0_U/p_reg_reg/C[47:0] is not pipelined. Pipelining DSP48 input will improve performance.
Related violations: <none>

DPIP-1#111 Warning
Input pipelining  
DSP PROCC/inst/mac_muladd_9s_9s_18s_18_4_1_U368/eucHW_mac_muladd_9s_9s_18s_18_4_1_DSP48_0_U/p_reg_reg input PROCC/inst/mac_muladd_9s_9s_18s_18_4_1_U368/eucHW_mac_muladd_9s_9s_18s_18_4_1_DSP48_0_U/p_reg_reg/C[47:0] is not pipelined. Pipelining DSP48 input will improve performance.
Related violations: <none>

DPIP-1#112 Warning
Input pipelining  
DSP PROCC/inst/mac_muladd_9s_9s_18s_18_4_1_U369/eucHW_mac_muladd_9s_9s_18s_18_4_1_DSP48_0_U/p_reg_reg input PROCC/inst/mac_muladd_9s_9s_18s_18_4_1_U369/eucHW_mac_muladd_9s_9s_18s_18_4_1_DSP48_0_U/p_reg_reg/C[47:0] is not pipelined. Pipelining DSP48 input will improve performance.
Related violations: <none>

DPIP-1#113 Warning
Input pipelining  
DSP PROCC/inst/mac_muladd_9s_9s_18s_18_4_1_U370/eucHW_mac_muladd_9s_9s_18s_18_4_1_DSP48_0_U/p_reg_reg input PROCC/inst/mac_muladd_9s_9s_18s_18_4_1_U370/eucHW_mac_muladd_9s_9s_18s_18_4_1_DSP48_0_U/p_reg_reg/C[47:0] is not pipelined. Pipelining DSP48 input will improve performance.
Related violations: <none>

DPIP-1#114 Warning
Input pipelining  
DSP PROCC/inst/mac_muladd_9s_9s_18s_18_4_1_U371/eucHW_mac_muladd_9s_9s_18s_18_4_1_DSP48_0_U/p_reg_reg input PROCC/inst/mac_muladd_9s_9s_18s_18_4_1_U371/eucHW_mac_muladd_9s_9s_18s_18_4_1_DSP48_0_U/p_reg_reg/C[47:0] is not pipelined. Pipelining DSP48 input will improve performance.
Related violations: <none>

DPIP-1#115 Warning
Input pipelining  
DSP PROCC/inst/mac_muladd_9s_9s_18s_18_4_1_U372/eucHW_mac_muladd_9s_9s_18s_18_4_1_DSP48_0_U/p_reg_reg input PROCC/inst/mac_muladd_9s_9s_18s_18_4_1_U372/eucHW_mac_muladd_9s_9s_18s_18_4_1_DSP48_0_U/p_reg_reg/C[47:0] is not pipelined. Pipelining DSP48 input will improve performance.
Related violations: <none>

DPIP-1#116 Warning
Input pipelining  
DSP PROCC/inst/mac_muladd_9s_9s_18s_18_4_1_U373/eucHW_mac_muladd_9s_9s_18s_18_4_1_DSP48_0_U/p_reg_reg input PROCC/inst/mac_muladd_9s_9s_18s_18_4_1_U373/eucHW_mac_muladd_9s_9s_18s_18_4_1_DSP48_0_U/p_reg_reg/C[47:0] is not pipelined. Pipelining DSP48 input will improve performance.
Related violations: <none>

DPIP-1#117 Warning
Input pipelining  
DSP PROCC/inst/mac_muladd_9s_9s_18s_18_4_1_U374/eucHW_mac_muladd_9s_9s_18s_18_4_1_DSP48_0_U/p_reg_reg input PROCC/inst/mac_muladd_9s_9s_18s_18_4_1_U374/eucHW_mac_muladd_9s_9s_18s_18_4_1_DSP48_0_U/p_reg_reg/C[47:0] is not pipelined. Pipelining DSP48 input will improve performance.
Related violations: <none>

DPIP-1#118 Warning
Input pipelining  
DSP PROCC/inst/mac_muladd_9s_9s_18s_18_4_1_U375/eucHW_mac_muladd_9s_9s_18s_18_4_1_DSP48_0_U/p_reg_reg input PROCC/inst/mac_muladd_9s_9s_18s_18_4_1_U375/eucHW_mac_muladd_9s_9s_18s_18_4_1_DSP48_0_U/p_reg_reg/C[47:0] is not pipelined. Pipelining DSP48 input will improve performance.
Related violations: <none>

DPIP-1#119 Warning
Input pipelining  
DSP PROCC/inst/mac_muladd_9s_9s_18s_18_4_1_U376/eucHW_mac_muladd_9s_9s_18s_18_4_1_DSP48_0_U/p_reg_reg input PROCC/inst/mac_muladd_9s_9s_18s_18_4_1_U376/eucHW_mac_muladd_9s_9s_18s_18_4_1_DSP48_0_U/p_reg_reg/C[47:0] is not pipelined. Pipelining DSP48 input will improve performance.
Related violations: <none>

DPIP-1#120 Warning
Input pipelining  
DSP PROCC/inst/mac_muladd_9s_9s_18s_18_4_1_U377/eucHW_mac_muladd_9s_9s_18s_18_4_1_DSP48_0_U/p_reg_reg input PROCC/inst/mac_muladd_9s_9s_18s_18_4_1_U377/eucHW_mac_muladd_9s_9s_18s_18_4_1_DSP48_0_U/p_reg_reg/C[47:0] is not pipelined. Pipelining DSP48 input will improve performance.
Related violations: <none>

DPIP-1#121 Warning
Input pipelining  
DSP PROCC/inst/mac_muladd_9s_9s_18s_18_4_1_U378/eucHW_mac_muladd_9s_9s_18s_18_4_1_DSP48_0_U/p_reg_reg input PROCC/inst/mac_muladd_9s_9s_18s_18_4_1_U378/eucHW_mac_muladd_9s_9s_18s_18_4_1_DSP48_0_U/p_reg_reg/C[47:0] is not pipelined. Pipelining DSP48 input will improve performance.
Related violations: <none>

DPIP-1#122 Warning
Input pipelining  
DSP PROCC/inst/mac_muladd_9s_9s_18s_18_4_1_U379/eucHW_mac_muladd_9s_9s_18s_18_4_1_DSP48_0_U/p_reg_reg input PROCC/inst/mac_muladd_9s_9s_18s_18_4_1_U379/eucHW_mac_muladd_9s_9s_18s_18_4_1_DSP48_0_U/p_reg_reg/C[47:0] is not pipelined. Pipelining DSP48 input will improve performance.
Related violations: <none>

DPIP-1#123 Warning
Input pipelining  
DSP PROCC/inst/mac_muladd_9s_9s_18s_18_4_1_U380/eucHW_mac_muladd_9s_9s_18s_18_4_1_DSP48_0_U/p_reg_reg input PROCC/inst/mac_muladd_9s_9s_18s_18_4_1_U380/eucHW_mac_muladd_9s_9s_18s_18_4_1_DSP48_0_U/p_reg_reg/C[47:0] is not pipelined. Pipelining DSP48 input will improve performance.
Related violations: <none>

DPIP-1#124 Warning
Input pipelining  
DSP PROCC/inst/mac_muladd_9s_9s_18s_18_4_1_U381/eucHW_mac_muladd_9s_9s_18s_18_4_1_DSP48_0_U/p_reg_reg input PROCC/inst/mac_muladd_9s_9s_18s_18_4_1_U381/eucHW_mac_muladd_9s_9s_18s_18_4_1_DSP48_0_U/p_reg_reg/C[47:0] is not pipelined. Pipelining DSP48 input will improve performance.
Related violations: <none>

DPIP-1#125 Warning
Input pipelining  
DSP PROCC/inst/mac_muladd_9s_9s_18s_18_4_1_U382/eucHW_mac_muladd_9s_9s_18s_18_4_1_DSP48_0_U/p_reg_reg input PROCC/inst/mac_muladd_9s_9s_18s_18_4_1_U382/eucHW_mac_muladd_9s_9s_18s_18_4_1_DSP48_0_U/p_reg_reg/C[47:0] is not pipelined. Pipelining DSP48 input will improve performance.
Related violations: <none>

DPIP-1#126 Warning
Input pipelining  
DSP PROCC/inst/mac_muladd_9s_9s_18s_18_4_1_U383/eucHW_mac_muladd_9s_9s_18s_18_4_1_DSP48_0_U/p_reg_reg input PROCC/inst/mac_muladd_9s_9s_18s_18_4_1_U383/eucHW_mac_muladd_9s_9s_18s_18_4_1_DSP48_0_U/p_reg_reg/C[47:0] is not pipelined. Pipelining DSP48 input will improve performance.
Related violations: <none>

DPIP-1#127 Warning
Input pipelining  
DSP PROCC/inst/mac_muladd_9s_9s_18s_18_4_1_U384/eucHW_mac_muladd_9s_9s_18s_18_4_1_DSP48_0_U/p_reg_reg input PROCC/inst/mac_muladd_9s_9s_18s_18_4_1_U384/eucHW_mac_muladd_9s_9s_18s_18_4_1_DSP48_0_U/p_reg_reg/C[47:0] is not pipelined. Pipelining DSP48 input will improve performance.
Related violations: <none>

DPIP-1#128 Warning
Input pipelining  
DSP PROCC/inst/mac_muladd_9s_9s_18s_18_4_1_U385/eucHW_mac_muladd_9s_9s_18s_18_4_1_DSP48_0_U/p_reg_reg input PROCC/inst/mac_muladd_9s_9s_18s_18_4_1_U385/eucHW_mac_muladd_9s_9s_18s_18_4_1_DSP48_0_U/p_reg_reg/C[47:0] is not pipelined. Pipelining DSP48 input will improve performance.
Related violations: <none>

DPIP-1#129 Warning
Input pipelining  
DSP PROCC/inst/mac_muladd_9s_9s_18s_18_4_1_U386/eucHW_mac_muladd_9s_9s_18s_18_4_1_DSP48_0_U/p_reg_reg input PROCC/inst/mac_muladd_9s_9s_18s_18_4_1_U386/eucHW_mac_muladd_9s_9s_18s_18_4_1_DSP48_0_U/p_reg_reg/C[47:0] is not pipelined. Pipelining DSP48 input will improve performance.
Related violations: <none>

DPIP-1#130 Warning
Input pipelining  
DSP PROCC/inst/mac_muladd_9s_9s_18s_18_4_1_U387/eucHW_mac_muladd_9s_9s_18s_18_4_1_DSP48_0_U/p_reg_reg input PROCC/inst/mac_muladd_9s_9s_18s_18_4_1_U387/eucHW_mac_muladd_9s_9s_18s_18_4_1_DSP48_0_U/p_reg_reg/C[47:0] is not pipelined. Pipelining DSP48 input will improve performance.
Related violations: <none>

DPIP-1#131 Warning
Input pipelining  
DSP PROCC/inst/mac_muladd_9s_9s_18s_18_4_1_U388/eucHW_mac_muladd_9s_9s_18s_18_4_1_DSP48_0_U/p_reg_reg input PROCC/inst/mac_muladd_9s_9s_18s_18_4_1_U388/eucHW_mac_muladd_9s_9s_18s_18_4_1_DSP48_0_U/p_reg_reg/C[47:0] is not pipelined. Pipelining DSP48 input will improve performance.
Related violations: <none>

DPIP-1#132 Warning
Input pipelining  
DSP PROCC/inst/mac_muladd_9s_9s_18s_18_4_1_U389/eucHW_mac_muladd_9s_9s_18s_18_4_1_DSP48_0_U/p_reg_reg input PROCC/inst/mac_muladd_9s_9s_18s_18_4_1_U389/eucHW_mac_muladd_9s_9s_18s_18_4_1_DSP48_0_U/p_reg_reg/C[47:0] is not pipelined. Pipelining DSP48 input will improve performance.
Related violations: <none>

DPIP-1#133 Warning
Input pipelining  
DSP PROCC/inst/mac_muladd_9s_9s_18s_18_4_1_U390/eucHW_mac_muladd_9s_9s_18s_18_4_1_DSP48_0_U/p_reg_reg input PROCC/inst/mac_muladd_9s_9s_18s_18_4_1_U390/eucHW_mac_muladd_9s_9s_18s_18_4_1_DSP48_0_U/p_reg_reg/C[47:0] is not pipelined. Pipelining DSP48 input will improve performance.
Related violations: <none>

DPIP-1#134 Warning
Input pipelining  
DSP PROCC/inst/mac_muladd_9s_9s_18s_18_4_1_U391/eucHW_mac_muladd_9s_9s_18s_18_4_1_DSP48_0_U/p_reg_reg input PROCC/inst/mac_muladd_9s_9s_18s_18_4_1_U391/eucHW_mac_muladd_9s_9s_18s_18_4_1_DSP48_0_U/p_reg_reg/C[47:0] is not pipelined. Pipelining DSP48 input will improve performance.
Related violations: <none>

DPIP-1#135 Warning
Input pipelining  
DSP PROCC/inst/mac_muladd_9s_9s_18s_18_4_1_U392/eucHW_mac_muladd_9s_9s_18s_18_4_1_DSP48_0_U/p_reg_reg input PROCC/inst/mac_muladd_9s_9s_18s_18_4_1_U392/eucHW_mac_muladd_9s_9s_18s_18_4_1_DSP48_0_U/p_reg_reg/C[47:0] is not pipelined. Pipelining DSP48 input will improve performance.
Related violations: <none>

DPIP-1#136 Warning
Input pipelining  
DSP PROCC/inst/mac_muladd_9s_9s_18s_18_4_1_U393/eucHW_mac_muladd_9s_9s_18s_18_4_1_DSP48_0_U/p_reg_reg input PROCC/inst/mac_muladd_9s_9s_18s_18_4_1_U393/eucHW_mac_muladd_9s_9s_18s_18_4_1_DSP48_0_U/p_reg_reg/C[47:0] is not pipelined. Pipelining DSP48 input will improve performance.
Related violations: <none>

DPIP-1#137 Warning
Input pipelining  
DSP PROCC/inst/mac_muladd_9s_9s_18s_18_4_1_U394/eucHW_mac_muladd_9s_9s_18s_18_4_1_DSP48_0_U/p_reg_reg input PROCC/inst/mac_muladd_9s_9s_18s_18_4_1_U394/eucHW_mac_muladd_9s_9s_18s_18_4_1_DSP48_0_U/p_reg_reg/C[47:0] is not pipelined. Pipelining DSP48 input will improve performance.
Related violations: <none>

DPIP-1#138 Warning
Input pipelining  
DSP PROCC/inst/mac_muladd_9s_9s_18s_18_4_1_U395/eucHW_mac_muladd_9s_9s_18s_18_4_1_DSP48_0_U/p_reg_reg input PROCC/inst/mac_muladd_9s_9s_18s_18_4_1_U395/eucHW_mac_muladd_9s_9s_18s_18_4_1_DSP48_0_U/p_reg_reg/C[47:0] is not pipelined. Pipelining DSP48 input will improve performance.
Related violations: <none>

DPIP-1#139 Warning
Input pipelining  
DSP PROCC/inst/mac_muladd_9s_9s_18s_18_4_1_U396/eucHW_mac_muladd_9s_9s_18s_18_4_1_DSP48_0_U/p_reg_reg input PROCC/inst/mac_muladd_9s_9s_18s_18_4_1_U396/eucHW_mac_muladd_9s_9s_18s_18_4_1_DSP48_0_U/p_reg_reg/C[47:0] is not pipelined. Pipelining DSP48 input will improve performance.
Related violations: <none>

DPIP-1#140 Warning
Input pipelining  
DSP PROCC/inst/mac_muladd_9s_9s_18s_18_4_1_U397/eucHW_mac_muladd_9s_9s_18s_18_4_1_DSP48_0_U/p_reg_reg input PROCC/inst/mac_muladd_9s_9s_18s_18_4_1_U397/eucHW_mac_muladd_9s_9s_18s_18_4_1_DSP48_0_U/p_reg_reg/C[47:0] is not pipelined. Pipelining DSP48 input will improve performance.
Related violations: <none>

DPIP-1#141 Warning
Input pipelining  
DSP PROCC/inst/mac_muladd_9s_9s_18s_18_4_1_U398/eucHW_mac_muladd_9s_9s_18s_18_4_1_DSP48_0_U/p_reg_reg input PROCC/inst/mac_muladd_9s_9s_18s_18_4_1_U398/eucHW_mac_muladd_9s_9s_18s_18_4_1_DSP48_0_U/p_reg_reg/C[47:0] is not pipelined. Pipelining DSP48 input will improve performance.
Related violations: <none>

DPIP-1#142 Warning
Input pipelining  
DSP PROCC/inst/mac_muladd_9s_9s_18s_18_4_1_U399/eucHW_mac_muladd_9s_9s_18s_18_4_1_DSP48_0_U/p_reg_reg input PROCC/inst/mac_muladd_9s_9s_18s_18_4_1_U399/eucHW_mac_muladd_9s_9s_18s_18_4_1_DSP48_0_U/p_reg_reg/C[47:0] is not pipelined. Pipelining DSP48 input will improve performance.
Related violations: <none>

DPIP-1#143 Warning
Input pipelining  
DSP PROCC/inst/mac_muladd_9s_9s_18s_18_4_1_U400/eucHW_mac_muladd_9s_9s_18s_18_4_1_DSP48_0_U/p_reg_reg input PROCC/inst/mac_muladd_9s_9s_18s_18_4_1_U400/eucHW_mac_muladd_9s_9s_18s_18_4_1_DSP48_0_U/p_reg_reg/C[47:0] is not pipelined. Pipelining DSP48 input will improve performance.
Related violations: <none>

DPIP-1#144 Warning
Input pipelining  
DSP PROCC/inst/mac_muladd_9s_9s_18s_18_4_1_U401/eucHW_mac_muladd_9s_9s_18s_18_4_1_DSP48_0_U/p_reg_reg input PROCC/inst/mac_muladd_9s_9s_18s_18_4_1_U401/eucHW_mac_muladd_9s_9s_18s_18_4_1_DSP48_0_U/p_reg_reg/C[47:0] is not pipelined. Pipelining DSP48 input will improve performance.
Related violations: <none>

DPIP-1#145 Warning
Input pipelining  
DSP PROCC/inst/mac_muladd_9s_9s_18s_18_4_1_U402/eucHW_mac_muladd_9s_9s_18s_18_4_1_DSP48_0_U/p_reg_reg input PROCC/inst/mac_muladd_9s_9s_18s_18_4_1_U402/eucHW_mac_muladd_9s_9s_18s_18_4_1_DSP48_0_U/p_reg_reg/C[47:0] is not pipelined. Pipelining DSP48 input will improve performance.
Related violations: <none>

DPIP-1#146 Warning
Input pipelining  
DSP PROCC/inst/mac_muladd_9s_9s_18s_18_4_1_U403/eucHW_mac_muladd_9s_9s_18s_18_4_1_DSP48_0_U/p_reg_reg input PROCC/inst/mac_muladd_9s_9s_18s_18_4_1_U403/eucHW_mac_muladd_9s_9s_18s_18_4_1_DSP48_0_U/p_reg_reg/C[47:0] is not pipelined. Pipelining DSP48 input will improve performance.
Related violations: <none>

DPIP-1#147 Warning
Input pipelining  
DSP PROCC/inst/mac_muladd_9s_9s_18s_18_4_1_U404/eucHW_mac_muladd_9s_9s_18s_18_4_1_DSP48_0_U/p_reg_reg input PROCC/inst/mac_muladd_9s_9s_18s_18_4_1_U404/eucHW_mac_muladd_9s_9s_18s_18_4_1_DSP48_0_U/p_reg_reg/C[47:0] is not pipelined. Pipelining DSP48 input will improve performance.
Related violations: <none>

DPIP-1#148 Warning
Input pipelining  
DSP PROCC/inst/mac_muladd_9s_9s_18s_18_4_1_U405/eucHW_mac_muladd_9s_9s_18s_18_4_1_DSP48_0_U/p_reg_reg input PROCC/inst/mac_muladd_9s_9s_18s_18_4_1_U405/eucHW_mac_muladd_9s_9s_18s_18_4_1_DSP48_0_U/p_reg_reg/C[47:0] is not pipelined. Pipelining DSP48 input will improve performance.
Related violations: <none>

DPIP-1#149 Warning
Input pipelining  
DSP PROCC/inst/mac_muladd_9s_9s_18s_18_4_1_U406/eucHW_mac_muladd_9s_9s_18s_18_4_1_DSP48_0_U/p_reg_reg input PROCC/inst/mac_muladd_9s_9s_18s_18_4_1_U406/eucHW_mac_muladd_9s_9s_18s_18_4_1_DSP48_0_U/p_reg_reg/C[47:0] is not pipelined. Pipelining DSP48 input will improve performance.
Related violations: <none>

DPIP-1#150 Warning
Input pipelining  
DSP PROCC/inst/mac_muladd_9s_9s_18s_18_4_1_U407/eucHW_mac_muladd_9s_9s_18s_18_4_1_DSP48_0_U/p_reg_reg input PROCC/inst/mac_muladd_9s_9s_18s_18_4_1_U407/eucHW_mac_muladd_9s_9s_18s_18_4_1_DSP48_0_U/p_reg_reg/C[47:0] is not pipelined. Pipelining DSP48 input will improve performance.
Related violations: <none>

DPIP-1#151 Warning
Input pipelining  
DSP PROCC/inst/mac_muladd_9s_9s_18s_18_4_1_U408/eucHW_mac_muladd_9s_9s_18s_18_4_1_DSP48_0_U/p_reg_reg input PROCC/inst/mac_muladd_9s_9s_18s_18_4_1_U408/eucHW_mac_muladd_9s_9s_18s_18_4_1_DSP48_0_U/p_reg_reg/C[47:0] is not pipelined. Pipelining DSP48 input will improve performance.
Related violations: <none>

DPIP-1#152 Warning
Input pipelining  
DSP PROCC/inst/mac_muladd_9s_9s_18s_18_4_1_U409/eucHW_mac_muladd_9s_9s_18s_18_4_1_DSP48_0_U/p_reg_reg input PROCC/inst/mac_muladd_9s_9s_18s_18_4_1_U409/eucHW_mac_muladd_9s_9s_18s_18_4_1_DSP48_0_U/p_reg_reg/C[47:0] is not pipelined. Pipelining DSP48 input will improve performance.
Related violations: <none>

DPIP-1#153 Warning
Input pipelining  
DSP PROCC/inst/mac_muladd_9s_9s_18s_18_4_1_U410/eucHW_mac_muladd_9s_9s_18s_18_4_1_DSP48_0_U/p_reg_reg input PROCC/inst/mac_muladd_9s_9s_18s_18_4_1_U410/eucHW_mac_muladd_9s_9s_18s_18_4_1_DSP48_0_U/p_reg_reg/C[47:0] is not pipelined. Pipelining DSP48 input will improve performance.
Related violations: <none>

DPIP-1#154 Warning
Input pipelining  
DSP PROCC/inst/mac_muladd_9s_9s_18s_18_4_1_U411/eucHW_mac_muladd_9s_9s_18s_18_4_1_DSP48_0_U/p_reg_reg input PROCC/inst/mac_muladd_9s_9s_18s_18_4_1_U411/eucHW_mac_muladd_9s_9s_18s_18_4_1_DSP48_0_U/p_reg_reg/C[47:0] is not pipelined. Pipelining DSP48 input will improve performance.
Related violations: <none>

DPIP-1#155 Warning
Input pipelining  
DSP PROCC/inst/mac_muladd_9s_9s_18s_18_4_1_U412/eucHW_mac_muladd_9s_9s_18s_18_4_1_DSP48_0_U/p_reg_reg input PROCC/inst/mac_muladd_9s_9s_18s_18_4_1_U412/eucHW_mac_muladd_9s_9s_18s_18_4_1_DSP48_0_U/p_reg_reg/C[47:0] is not pipelined. Pipelining DSP48 input will improve performance.
Related violations: <none>

DPIP-1#156 Warning
Input pipelining  
DSP PROCC/inst/mac_muladd_9s_9s_18s_18_4_1_U413/eucHW_mac_muladd_9s_9s_18s_18_4_1_DSP48_0_U/p_reg_reg input PROCC/inst/mac_muladd_9s_9s_18s_18_4_1_U413/eucHW_mac_muladd_9s_9s_18s_18_4_1_DSP48_0_U/p_reg_reg/C[47:0] is not pipelined. Pipelining DSP48 input will improve performance.
Related violations: <none>

DPIP-1#157 Warning
Input pipelining  
DSP PROCC/inst/mac_muladd_9s_9s_18s_18_4_1_U414/eucHW_mac_muladd_9s_9s_18s_18_4_1_DSP48_0_U/p_reg_reg input PROCC/inst/mac_muladd_9s_9s_18s_18_4_1_U414/eucHW_mac_muladd_9s_9s_18s_18_4_1_DSP48_0_U/p_reg_reg/C[47:0] is not pipelined. Pipelining DSP48 input will improve performance.
Related violations: <none>

DPIP-1#158 Warning
Input pipelining  
DSP PROCC/inst/mac_muladd_9s_9s_18s_18_4_1_U415/eucHW_mac_muladd_9s_9s_18s_18_4_1_DSP48_0_U/p_reg_reg input PROCC/inst/mac_muladd_9s_9s_18s_18_4_1_U415/eucHW_mac_muladd_9s_9s_18s_18_4_1_DSP48_0_U/p_reg_reg/C[47:0] is not pipelined. Pipelining DSP48 input will improve performance.
Related violations: <none>

DPIP-1#159 Warning
Input pipelining  
DSP PROCC/inst/mac_muladd_9s_9s_18s_18_4_1_U416/eucHW_mac_muladd_9s_9s_18s_18_4_1_DSP48_0_U/p_reg_reg input PROCC/inst/mac_muladd_9s_9s_18s_18_4_1_U416/eucHW_mac_muladd_9s_9s_18s_18_4_1_DSP48_0_U/p_reg_reg/C[47:0] is not pipelined. Pipelining DSP48 input will improve performance.
Related violations: <none>

DPIP-1#160 Warning
Input pipelining  
DSP PROCC/inst/mac_muladd_9s_9s_18s_18_4_1_U417/eucHW_mac_muladd_9s_9s_18s_18_4_1_DSP48_0_U/p_reg_reg input PROCC/inst/mac_muladd_9s_9s_18s_18_4_1_U417/eucHW_mac_muladd_9s_9s_18s_18_4_1_DSP48_0_U/p_reg_reg/C[47:0] is not pipelined. Pipelining DSP48 input will improve performance.
Related violations: <none>

DPIP-1#161 Warning
Input pipelining  
DSP PROCC/inst/mac_muladd_9s_9s_18s_18_4_1_U418/eucHW_mac_muladd_9s_9s_18s_18_4_1_DSP48_0_U/p_reg_reg input PROCC/inst/mac_muladd_9s_9s_18s_18_4_1_U418/eucHW_mac_muladd_9s_9s_18s_18_4_1_DSP48_0_U/p_reg_reg/C[47:0] is not pipelined. Pipelining DSP48 input will improve performance.
Related violations: <none>

DPIP-1#162 Warning
Input pipelining  
DSP PROCC/inst/mac_muladd_9s_9s_18s_18_4_1_U419/eucHW_mac_muladd_9s_9s_18s_18_4_1_DSP48_0_U/p_reg_reg input PROCC/inst/mac_muladd_9s_9s_18s_18_4_1_U419/eucHW_mac_muladd_9s_9s_18s_18_4_1_DSP48_0_U/p_reg_reg/C[47:0] is not pipelined. Pipelining DSP48 input will improve performance.
Related violations: <none>

DPIP-1#163 Warning
Input pipelining  
DSP PROCC/inst/mac_muladd_9s_9s_18s_18_4_1_U420/eucHW_mac_muladd_9s_9s_18s_18_4_1_DSP48_0_U/p_reg_reg input PROCC/inst/mac_muladd_9s_9s_18s_18_4_1_U420/eucHW_mac_muladd_9s_9s_18s_18_4_1_DSP48_0_U/p_reg_reg/C[47:0] is not pipelined. Pipelining DSP48 input will improve performance.
Related violations: <none>

DPIP-1#164 Warning
Input pipelining  
DSP PROCC/inst/mac_muladd_9s_9s_18s_18_4_1_U421/eucHW_mac_muladd_9s_9s_18s_18_4_1_DSP48_0_U/p_reg_reg input PROCC/inst/mac_muladd_9s_9s_18s_18_4_1_U421/eucHW_mac_muladd_9s_9s_18s_18_4_1_DSP48_0_U/p_reg_reg/C[47:0] is not pipelined. Pipelining DSP48 input will improve performance.
Related violations: <none>

DPIP-1#165 Warning
Input pipelining  
DSP PROCC/inst/mac_muladd_9s_9s_18s_18_4_1_U422/eucHW_mac_muladd_9s_9s_18s_18_4_1_DSP48_0_U/p_reg_reg input PROCC/inst/mac_muladd_9s_9s_18s_18_4_1_U422/eucHW_mac_muladd_9s_9s_18s_18_4_1_DSP48_0_U/p_reg_reg/C[47:0] is not pipelined. Pipelining DSP48 input will improve performance.
Related violations: <none>

DPIP-1#166 Warning
Input pipelining  
DSP PROCC/inst/mac_muladd_9s_9s_18s_18_4_1_U423/eucHW_mac_muladd_9s_9s_18s_18_4_1_DSP48_0_U/p_reg_reg input PROCC/inst/mac_muladd_9s_9s_18s_18_4_1_U423/eucHW_mac_muladd_9s_9s_18s_18_4_1_DSP48_0_U/p_reg_reg/C[47:0] is not pipelined. Pipelining DSP48 input will improve performance.
Related violations: <none>

DPIP-1#167 Warning
Input pipelining  
DSP PROCC/inst/mac_muladd_9s_9s_18s_18_4_1_U424/eucHW_mac_muladd_9s_9s_18s_18_4_1_DSP48_0_U/p_reg_reg input PROCC/inst/mac_muladd_9s_9s_18s_18_4_1_U424/eucHW_mac_muladd_9s_9s_18s_18_4_1_DSP48_0_U/p_reg_reg/C[47:0] is not pipelined. Pipelining DSP48 input will improve performance.
Related violations: <none>

DPIP-1#168 Warning
Input pipelining  
DSP PROCC/inst/mac_muladd_9s_9s_18s_18_4_1_U425/eucHW_mac_muladd_9s_9s_18s_18_4_1_DSP48_0_U/p_reg_reg input PROCC/inst/mac_muladd_9s_9s_18s_18_4_1_U425/eucHW_mac_muladd_9s_9s_18s_18_4_1_DSP48_0_U/p_reg_reg/C[47:0] is not pipelined. Pipelining DSP48 input will improve performance.
Related violations: <none>

DPIP-1#169 Warning
Input pipelining  
DSP PROCC/inst/mac_muladd_9s_9s_18s_18_4_1_U426/eucHW_mac_muladd_9s_9s_18s_18_4_1_DSP48_0_U/p_reg_reg input PROCC/inst/mac_muladd_9s_9s_18s_18_4_1_U426/eucHW_mac_muladd_9s_9s_18s_18_4_1_DSP48_0_U/p_reg_reg/C[47:0] is not pipelined. Pipelining DSP48 input will improve performance.
Related violations: <none>

DPIP-1#170 Warning
Input pipelining  
DSP PROCC/inst/mac_muladd_9s_9s_18s_18_4_1_U427/eucHW_mac_muladd_9s_9s_18s_18_4_1_DSP48_0_U/p_reg_reg input PROCC/inst/mac_muladd_9s_9s_18s_18_4_1_U427/eucHW_mac_muladd_9s_9s_18s_18_4_1_DSP48_0_U/p_reg_reg/C[47:0] is not pipelined. Pipelining DSP48 input will improve performance.
Related violations: <none>

DPIP-1#171 Warning
Input pipelining  
DSP PROCC/inst/mac_muladd_9s_9s_18s_18_4_1_U428/eucHW_mac_muladd_9s_9s_18s_18_4_1_DSP48_0_U/p_reg_reg input PROCC/inst/mac_muladd_9s_9s_18s_18_4_1_U428/eucHW_mac_muladd_9s_9s_18s_18_4_1_DSP48_0_U/p_reg_reg/C[47:0] is not pipelined. Pipelining DSP48 input will improve performance.
Related violations: <none>

DPIP-1#172 Warning
Input pipelining  
DSP PROCC/inst/mac_muladd_9s_9s_18s_18_4_1_U429/eucHW_mac_muladd_9s_9s_18s_18_4_1_DSP48_0_U/p_reg_reg input PROCC/inst/mac_muladd_9s_9s_18s_18_4_1_U429/eucHW_mac_muladd_9s_9s_18s_18_4_1_DSP48_0_U/p_reg_reg/C[47:0] is not pipelined. Pipelining DSP48 input will improve performance.
Related violations: <none>

DPIP-1#173 Warning
Input pipelining  
DSP PROCC/inst/mac_muladd_9s_9s_18s_18_4_1_U430/eucHW_mac_muladd_9s_9s_18s_18_4_1_DSP48_0_U/p_reg_reg input PROCC/inst/mac_muladd_9s_9s_18s_18_4_1_U430/eucHW_mac_muladd_9s_9s_18s_18_4_1_DSP48_0_U/p_reg_reg/C[47:0] is not pipelined. Pipelining DSP48 input will improve performance.
Related violations: <none>

DPIP-1#174 Warning
Input pipelining  
DSP PROCC/inst/mac_muladd_9s_9s_18s_18_4_1_U431/eucHW_mac_muladd_9s_9s_18s_18_4_1_DSP48_0_U/p_reg_reg input PROCC/inst/mac_muladd_9s_9s_18s_18_4_1_U431/eucHW_mac_muladd_9s_9s_18s_18_4_1_DSP48_0_U/p_reg_reg/C[47:0] is not pipelined. Pipelining DSP48 input will improve performance.
Related violations: <none>

DPIP-1#175 Warning
Input pipelining  
DSP PROCC/inst/mac_muladd_9s_9s_18s_18_4_1_U432/eucHW_mac_muladd_9s_9s_18s_18_4_1_DSP48_0_U/p_reg_reg input PROCC/inst/mac_muladd_9s_9s_18s_18_4_1_U432/eucHW_mac_muladd_9s_9s_18s_18_4_1_DSP48_0_U/p_reg_reg/C[47:0] is not pipelined. Pipelining DSP48 input will improve performance.
Related violations: <none>

DPIP-1#176 Warning
Input pipelining  
DSP PROCC/inst/mac_muladd_9s_9s_18s_18_4_1_U433/eucHW_mac_muladd_9s_9s_18s_18_4_1_DSP48_0_U/p_reg_reg input PROCC/inst/mac_muladd_9s_9s_18s_18_4_1_U433/eucHW_mac_muladd_9s_9s_18s_18_4_1_DSP48_0_U/p_reg_reg/C[47:0] is not pipelined. Pipelining DSP48 input will improve performance.
Related violations: <none>

DPIP-1#177 Warning
Input pipelining  
DSP PROCC/inst/mac_muladd_9s_9s_18s_18_4_1_U434/eucHW_mac_muladd_9s_9s_18s_18_4_1_DSP48_0_U/p_reg_reg input PROCC/inst/mac_muladd_9s_9s_18s_18_4_1_U434/eucHW_mac_muladd_9s_9s_18s_18_4_1_DSP48_0_U/p_reg_reg/C[47:0] is not pipelined. Pipelining DSP48 input will improve performance.
Related violations: <none>

DPIP-1#178 Warning
Input pipelining  
DSP PROCC/inst/mac_muladd_9s_9s_18s_18_4_1_U435/eucHW_mac_muladd_9s_9s_18s_18_4_1_DSP48_0_U/p_reg_reg input PROCC/inst/mac_muladd_9s_9s_18s_18_4_1_U435/eucHW_mac_muladd_9s_9s_18s_18_4_1_DSP48_0_U/p_reg_reg/C[47:0] is not pipelined. Pipelining DSP48 input will improve performance.
Related violations: <none>

DPIP-1#179 Warning
Input pipelining  
DSP PROCC/inst/mac_muladd_9s_9s_18s_18_4_1_U436/eucHW_mac_muladd_9s_9s_18s_18_4_1_DSP48_0_U/p_reg_reg input PROCC/inst/mac_muladd_9s_9s_18s_18_4_1_U436/eucHW_mac_muladd_9s_9s_18s_18_4_1_DSP48_0_U/p_reg_reg/C[47:0] is not pipelined. Pipelining DSP48 input will improve performance.
Related violations: <none>

DPIP-1#180 Warning
Input pipelining  
DSP PROCC/inst/mac_muladd_9s_9s_18s_18_4_1_U437/eucHW_mac_muladd_9s_9s_18s_18_4_1_DSP48_0_U/p_reg_reg input PROCC/inst/mac_muladd_9s_9s_18s_18_4_1_U437/eucHW_mac_muladd_9s_9s_18s_18_4_1_DSP48_0_U/p_reg_reg/C[47:0] is not pipelined. Pipelining DSP48 input will improve performance.
Related violations: <none>

DPIP-1#181 Warning
Input pipelining  
DSP PROCC/inst/mac_muladd_9s_9s_18s_18_4_1_U438/eucHW_mac_muladd_9s_9s_18s_18_4_1_DSP48_0_U/p_reg_reg input PROCC/inst/mac_muladd_9s_9s_18s_18_4_1_U438/eucHW_mac_muladd_9s_9s_18s_18_4_1_DSP48_0_U/p_reg_reg/C[47:0] is not pipelined. Pipelining DSP48 input will improve performance.
Related violations: <none>

DPIP-1#182 Warning
Input pipelining  
DSP PROCC/inst/mac_muladd_9s_9s_18s_18_4_1_U439/eucHW_mac_muladd_9s_9s_18s_18_4_1_DSP48_0_U/p_reg_reg input PROCC/inst/mac_muladd_9s_9s_18s_18_4_1_U439/eucHW_mac_muladd_9s_9s_18s_18_4_1_DSP48_0_U/p_reg_reg/C[47:0] is not pipelined. Pipelining DSP48 input will improve performance.
Related violations: <none>

DPIP-1#183 Warning
Input pipelining  
DSP PROCC/inst/mac_muladd_9s_9s_18s_18_4_1_U440/eucHW_mac_muladd_9s_9s_18s_18_4_1_DSP48_0_U/p_reg_reg input PROCC/inst/mac_muladd_9s_9s_18s_18_4_1_U440/eucHW_mac_muladd_9s_9s_18s_18_4_1_DSP48_0_U/p_reg_reg/C[47:0] is not pipelined. Pipelining DSP48 input will improve performance.
Related violations: <none>

DPIP-1#184 Warning
Input pipelining  
DSP PROCC/inst/mac_muladd_9s_9s_18s_18_4_1_U441/eucHW_mac_muladd_9s_9s_18s_18_4_1_DSP48_0_U/p_reg_reg input PROCC/inst/mac_muladd_9s_9s_18s_18_4_1_U441/eucHW_mac_muladd_9s_9s_18s_18_4_1_DSP48_0_U/p_reg_reg/C[47:0] is not pipelined. Pipelining DSP48 input will improve performance.
Related violations: <none>

DPIP-1#185 Warning
Input pipelining  
DSP PROCC/inst/mac_muladd_9s_9s_18s_18_4_1_U442/eucHW_mac_muladd_9s_9s_18s_18_4_1_DSP48_0_U/p_reg_reg input PROCC/inst/mac_muladd_9s_9s_18s_18_4_1_U442/eucHW_mac_muladd_9s_9s_18s_18_4_1_DSP48_0_U/p_reg_reg/C[47:0] is not pipelined. Pipelining DSP48 input will improve performance.
Related violations: <none>

DPIP-1#186 Warning
Input pipelining  
DSP PROCC/inst/mac_muladd_9s_9s_18s_18_4_1_U443/eucHW_mac_muladd_9s_9s_18s_18_4_1_DSP48_0_U/p_reg_reg input PROCC/inst/mac_muladd_9s_9s_18s_18_4_1_U443/eucHW_mac_muladd_9s_9s_18s_18_4_1_DSP48_0_U/p_reg_reg/C[47:0] is not pipelined. Pipelining DSP48 input will improve performance.
Related violations: <none>

DPIP-1#187 Warning
Input pipelining  
DSP PROCC/inst/mac_muladd_9s_9s_18s_18_4_1_U444/eucHW_mac_muladd_9s_9s_18s_18_4_1_DSP48_0_U/p_reg_reg input PROCC/inst/mac_muladd_9s_9s_18s_18_4_1_U444/eucHW_mac_muladd_9s_9s_18s_18_4_1_DSP48_0_U/p_reg_reg/C[47:0] is not pipelined. Pipelining DSP48 input will improve performance.
Related violations: <none>

DPIP-1#188 Warning
Input pipelining  
DSP PROCC/inst/mac_muladd_9s_9s_18s_18_4_1_U445/eucHW_mac_muladd_9s_9s_18s_18_4_1_DSP48_0_U/p_reg_reg input PROCC/inst/mac_muladd_9s_9s_18s_18_4_1_U445/eucHW_mac_muladd_9s_9s_18s_18_4_1_DSP48_0_U/p_reg_reg/C[47:0] is not pipelined. Pipelining DSP48 input will improve performance.
Related violations: <none>

DPIP-1#189 Warning
Input pipelining  
DSP PROCC/inst/mac_muladd_9s_9s_18s_18_4_1_U446/eucHW_mac_muladd_9s_9s_18s_18_4_1_DSP48_0_U/p_reg_reg input PROCC/inst/mac_muladd_9s_9s_18s_18_4_1_U446/eucHW_mac_muladd_9s_9s_18s_18_4_1_DSP48_0_U/p_reg_reg/C[47:0] is not pipelined. Pipelining DSP48 input will improve performance.
Related violations: <none>

DPIP-1#190 Warning
Input pipelining  
DSP PROCC/inst/mac_muladd_9s_9s_18s_18_4_1_U447/eucHW_mac_muladd_9s_9s_18s_18_4_1_DSP48_0_U/p_reg_reg input PROCC/inst/mac_muladd_9s_9s_18s_18_4_1_U447/eucHW_mac_muladd_9s_9s_18s_18_4_1_DSP48_0_U/p_reg_reg/C[47:0] is not pipelined. Pipelining DSP48 input will improve performance.
Related violations: <none>

DPIP-1#191 Warning
Input pipelining  
DSP PROCC/inst/mac_muladd_9s_9s_18s_18_4_1_U448/eucHW_mac_muladd_9s_9s_18s_18_4_1_DSP48_0_U/p_reg_reg input PROCC/inst/mac_muladd_9s_9s_18s_18_4_1_U448/eucHW_mac_muladd_9s_9s_18s_18_4_1_DSP48_0_U/p_reg_reg/C[47:0] is not pipelined. Pipelining DSP48 input will improve performance.
Related violations: <none>

DPIP-1#192 Warning
Input pipelining  
DSP PROCC/inst/mac_muladd_9s_9s_18s_18_4_1_U449/eucHW_mac_muladd_9s_9s_18s_18_4_1_DSP48_0_U/p_reg_reg input PROCC/inst/mac_muladd_9s_9s_18s_18_4_1_U449/eucHW_mac_muladd_9s_9s_18s_18_4_1_DSP48_0_U/p_reg_reg/C[47:0] is not pipelined. Pipelining DSP48 input will improve performance.
Related violations: <none>

DPIP-1#193 Warning
Input pipelining  
DSP PROCC/inst/mac_muladd_9s_9s_18s_18_4_1_U450/eucHW_mac_muladd_9s_9s_18s_18_4_1_DSP48_0_U/p_reg_reg input PROCC/inst/mac_muladd_9s_9s_18s_18_4_1_U450/eucHW_mac_muladd_9s_9s_18s_18_4_1_DSP48_0_U/p_reg_reg/C[47:0] is not pipelined. Pipelining DSP48 input will improve performance.
Related violations: <none>

DPIP-1#194 Warning
Input pipelining  
DSP PROCC/inst/mac_muladd_9s_9s_18s_18_4_1_U451/eucHW_mac_muladd_9s_9s_18s_18_4_1_DSP48_0_U/p_reg_reg input PROCC/inst/mac_muladd_9s_9s_18s_18_4_1_U451/eucHW_mac_muladd_9s_9s_18s_18_4_1_DSP48_0_U/p_reg_reg/C[47:0] is not pipelined. Pipelining DSP48 input will improve performance.
Related violations: <none>

DPIP-1#195 Warning
Input pipelining  
DSP PROCC/inst/mac_muladd_9s_9s_18s_18_4_1_U452/eucHW_mac_muladd_9s_9s_18s_18_4_1_DSP48_0_U/p_reg_reg input PROCC/inst/mac_muladd_9s_9s_18s_18_4_1_U452/eucHW_mac_muladd_9s_9s_18s_18_4_1_DSP48_0_U/p_reg_reg/C[47:0] is not pipelined. Pipelining DSP48 input will improve performance.
Related violations: <none>

DPIP-1#196 Warning
Input pipelining  
DSP PROCC/inst/mac_muladd_9s_9s_18s_18_4_1_U453/eucHW_mac_muladd_9s_9s_18s_18_4_1_DSP48_0_U/p_reg_reg input PROCC/inst/mac_muladd_9s_9s_18s_18_4_1_U453/eucHW_mac_muladd_9s_9s_18s_18_4_1_DSP48_0_U/p_reg_reg/C[47:0] is not pipelined. Pipelining DSP48 input will improve performance.
Related violations: <none>

DPIP-1#197 Warning
Input pipelining  
DSP PROCC/inst/mac_muladd_9s_9s_18s_18_4_1_U454/eucHW_mac_muladd_9s_9s_18s_18_4_1_DSP48_0_U/p_reg_reg input PROCC/inst/mac_muladd_9s_9s_18s_18_4_1_U454/eucHW_mac_muladd_9s_9s_18s_18_4_1_DSP48_0_U/p_reg_reg/C[47:0] is not pipelined. Pipelining DSP48 input will improve performance.
Related violations: <none>

DPIP-1#198 Warning
Input pipelining  
DSP PROCC/inst/mac_muladd_9s_9s_18s_18_4_1_U455/eucHW_mac_muladd_9s_9s_18s_18_4_1_DSP48_0_U/p_reg_reg input PROCC/inst/mac_muladd_9s_9s_18s_18_4_1_U455/eucHW_mac_muladd_9s_9s_18s_18_4_1_DSP48_0_U/p_reg_reg/C[47:0] is not pipelined. Pipelining DSP48 input will improve performance.
Related violations: <none>

DPIP-1#199 Warning
Input pipelining  
DSP PROCC/inst/mac_muladd_9s_9s_18s_18_4_1_U456/eucHW_mac_muladd_9s_9s_18s_18_4_1_DSP48_0_U/p_reg_reg input PROCC/inst/mac_muladd_9s_9s_18s_18_4_1_U456/eucHW_mac_muladd_9s_9s_18s_18_4_1_DSP48_0_U/p_reg_reg/C[47:0] is not pipelined. Pipelining DSP48 input will improve performance.
Related violations: <none>

DPIP-1#200 Warning
Input pipelining  
DSP PROCC/inst/mac_muladd_9s_9s_18s_18_4_1_U457/eucHW_mac_muladd_9s_9s_18s_18_4_1_DSP48_0_U/p_reg_reg input PROCC/inst/mac_muladd_9s_9s_18s_18_4_1_U457/eucHW_mac_muladd_9s_9s_18s_18_4_1_DSP48_0_U/p_reg_reg/C[47:0] is not pipelined. Pipelining DSP48 input will improve performance.
Related violations: <none>

DPIP-1#201 Warning
Input pipelining  
DSP PROCC/inst/mac_muladd_9s_9s_18s_18_4_1_U458/eucHW_mac_muladd_9s_9s_18s_18_4_1_DSP48_0_U/p_reg_reg input PROCC/inst/mac_muladd_9s_9s_18s_18_4_1_U458/eucHW_mac_muladd_9s_9s_18s_18_4_1_DSP48_0_U/p_reg_reg/C[47:0] is not pipelined. Pipelining DSP48 input will improve performance.
Related violations: <none>

DPIP-1#202 Warning
Input pipelining  
DSP PROCC/inst/mac_muladd_9s_9s_18s_18_4_1_U459/eucHW_mac_muladd_9s_9s_18s_18_4_1_DSP48_0_U/p_reg_reg input PROCC/inst/mac_muladd_9s_9s_18s_18_4_1_U459/eucHW_mac_muladd_9s_9s_18s_18_4_1_DSP48_0_U/p_reg_reg/C[47:0] is not pipelined. Pipelining DSP48 input will improve performance.
Related violations: <none>

DPIP-1#203 Warning
Input pipelining  
DSP PROCC/inst/mac_muladd_9s_9s_18s_18_4_1_U460/eucHW_mac_muladd_9s_9s_18s_18_4_1_DSP48_0_U/p_reg_reg input PROCC/inst/mac_muladd_9s_9s_18s_18_4_1_U460/eucHW_mac_muladd_9s_9s_18s_18_4_1_DSP48_0_U/p_reg_reg/C[47:0] is not pipelined. Pipelining DSP48 input will improve performance.
Related violations: <none>

DPIP-1#204 Warning
Input pipelining  
DSP PROCC/inst/mac_muladd_9s_9s_18s_18_4_1_U461/eucHW_mac_muladd_9s_9s_18s_18_4_1_DSP48_0_U/p_reg_reg input PROCC/inst/mac_muladd_9s_9s_18s_18_4_1_U461/eucHW_mac_muladd_9s_9s_18s_18_4_1_DSP48_0_U/p_reg_reg/C[47:0] is not pipelined. Pipelining DSP48 input will improve performance.
Related violations: <none>

DPIP-1#205 Warning
Input pipelining  
DSP PROCC/inst/mac_muladd_9s_9s_18s_18_4_1_U462/eucHW_mac_muladd_9s_9s_18s_18_4_1_DSP48_0_U/p_reg_reg input PROCC/inst/mac_muladd_9s_9s_18s_18_4_1_U462/eucHW_mac_muladd_9s_9s_18s_18_4_1_DSP48_0_U/p_reg_reg/C[47:0] is not pipelined. Pipelining DSP48 input will improve performance.
Related violations: <none>

DPIP-1#206 Warning
Input pipelining  
DSP PROCC/inst/mac_muladd_9s_9s_18s_18_4_1_U463/eucHW_mac_muladd_9s_9s_18s_18_4_1_DSP48_0_U/p_reg_reg input PROCC/inst/mac_muladd_9s_9s_18s_18_4_1_U463/eucHW_mac_muladd_9s_9s_18s_18_4_1_DSP48_0_U/p_reg_reg/C[47:0] is not pipelined. Pipelining DSP48 input will improve performance.
Related violations: <none>

DPIP-1#207 Warning
Input pipelining  
DSP PROCC/inst/mac_muladd_9s_9s_18s_18_4_1_U464/eucHW_mac_muladd_9s_9s_18s_18_4_1_DSP48_0_U/p_reg_reg input PROCC/inst/mac_muladd_9s_9s_18s_18_4_1_U464/eucHW_mac_muladd_9s_9s_18s_18_4_1_DSP48_0_U/p_reg_reg/C[47:0] is not pipelined. Pipelining DSP48 input will improve performance.
Related violations: <none>

DPIP-1#208 Warning
Input pipelining  
DSP PROCC/inst/mac_muladd_9s_9s_18s_18_4_1_U465/eucHW_mac_muladd_9s_9s_18s_18_4_1_DSP48_0_U/p_reg_reg input PROCC/inst/mac_muladd_9s_9s_18s_18_4_1_U465/eucHW_mac_muladd_9s_9s_18s_18_4_1_DSP48_0_U/p_reg_reg/C[47:0] is not pipelined. Pipelining DSP48 input will improve performance.
Related violations: <none>

DPIP-1#209 Warning
Input pipelining  
DSP PROCC/inst/mac_muladd_9s_9s_18s_18_4_1_U466/eucHW_mac_muladd_9s_9s_18s_18_4_1_DSP48_0_U/p_reg_reg input PROCC/inst/mac_muladd_9s_9s_18s_18_4_1_U466/eucHW_mac_muladd_9s_9s_18s_18_4_1_DSP48_0_U/p_reg_reg/C[47:0] is not pipelined. Pipelining DSP48 input will improve performance.
Related violations: <none>

DPIP-1#210 Warning
Input pipelining  
DSP PROCC/inst/mac_muladd_9s_9s_18s_18_4_1_U467/eucHW_mac_muladd_9s_9s_18s_18_4_1_DSP48_0_U/p_reg_reg input PROCC/inst/mac_muladd_9s_9s_18s_18_4_1_U467/eucHW_mac_muladd_9s_9s_18s_18_4_1_DSP48_0_U/p_reg_reg/C[47:0] is not pipelined. Pipelining DSP48 input will improve performance.
Related violations: <none>

DPIP-1#211 Warning
Input pipelining  
DSP PROCC/inst/mac_muladd_9s_9s_18s_18_4_1_U468/eucHW_mac_muladd_9s_9s_18s_18_4_1_DSP48_0_U/p_reg_reg input PROCC/inst/mac_muladd_9s_9s_18s_18_4_1_U468/eucHW_mac_muladd_9s_9s_18s_18_4_1_DSP48_0_U/p_reg_reg/C[47:0] is not pipelined. Pipelining DSP48 input will improve performance.
Related violations: <none>

DPIP-1#212 Warning
Input pipelining  
DSP PROCC/inst/mac_muladd_9s_9s_18s_18_4_1_U469/eucHW_mac_muladd_9s_9s_18s_18_4_1_DSP48_0_U/p_reg_reg input PROCC/inst/mac_muladd_9s_9s_18s_18_4_1_U469/eucHW_mac_muladd_9s_9s_18s_18_4_1_DSP48_0_U/p_reg_reg/C[47:0] is not pipelined. Pipelining DSP48 input will improve performance.
Related violations: <none>

DPIP-1#213 Warning
Input pipelining  
DSP PROCC/inst/mac_muladd_9s_9s_18s_18_4_1_U470/eucHW_mac_muladd_9s_9s_18s_18_4_1_DSP48_0_U/p_reg_reg input PROCC/inst/mac_muladd_9s_9s_18s_18_4_1_U470/eucHW_mac_muladd_9s_9s_18s_18_4_1_DSP48_0_U/p_reg_reg/C[47:0] is not pipelined. Pipelining DSP48 input will improve performance.
Related violations: <none>

DPIP-1#214 Warning
Input pipelining  
DSP PROCC/inst/mac_muladd_9s_9s_18s_18_4_1_U471/eucHW_mac_muladd_9s_9s_18s_18_4_1_DSP48_0_U/p_reg_reg input PROCC/inst/mac_muladd_9s_9s_18s_18_4_1_U471/eucHW_mac_muladd_9s_9s_18s_18_4_1_DSP48_0_U/p_reg_reg/C[47:0] is not pipelined. Pipelining DSP48 input will improve performance.
Related violations: <none>

DPIP-1#215 Warning
Input pipelining  
DSP PROCC/inst/mac_muladd_9s_9s_18s_18_4_1_U472/eucHW_mac_muladd_9s_9s_18s_18_4_1_DSP48_0_U/p_reg_reg input PROCC/inst/mac_muladd_9s_9s_18s_18_4_1_U472/eucHW_mac_muladd_9s_9s_18s_18_4_1_DSP48_0_U/p_reg_reg/C[47:0] is not pipelined. Pipelining DSP48 input will improve performance.
Related violations: <none>

DPIP-1#216 Warning
Input pipelining  
DSP PROCC/inst/mac_muladd_9s_9s_18s_18_4_1_U473/eucHW_mac_muladd_9s_9s_18s_18_4_1_DSP48_0_U/p_reg_reg input PROCC/inst/mac_muladd_9s_9s_18s_18_4_1_U473/eucHW_mac_muladd_9s_9s_18s_18_4_1_DSP48_0_U/p_reg_reg/C[47:0] is not pipelined. Pipelining DSP48 input will improve performance.
Related violations: <none>

DPIP-1#217 Warning
Input pipelining  
DSP PROCC/inst/mac_muladd_9s_9s_18s_18_4_1_U474/eucHW_mac_muladd_9s_9s_18s_18_4_1_DSP48_0_U/p_reg_reg input PROCC/inst/mac_muladd_9s_9s_18s_18_4_1_U474/eucHW_mac_muladd_9s_9s_18s_18_4_1_DSP48_0_U/p_reg_reg/C[47:0] is not pipelined. Pipelining DSP48 input will improve performance.
Related violations: <none>

DPIP-1#218 Warning
Input pipelining  
DSP PROCC/inst/mac_muladd_9s_9s_18s_18_4_1_U475/eucHW_mac_muladd_9s_9s_18s_18_4_1_DSP48_0_U/p_reg_reg input PROCC/inst/mac_muladd_9s_9s_18s_18_4_1_U475/eucHW_mac_muladd_9s_9s_18s_18_4_1_DSP48_0_U/p_reg_reg/C[47:0] is not pipelined. Pipelining DSP48 input will improve performance.
Related violations: <none>

DPIP-1#219 Warning
Input pipelining  
DSP PROCC/inst/mac_muladd_9s_9s_18s_18_4_1_U476/eucHW_mac_muladd_9s_9s_18s_18_4_1_DSP48_0_U/p_reg_reg input PROCC/inst/mac_muladd_9s_9s_18s_18_4_1_U476/eucHW_mac_muladd_9s_9s_18s_18_4_1_DSP48_0_U/p_reg_reg/C[47:0] is not pipelined. Pipelining DSP48 input will improve performance.
Related violations: <none>

DPIP-1#220 Warning
Input pipelining  
DSP PROCC/inst/mac_muladd_9s_9s_18s_18_4_1_U477/eucHW_mac_muladd_9s_9s_18s_18_4_1_DSP48_0_U/p_reg_reg input PROCC/inst/mac_muladd_9s_9s_18s_18_4_1_U477/eucHW_mac_muladd_9s_9s_18s_18_4_1_DSP48_0_U/p_reg_reg/C[47:0] is not pipelined. Pipelining DSP48 input will improve performance.
Related violations: <none>

DPIP-1#221 Warning
Input pipelining  
DSP PROCC/inst/mac_muladd_9s_9s_18s_18_4_1_U478/eucHW_mac_muladd_9s_9s_18s_18_4_1_DSP48_0_U/p_reg_reg input PROCC/inst/mac_muladd_9s_9s_18s_18_4_1_U478/eucHW_mac_muladd_9s_9s_18s_18_4_1_DSP48_0_U/p_reg_reg/C[47:0] is not pipelined. Pipelining DSP48 input will improve performance.
Related violations: <none>

DPIP-1#222 Warning
Input pipelining  
DSP PROCC/inst/mac_muladd_9s_9s_18s_18_4_1_U479/eucHW_mac_muladd_9s_9s_18s_18_4_1_DSP48_0_U/p_reg_reg input PROCC/inst/mac_muladd_9s_9s_18s_18_4_1_U479/eucHW_mac_muladd_9s_9s_18s_18_4_1_DSP48_0_U/p_reg_reg/C[47:0] is not pipelined. Pipelining DSP48 input will improve performance.
Related violations: <none>

DPIP-1#223 Warning
Input pipelining  
DSP PROCC/inst/mac_muladd_9s_9s_18s_18_4_1_U480/eucHW_mac_muladd_9s_9s_18s_18_4_1_DSP48_0_U/p_reg_reg input PROCC/inst/mac_muladd_9s_9s_18s_18_4_1_U480/eucHW_mac_muladd_9s_9s_18s_18_4_1_DSP48_0_U/p_reg_reg/C[47:0] is not pipelined. Pipelining DSP48 input will improve performance.
Related violations: <none>

DPIP-1#224 Warning
Input pipelining  
DSP PROCC/inst/mac_muladd_9s_9s_18s_18_4_1_U481/eucHW_mac_muladd_9s_9s_18s_18_4_1_DSP48_0_U/p_reg_reg input PROCC/inst/mac_muladd_9s_9s_18s_18_4_1_U481/eucHW_mac_muladd_9s_9s_18s_18_4_1_DSP48_0_U/p_reg_reg/C[47:0] is not pipelined. Pipelining DSP48 input will improve performance.
Related violations: <none>

DPIP-1#225 Warning
Input pipelining  
DSP PROCC/inst/mac_muladd_9s_9s_18s_18_4_1_U482/eucHW_mac_muladd_9s_9s_18s_18_4_1_DSP48_0_U/p_reg_reg input PROCC/inst/mac_muladd_9s_9s_18s_18_4_1_U482/eucHW_mac_muladd_9s_9s_18s_18_4_1_DSP48_0_U/p_reg_reg/C[47:0] is not pipelined. Pipelining DSP48 input will improve performance.
Related violations: <none>

DPIP-1#226 Warning
Input pipelining  
DSP PROCC/inst/mac_muladd_9s_9s_18s_18_4_1_U483/eucHW_mac_muladd_9s_9s_18s_18_4_1_DSP48_0_U/p_reg_reg input PROCC/inst/mac_muladd_9s_9s_18s_18_4_1_U483/eucHW_mac_muladd_9s_9s_18s_18_4_1_DSP48_0_U/p_reg_reg/C[47:0] is not pipelined. Pipelining DSP48 input will improve performance.
Related violations: <none>

DPIP-1#227 Warning
Input pipelining  
DSP PROCC/inst/mac_muladd_9s_9s_18s_18_4_1_U484/eucHW_mac_muladd_9s_9s_18s_18_4_1_DSP48_0_U/p_reg_reg input PROCC/inst/mac_muladd_9s_9s_18s_18_4_1_U484/eucHW_mac_muladd_9s_9s_18s_18_4_1_DSP48_0_U/p_reg_reg/C[47:0] is not pipelined. Pipelining DSP48 input will improve performance.
Related violations: <none>

DPIP-1#228 Warning
Input pipelining  
DSP PROCC/inst/mac_muladd_9s_9s_18s_18_4_1_U485/eucHW_mac_muladd_9s_9s_18s_18_4_1_DSP48_0_U/p_reg_reg input PROCC/inst/mac_muladd_9s_9s_18s_18_4_1_U485/eucHW_mac_muladd_9s_9s_18s_18_4_1_DSP48_0_U/p_reg_reg/C[47:0] is not pipelined. Pipelining DSP48 input will improve performance.
Related violations: <none>

DPIP-1#229 Warning
Input pipelining  
DSP PROCC/inst/mac_muladd_9s_9s_18s_18_4_1_U486/eucHW_mac_muladd_9s_9s_18s_18_4_1_DSP48_0_U/p_reg_reg input PROCC/inst/mac_muladd_9s_9s_18s_18_4_1_U486/eucHW_mac_muladd_9s_9s_18s_18_4_1_DSP48_0_U/p_reg_reg/C[47:0] is not pipelined. Pipelining DSP48 input will improve performance.
Related violations: <none>

DPIP-1#230 Warning
Input pipelining  
DSP PROCC/inst/mac_muladd_9s_9s_18s_18_4_1_U487/eucHW_mac_muladd_9s_9s_18s_18_4_1_DSP48_0_U/p_reg_reg input PROCC/inst/mac_muladd_9s_9s_18s_18_4_1_U487/eucHW_mac_muladd_9s_9s_18s_18_4_1_DSP48_0_U/p_reg_reg/C[47:0] is not pipelined. Pipelining DSP48 input will improve performance.
Related violations: <none>

DPIP-1#231 Warning
Input pipelining  
DSP PROCC/inst/mac_muladd_9s_9s_18s_18_4_1_U488/eucHW_mac_muladd_9s_9s_18s_18_4_1_DSP48_0_U/p_reg_reg input PROCC/inst/mac_muladd_9s_9s_18s_18_4_1_U488/eucHW_mac_muladd_9s_9s_18s_18_4_1_DSP48_0_U/p_reg_reg/C[47:0] is not pipelined. Pipelining DSP48 input will improve performance.
Related violations: <none>

DPIP-1#232 Warning
Input pipelining  
DSP PROCC/inst/mac_muladd_9s_9s_18s_18_4_1_U489/eucHW_mac_muladd_9s_9s_18s_18_4_1_DSP48_0_U/p_reg_reg input PROCC/inst/mac_muladd_9s_9s_18s_18_4_1_U489/eucHW_mac_muladd_9s_9s_18s_18_4_1_DSP48_0_U/p_reg_reg/C[47:0] is not pipelined. Pipelining DSP48 input will improve performance.
Related violations: <none>

DPIP-1#233 Warning
Input pipelining  
DSP PROCC/inst/mac_muladd_9s_9s_18s_18_4_1_U506/eucHW_mac_muladd_9s_9s_18s_18_4_1_DSP48_0_U/p_reg_reg input PROCC/inst/mac_muladd_9s_9s_18s_18_4_1_U506/eucHW_mac_muladd_9s_9s_18s_18_4_1_DSP48_0_U/p_reg_reg/C[47:0] is not pipelined. Pipelining DSP48 input will improve performance.
Related violations: <none>

DPIP-1#234 Warning
Input pipelining  
DSP PROCC/inst/mac_muladd_9s_9s_18s_18_4_1_U507/eucHW_mac_muladd_9s_9s_18s_18_4_1_DSP48_0_U/p_reg_reg input PROCC/inst/mac_muladd_9s_9s_18s_18_4_1_U507/eucHW_mac_muladd_9s_9s_18s_18_4_1_DSP48_0_U/p_reg_reg/C[47:0] is not pipelined. Pipelining DSP48 input will improve performance.
Related violations: <none>

DPIP-1#235 Warning
Input pipelining  
DSP PROCC/inst/mac_muladd_9s_9s_18s_18_4_1_U508/eucHW_mac_muladd_9s_9s_18s_18_4_1_DSP48_0_U/p_reg_reg input PROCC/inst/mac_muladd_9s_9s_18s_18_4_1_U508/eucHW_mac_muladd_9s_9s_18s_18_4_1_DSP48_0_U/p_reg_reg/C[47:0] is not pipelined. Pipelining DSP48 input will improve performance.
Related violations: <none>

DPIP-1#236 Warning
Input pipelining  
DSP PROCC/inst/mac_muladd_9s_9s_18s_18_4_1_U509/eucHW_mac_muladd_9s_9s_18s_18_4_1_DSP48_0_U/p_reg_reg input PROCC/inst/mac_muladd_9s_9s_18s_18_4_1_U509/eucHW_mac_muladd_9s_9s_18s_18_4_1_DSP48_0_U/p_reg_reg/C[47:0] is not pipelined. Pipelining DSP48 input will improve performance.
Related violations: <none>

DPIP-1#237 Warning
Input pipelining  
DSP PROCC/inst/mac_muladd_9s_9s_18s_18_4_1_U510/eucHW_mac_muladd_9s_9s_18s_18_4_1_DSP48_0_U/p_reg_reg input PROCC/inst/mac_muladd_9s_9s_18s_18_4_1_U510/eucHW_mac_muladd_9s_9s_18s_18_4_1_DSP48_0_U/p_reg_reg/C[47:0] is not pipelined. Pipelining DSP48 input will improve performance.
Related violations: <none>

DPIP-1#238 Warning
Input pipelining  
DSP PROCC/inst/mac_muladd_9s_9s_18s_18_4_1_U511/eucHW_mac_muladd_9s_9s_18s_18_4_1_DSP48_0_U/p_reg_reg input PROCC/inst/mac_muladd_9s_9s_18s_18_4_1_U511/eucHW_mac_muladd_9s_9s_18s_18_4_1_DSP48_0_U/p_reg_reg/C[47:0] is not pipelined. Pipelining DSP48 input will improve performance.
Related violations: <none>

DPIP-1#239 Warning
Input pipelining  
DSP PROCC/inst/mac_muladd_9s_9s_18s_18_4_1_U512/eucHW_mac_muladd_9s_9s_18s_18_4_1_DSP48_0_U/p_reg_reg input PROCC/inst/mac_muladd_9s_9s_18s_18_4_1_U512/eucHW_mac_muladd_9s_9s_18s_18_4_1_DSP48_0_U/p_reg_reg/C[47:0] is not pipelined. Pipelining DSP48 input will improve performance.
Related violations: <none>

DPIP-1#240 Warning
Input pipelining  
DSP PROCC/inst/mac_muladd_9s_9s_18s_18_4_1_U513/eucHW_mac_muladd_9s_9s_18s_18_4_1_DSP48_0_U/p_reg_reg input PROCC/inst/mac_muladd_9s_9s_18s_18_4_1_U513/eucHW_mac_muladd_9s_9s_18s_18_4_1_DSP48_0_U/p_reg_reg/C[47:0] is not pipelined. Pipelining DSP48 input will improve performance.
Related violations: <none>


