#-----------------------------------------------------------
# Vivado v2021.1 (64-bit)
# SW Build 3247384 on Thu Jun 10 19:36:33 MDT 2021
# IP Build 3246043 on Fri Jun 11 00:30:35 MDT 2021
# Start of session at: Sat Jan  8 03:33:51 2022
# Process ID: 3604
# Current directory: C:/Users/ricar/Desktop/super_digitales/Repo/T3_PRO_OP_PIPE
# Command line: vivado.exe -gui_launcher_event rodinguilauncherevent10952 C:\Users\ricar\Desktop\super_digitales\Repo\T3_PRO_OP_PIPE\T3_PRO_OP_PIPE.xpr
# Log file: C:/Users/ricar/Desktop/super_digitales/Repo/T3_PRO_OP_PIPE/vivado.log
# Journal file: C:/Users/ricar/Desktop/super_digitales/Repo/T3_PRO_OP_PIPE\vivado.jou
#-----------------------------------------------------------
start_gui
open_project C:/Users/ricar/Desktop/super_digitales/Repo/T3_PRO_OP_PIPE/T3_PRO_OP_PIPE.xpr
update_compile_order -fileset sources_1
set_property STEPS.SYNTH_DESIGN.ARGS.RETIMING false [get_runs synth_1_copy_1]
reset_run synth_1_copy_1
launch_runs impl_2 -to_step write_bitstream -jobs 8
wait_on_run impl_2
open_run impl_2
close_design
create_run runtime -flow {Vivado Synthesis 2021}
current_run [get_runs runtime]
set_property STEPS.SYNTH_DESIGN.ARGS.RETIMING true [get_runs runtime]
create_run retiming_op -flow {Vivado Synthesis 2021}
current_run [get_runs retiming_op]
set_property strategy Flow_PerfOptimized_high [get_runs retiming_op]
launch_runs retiming_op -jobs 8
wait_on_run retiming_op
launch_runs impl_3 -jobs 8
wait_on_run impl_3
open_run impl_3
close_design
open_run retiming_op -name retiming_op
reset_run retiming_op
launch_runs retiming_op -jobs 8
wait_on_run retiming_op
close_design
open_run retiming_op -name retiming_op
launch_runs impl_3 -jobs 8
wait_on_run impl_3
close_design
open_run impl_3
reset_run impl_3
launch_runs impl_3 -jobs 8
wait_on_run impl_3
