Nothing to build in platform 'design_1_wrapper'

13:54:25 **** Incremental Build of configuration Debug for project euc1024int_concat ****
make all 
make --no-print-directory pre-build
a9-linaro-pre-build-step
' '
make --no-print-directory main-build
'Building file: ../src/main.c'
'Invoking: ARM v7 gcc compiler'
arm-none-eabi-gcc -Wall -O0 -g3 -c -fmessage-length=0 -MT"src/main.o" -mcpu=cortex-a9 -mfpu=vfpv3 -mfloat-abi=hard -IC:/Users/juan_/Documents/FPGA/JA-RM-IPD432/T4_P3_2/euc1025_int_concat/Vitis/design_1_wrapper/export/design_1_wrapper/sw/design_1_wrapper/standalone_ps7_cortexa9_0/bspinclude/include -MMD -MP -MF"src/main.d" -MT"src/main.o" -o "src/main.o" "../src/main.c"
../src/main.c:41:31: warning: initialization of 'void (*)()' from incompatible pointer type 'u32 (*)(XEuchw *, int,  word_type *, int)' {aka 'long unsigned int (*)(XEuchw *, int,  long unsigned int *, int)'} [-Wincompatible-pointer-types]
   41 | void (*XHLSWriteFunc[])() = { XEuchw_Write_x_0_Words,
      |                               ^~~~~~~~~~~~~~~~~~~~~~
../src/main.c:41:31: note: (near initialization for 'XHLSWriteFunc[0]')
../src/main.c:42:4: warning: initialization of 'void (*)()' from incompatible pointer type 'u32 (*)(XEuchw *, int,  word_type *, int)' {aka 'long unsigned int (*)(XEuchw *, int,  long unsigned int *, int)'} [-Wincompatible-pointer-types]
   42 |    XEuchw_Write_x_1_Words, XEuchw_Write_x_2_Words, XEuchw_Write_x_3_Words,
      |    ^~~~~~~~~~~~~~~~~~~~~~
../src/main.c:42:4: note: (near initialization for 'XHLSWriteFunc[1]')
../src/main.c:42:28: warning: initialization of 'void (*)()' from incompatible pointer type 'u32 (*)(XEuchw *, int,  word_type *, int)' {aka 'long unsigned int (*)(XEuchw *, int,  long unsigned int *, int)'} [-Wincompatible-pointer-types]
   42 |    XEuchw_Write_x_1_Words, XEuchw_Write_x_2_Words, XEuchw_Write_x_3_Words,
      |                            ^~~~~~~~~~~~~~~~~~~~~~
../src/main.c:42:28: note: (near initialization for 'XHLSWriteFunc[2]')
../src/main.c:42:52: warning: initialization of 'void (*)()' from incompatible pointer type 'u32 (*)(XEuchw *, int,  word_type *, int)' {aka 'long unsigned int (*)(XEuchw *, int,  long unsigned int *, int)'} [-Wincompatible-pointer-types]
   42 |    XEuchw_Write_x_1_Words, XEuchw_Write_x_2_Words, XEuchw_Write_x_3_Words,
      |                                                    ^~~~~~~~~~~~~~~~~~~~~~
../src/main.c:42:52: note: (near initialization for 'XHLSWriteFunc[3]')
../src/main.c:43:4: warning: initialization of 'void (*)()' from incompatible pointer type 'u32 (*)(XEuchw *, int,  word_type *, int)' {aka 'long unsigned int (*)(XEuchw *, int,  long unsigned int *, int)'} [-Wincompatible-pointer-types]
   43 |    XEuchw_Write_x_4_Words, XEuchw_Write_x_5_Words, XEuchw_Write_x_6_Words,
      |    ^~~~~~~~~~~~~~~~~~~~~~
../src/main.c:43:4: note: (near initialization for 'XHLSWriteFunc[4]')
../src/main.c:43:28: warning: initialization of 'void (*)()' from incompatible pointer type 'u32 (*)(XEuchw *, int,  word_type *, int)' {aka 'long unsigned int (*)(XEuchw *, int,  long unsigned int *, int)'} [-Wincompatible-pointer-types]
   43 |    XEuchw_Write_x_4_Words, XEuchw_Write_x_5_Words, XEuchw_Write_x_6_Words,
      |                            ^~~~~~~~~~~~~~~~~~~~~~
../src/main.c:43:28: note: (near initialization for 'XHLSWriteFunc[5]')
../src/main.c:43:52: warning: initialization of 'void (*)()' from incompatible pointer type 'u32 (*)(XEuchw *, int,  word_type *, int)' {aka 'long unsigned int (*)(XEuchw *, int,  long unsigned int *, int)'} [-Wincompatible-pointer-types]
   43 |    XEuchw_Write_x_4_Words, XEuchw_Write_x_5_Words, XEuchw_Write_x_6_Words,
      |                                                    ^~~~~~~~~~~~~~~~~~~~~~
../src/main.c:43:52: note: (near initialization for 'XHLSWriteFunc[6]')
../src/main.c:44:4: warning: initialization of 'void (*)()' from incompatible pointer type 'u32 (*)(XEuchw *, int,  word_type *, int)' {aka 'long unsigned int (*)(XEuchw *, int,  long unsigned int *, int)'} [-Wincompatible-pointer-types]
   44 |    XEuchw_Write_x_7_Words, XEuchw_Write_x_8_Words, XEuchw_Write_x_9_Words,
      |    ^~~~~~~~~~~~~~~~~~~~~~
../src/main.c:44:4: note: (near initialization for 'XHLSWriteFunc[7]')
../src/main.c:44:28: warning: initialization of 'void (*)()' from incompatible pointer type 'u32 (*)(XEuchw *, int,  word_type *, int)' {aka 'long unsigned int (*)(XEuchw *, int,  long unsigned int *, int)'} [-Wincompatible-pointer-types]
   44 |    XEuchw_Write_x_7_Words, XEuchw_Write_x_8_Words, XEuchw_Write_x_9_Words,
      |                            ^~~~~~~~~~~~~~~~~~~~~~
../src/main.c:44:28: note: (near initialization for 'XHLSWriteFunc[8]')
../src/main.c:44:52: warning: initialization of 'void (*)()' from incompatible pointer type 'u32 (*)(XEuchw *, int,  word_type *, int)' {aka 'long unsigned int (*)(XEuchw *, int,  long unsigned int *, int)'} [-Wincompatible-pointer-types]
   44 |    XEuchw_Write_x_7_Words, XEuchw_Write_x_8_Words, XEuchw_Write_x_9_Words,
      |                                                    ^~~~~~~~~~~~~~~~~~~~~~
../src/main.c:44:52: note: (near initialization for 'XHLSWriteFunc[9]')
../src/main.c:45:4: warning: initialization of 'void (*)()' from incompatible pointer type 'u32 (*)(XEuchw *, int,  word_type *, int)' {aka 'long unsigned int (*)(XEuchw *, int,  long unsigned int *, int)'} [-Wincompatible-pointer-types]
   45 |    XEuchw_Write_x_10_Words, XEuchw_Write_x_11_Words, XEuchw_Write_x_12_Words,
      |    ^~~~~~~~~~~~~~~~~~~~~~~
../src/main.c:45:4: note: (near initialization for 'XHLSWriteFunc[10]')
../src/main.c:45:29: warning: initialization of 'void (*)()' from incompatible pointer type 'u32 (*)(XEuchw *, int,  word_type *, int)' {aka 'long unsigned int (*)(XEuchw *, int,  long unsigned int *, int)'} [-Wincompatible-pointer-types]
   45 |    XEuchw_Write_x_10_Words, XEuchw_Write_x_11_Words, XEuchw_Write_x_12_Words,
      |                             ^~~~~~~~~~~~~~~~~~~~~~~
../src/main.c:45:29: note: (near initialization for 'XHLSWriteFunc[11]')
../src/main.c:45:54: warning: initialization of 'void (*)()' from incompatible pointer type 'u32 (*)(XEuchw *, int,  word_type *, int)' {aka 'long unsigned int (*)(XEuchw *, int,  long unsigned int *, int)'} [-Wincompatible-pointer-types]
   45 |    XEuchw_Write_x_10_Words, XEuchw_Write_x_11_Words, XEuchw_Write_x_12_Words,
      |                                                      ^~~~~~~~~~~~~~~~~~~~~~~
../src/main.c:45:54: note: (near initialization for 'XHLSWriteFunc[12]')
../src/main.c:46:4: warning: initialization of 'void (*)()' from incompatible pointer type 'u32 (*)(XEuchw *, int,  word_type *, int)' {aka 'long unsigned int (*)(XEuchw *, int,  long unsigned int *, int)'} [-Wincompatible-pointer-types]
   46 |    XEuchw_Write_x_13_Words, XEuchw_Write_x_14_Words, XEuchw_Write_x_15_Words,
      |    ^~~~~~~~~~~~~~~~~~~~~~~
../src/main.c:46:4: note: (near initialization for 'XHLSWriteFunc[13]')
../src/main.c:46:29: warning: initialization of 'void (*)()' from incompatible pointer type 'u32 (*)(XEuchw *, int,  word_type *, int)' {aka 'long unsigned int (*)(XEuchw *, int,  long unsigned int *, int)'} [-Wincompatible-pointer-types]
   46 |    XEuchw_Write_x_13_Words, XEuchw_Write_x_14_Words, XEuchw_Write_x_15_Words,
      |                             ^~~~~~~~~~~~~~~~~~~~~~~
../src/main.c:46:29: note: (near initialization for 'XHLSWriteFunc[14]')
../src/main.c:46:54: warning: initialization of 'void (*)()' from incompatible pointer type 'u32 (*)(XEuchw *, int,  word_type *, int)' {aka 'long unsigned int (*)(XEuchw *, int,  long unsigned int *, int)'} [-Wincompatible-pointer-types]
   46 |    XEuchw_Write_x_13_Words, XEuchw_Write_x_14_Words, XEuchw_Write_x_15_Words,
      |                                                      ^~~~~~~~~~~~~~~~~~~~~~~
../src/main.c:46:54: note: (near initialization for 'XHLSWriteFunc[15]')
../src/main.c:47:4: warning: initialization of 'void (*)()' from incompatible pointer type 'u32 (*)(XEuchw *, int,  word_type *, int)' {aka 'long unsigned int (*)(XEuchw *, int,  long unsigned int *, int)'} [-Wincompatible-pointer-types]
   47 |    XEuchw_Write_x_16_Words, XEuchw_Write_x_17_Words, XEuchw_Write_x_18_Words,
      |    ^~~~~~~~~~~~~~~~~~~~~~~
../src/main.c:47:4: note: (near initialization for 'XHLSWriteFunc[16]')
../src/main.c:47:29: warning: initialization of 'void (*)()' from incompatible pointer type 'u32 (*)(XEuchw *, int,  word_type *, int)' {aka 'long unsigned int (*)(XEuchw *, int,  long unsigned int *, int)'} [-Wincompatible-pointer-types]
   47 |    XEuchw_Write_x_16_Words, XEuchw_Write_x_17_Words, XEuchw_Write_x_18_Words,
      |                             ^~~~~~~~~~~~~~~~~~~~~~~
../src/main.c:47:29: note: (near initialization for 'XHLSWriteFunc[17]')
../src/main.c:47:54: warning: initialization of 'void (*)()' from incompatible pointer type 'u32 (*)(XEuchw *, int,  word_type *, int)' {aka 'long unsigned int (*)(XEuchw *, int,  long unsigned int *, int)'} [-Wincompatible-pointer-types]
   47 |    XEuchw_Write_x_16_Words, XEuchw_Write_x_17_Words, XEuchw_Write_x_18_Words,
      |                                                      ^~~~~~~~~~~~~~~~~~~~~~~
../src/main.c:47:54: note: (near initialization for 'XHLSWriteFunc[18]')
../src/main.c:48:4: warning: initialization of 'void (*)()' from incompatible pointer type 'u32 (*)(XEuchw *, int,  word_type *, int)' {aka 'long unsigned int (*)(XEuchw *, int,  long unsigned int *, int)'} [-Wincompatible-pointer-types]
   48 |    XEuchw_Write_x_19_Words, XEuchw_Write_x_20_Words, XEuchw_Write_x_21_Words,
      |    ^~~~~~~~~~~~~~~~~~~~~~~
../src/main.c:48:4: note: (near initialization for 'XHLSWriteFunc[19]')
../src/main.c:48:29: warning: initialization of 'void (*)()' from incompatible pointer type 'u32 (*)(XEuchw *, int,  word_type *, int)' {aka 'long unsigned int (*)(XEuchw *, int,  long unsigned int *, int)'} [-Wincompatible-pointer-types]
   48 |    XEuchw_Write_x_19_Words, XEuchw_Write_x_20_Words, XEuchw_Write_x_21_Words,
      |                             ^~~~~~~~~~~~~~~~~~~~~~~
../src/main.c:48:29: note: (near initialization for 'XHLSWriteFunc[20]')
../src/main.c:48:54: warning: initialization of 'void (*)()' from incompatible pointer type 'u32 (*)(XEuchw *, int,  word_type *, int)' {aka 'long unsigned int (*)(XEuchw *, int,  long unsigned int *, int)'} [-Wincompatible-pointer-types]
   48 |    XEuchw_Write_x_19_Words, XEuchw_Write_x_20_Words, XEuchw_Write_x_21_Words,
      |                                                      ^~~~~~~~~~~~~~~~~~~~~~~
../src/main.c:48:54: note: (near initialization for 'XHLSWriteFunc[21]')
../src/main.c:49:4: warning: initialization of 'void (*)()' from incompatible pointer type 'u32 (*)(XEuchw *, int,  word_type *, int)' {aka 'long unsigned int (*)(XEuchw *, int,  long unsigned int *, int)'} [-Wincompatible-pointer-types]
   49 |    XEuchw_Write_x_22_Words, XEuchw_Write_x_23_Words, XEuchw_Write_x_24_Words,
      |    ^~~~~~~~~~~~~~~~~~~~~~~
../src/main.c:49:4: note: (near initialization for 'XHLSWriteFunc[22]')
../src/main.c:49:29: warning: initialization of 'void (*)()' from incompatible pointer type 'u32 (*)(XEuchw *, int,  word_type *, int)' {aka 'long unsigned int (*)(XEuchw *, int,  long unsigned int *, int)'} [-Wincompatible-pointer-types]
   49 |    XEuchw_Write_x_22_Words, XEuchw_Write_x_23_Words, XEuchw_Write_x_24_Words,
      |                             ^~~~~~~~~~~~~~~~~~~~~~~
../src/main.c:49:29: note: (near initialization for 'XHLSWriteFunc[23]')
../src/main.c:49:54: warning: initialization of 'void (*)()' from incompatible pointer type 'u32 (*)(XEuchw *, int,  word_type *, int)' {aka 'long unsigned int (*)(XEuchw *, int,  long unsigned int *, int)'} [-Wincompatible-pointer-types]
   49 |    XEuchw_Write_x_22_Words, XEuchw_Write_x_23_Words, XEuchw_Write_x_24_Words,
      |                                                      ^~~~~~~~~~~~~~~~~~~~~~~
../src/main.c:49:54: note: (near initialization for 'XHLSWriteFunc[24]')
../src/main.c:50:4: warning: initialization of 'void (*)()' from incompatible pointer type 'u32 (*)(XEuchw *, int,  word_type *, int)' {aka 'long unsigned int (*)(XEuchw *, int,  long unsigned int *, int)'} [-Wincompatible-pointer-types]
   50 |    XEuchw_Write_x_25_Words, XEuchw_Write_x_26_Words, XEuchw_Write_x_27_Words,
      |    ^~~~~~~~~~~~~~~~~~~~~~~
../src/main.c:50:4: note: (near initialization for 'XHLSWriteFunc[25]')
../src/main.c:50:29: warning: initialization of 'void (*)()' from incompatible pointer type 'u32 (*)(XEuchw *, int,  word_type *, int)' {aka 'long unsigned int (*)(XEuchw *, int,  long unsigned int *, int)'} [-Wincompatible-pointer-types]
   50 |    XEuchw_Write_x_25_Words, XEuchw_Write_x_26_Words, XEuchw_Write_x_27_Words,
      |                             ^~~~~~~~~~~~~~~~~~~~~~~
../src/main.c:50:29: note: (near initialization for 'XHLSWriteFunc[26]')
../src/main.c:50:54: warning: initialization of 'void (*)()' from incompatible pointer type 'u32 (*)(XEuchw *, int,  word_type *, int)' {aka 'long unsigned int (*)(XEuchw *, int,  long unsigned int *, int)'} [-Wincompatible-pointer-types]
   50 |    XEuchw_Write_x_25_Words, XEuchw_Write_x_26_Words, XEuchw_Write_x_27_Words,
      |                                                      ^~~~~~~~~~~~~~~~~~~~~~~
../src/main.c:50:54: note: (near initialization for 'XHLSWriteFunc[27]')
../src/main.c:51:4: warning: initialization of 'void (*)()' from incompatible pointer type 'u32 (*)(XEuchw *, int,  word_type *, int)' {aka 'long unsigned int (*)(XEuchw *, int,  long unsigned int *, int)'} [-Wincompatible-pointer-types]
   51 |    XEuchw_Write_x_28_Words, XEuchw_Write_x_29_Words, XEuchw_Write_x_30_Words,
      |    ^~~~~~~~~~~~~~~~~~~~~~~
../src/main.c:51:4: note: (near initialization for 'XHLSWriteFunc[28]')
../src/main.c:51:29: warning: initialization of 'void (*)()' from incompatible pointer type 'u32 (*)(XEuchw *, int,  word_type *, int)' {aka 'long unsigned int (*)(XEuchw *, int,  long unsigned int *, int)'} [-Wincompatible-pointer-types]
   51 |    XEuchw_Write_x_28_Words, XEuchw_Write_x_29_Words, XEuchw_Write_x_30_Words,
      |                             ^~~~~~~~~~~~~~~~~~~~~~~
../src/main.c:51:29: note: (near initialization for 'XHLSWriteFunc[29]')
../src/main.c:51:54: warning: initialization of 'void (*)()' from incompatible pointer type 'u32 (*)(XEuchw *, int,  word_type *, int)' {aka 'long unsigned int (*)(XEuchw *, int,  long unsigned int *, int)'} [-Wincompatible-pointer-types]
   51 |    XEuchw_Write_x_28_Words, XEuchw_Write_x_29_Words, XEuchw_Write_x_30_Words,
      |                                                      ^~~~~~~~~~~~~~~~~~~~~~~
../src/main.c:51:54: note: (near initialization for 'XHLSWriteFunc[30]')
../src/main.c:52:4: warning: initialization of 'void (*)()' from incompatible pointer type 'u32 (*)(XEuchw *, int,  word_type *, int)' {aka 'long unsigned int (*)(XEuchw *, int,  long unsigned int *, int)'} [-Wincompatible-pointer-types]
   52 |    XEuchw_Write_x_31_Words};
      |    ^~~~~~~~~~~~~~~~~~~~~~~
../src/main.c:52:4: note: (near initialization for 'XHLSWriteFunc[31]')
'Finished building: ../src/main.c'
' '
'Building target: euc1024int_concat.elf'
'Invoking: ARM v7 gcc linker'
arm-none-eabi-gcc -mcpu=cortex-a9 -mfpu=vfpv3 -mfloat-abi=hard -Wl,-build-id=none -specs=Xilinx.spec -Wl,-T -Wl,../src/lscript.ld -LC:/Users/juan_/Documents/FPGA/JA-RM-IPD432/T4_P3_2/euc1025_int_concat/Vitis/design_1_wrapper/export/design_1_wrapper/sw/design_1_wrapper/standalone_ps7_cortexa9_0/bsplib/lib -o "euc1024int_concat.elf"  ./src/main.o   -Wl,--start-group,-lxil,-lgcc,-lc,--end-group
'Finished building target: euc1024int_concat.elf'
' '
'Invoking: ARM v7 Print Size'
arm-none-eabi-size euc1024int_concat.elf  |tee "euc1024int_concat.elf.size"
   text	   data	    bss	    dec	    hex	filename
 131614	   3462	  22960	 158036	  26954	euc1024int_concat.elf
'Finished building: euc1024int_concat.elf.size'
' '
