

================================================================
== Synthesis Summary Report of 'eucHW_RC'
================================================================
+ General Information: 
    * Date:           Wed Mar 16 18:08:21 2022
    * Version:        2021.1 (Build 3247384 on Thu Jun 10 19:36:33 MDT 2021)
    * Project:        EucHLS
    * Solution:       solution1 (Vivado IP Flow Target)
    * Product family: artix7
    * Target device:  xc7a12ti-csg325-1L
    

+ Performance & Resource Estimates: 
    
    PS: '+' for module; 'o' for loop; '*' for dataflow
    +-----------------------------------+------+------+---------+---------+----------+---------+------+----------+------+-------------+------------+--------------+-----+
    |              Modules              | Issue|      | Latency | Latency | Iteration|         | Trip |          |      |             |            |              |     |
    |              & Loops              | Type | Slack| (cycles)|   (ns)  |  Latency | Interval| Count| Pipelined| BRAM |     DSP     |     FF     |      LUT     | URAM|
    +-----------------------------------+------+------+---------+---------+----------+---------+------+----------+------+-------------+------------+--------------+-----+
    |+ eucHW_RC                         |     -|  0.03|       16|  160.000|         -|       17|     -|        no|     -|  512 (1280%)|  8275 (51%)|  57739 (721%)|    -|
    | + grp_sqrt_fixed_32_32_s_fu_4141  |    II|  0.29|        8|   80.000|         -|        1|     -|       yes|     -|            -|    643 (4%)|    1368 (17%)|    -|
    +-----------------------------------+------+------+---------+---------+----------+---------+------+----------+------+-------------+------------+--------------+-----+


================================================================
== HW Interfaces
================================================================
* AP_MEMORY
+-----------+----------+
| Interface | Bitwidth |
+-----------+----------+
| C         | 32       |
+-----------+----------+

* REGISTER
+-----------+---------+----------+
| Interface | Mode    | Bitwidth |
+-----------+---------+----------+
| A         | ap_none | 8192     |
| B         | ap_none | 8192     |
+-----------+---------+----------+

* TOP LEVEL CONTROL
+-----------+------------+-----------------------------------+
| Interface | Type       | Ports                             |
+-----------+------------+-----------------------------------+
| ap_clk    | clock      | ap_clk                            |
| ap_rst    | reset      | ap_rst                            |
| ap_ctrl   | ap_ctrl_hs | ap_done ap_idle ap_ready ap_start |
+-----------+------------+-----------------------------------+


================================================================
== SW I/O Information
================================================================
* Top Function Arguments
+----------+-----------+----------------+
| Argument | Direction | Datatype       |
+----------+-----------+----------------+
| A        | in        | unsigned char* |
| B        | in        | unsigned char* |
| C        | out       | int*           |
+----------+-----------+----------------+

* SW-to-HW Mapping
+----------+----------+---------+
| Argument | HW Name  | HW Type |
+----------+----------+---------+
| A        | A        | port    |
| B        | B        | port    |
| C        | C        | port    |
| C        | C_ap_vld | port    |
+----------+----------+---------+


================================================================
== M_AXI Burst Information
================================================================

