

================================================================
== Synthesis Summary Report of 'eucHW'
================================================================
+ General Information: 
    * Date:           Tue Mar 15 17:19:11 2022
    * Version:        2021.1 (Build 3247384 on Thu Jun 10 19:36:33 MDT 2021)
    * Project:        EucHLS
    * Solution:       solution1 (Vivado IP Flow Target)
    * Product family: artix7
    * Target device:  xc7a12ti-csg325-1L
    

+ Performance & Resource Estimates: 
    
    PS: '+' for module; 'o' for loop; '*' for dataflow
    +----------------+------+------+---------+-----------+----------+---------+------+----------+------+--------+--------------+--------------+-----+
    |     Modules    | Issue|      | Latency |  Latency  | Iteration|         | Trip |          |      |        |              |              |     |
    |     & Loops    | Type | Slack| (cycles)|    (ns)   |  Latency | Interval| Count| Pipelined| BRAM |   DSP  |      FF      |      LUT     | URAM|
    +----------------+------+------+---------+-----------+----------+---------+------+----------+------+--------+--------------+--------------+-----+
    |+ eucHW         |     -|  0.96|     7196|  7.196e+04|         -|     7197|     -|        no|     -|  2 (5%)|  50849 (317%)|  36766 (459%)|    -|
    | o loopManDist  |    II|  7.30|     7179|  7.179e+04|        26|       14|   512|       yes|     -|       -|             -|             -|    -|
    +----------------+------+------+---------+-----------+----------+---------+------+----------+------+--------+--------------+--------------+-----+


================================================================
== HW Interfaces
================================================================
* AP_MEMORY
+-----------+----------+
| Interface | Bitwidth |
+-----------+----------+
| C         | 32       |
+-----------+----------+

* REGISTER
+-----------+---------+----------+
| Interface | Mode    | Bitwidth |
+-----------+---------+----------+
| A         | ap_none | 8192     |
| B         | ap_none | 8192     |
+-----------+---------+----------+

* TOP LEVEL CONTROL
+-----------+------------+-----------------------------------+
| Interface | Type       | Ports                             |
+-----------+------------+-----------------------------------+
| ap_clk    | clock      | ap_clk                            |
| ap_rst    | reset      | ap_rst                            |
| ap_ctrl   | ap_ctrl_hs | ap_done ap_idle ap_ready ap_start |
+-----------+------------+-----------------------------------+


================================================================
== SW I/O Information
================================================================
* Top Function Arguments
+----------+-----------+----------------+
| Argument | Direction | Datatype       |
+----------+-----------+----------------+
| A        | in        | unsigned char* |
| B        | in        | unsigned char* |
| C        | out       | float*         |
+----------+-----------+----------------+

* SW-to-HW Mapping
+----------+----------+---------+
| Argument | HW Name  | HW Type |
+----------+----------+---------+
| A        | A        | port    |
| B        | B        | port    |
| C        | C        | port    |
| C        | C_ap_vld | port    |
+----------+----------+---------+


================================================================
== M_AXI Burst Information
================================================================

