

================================================================
== Vitis HLS Report for 'eucHW'
================================================================
* Date:           Sun Mar 20 17:25:38 2022

* Version:        2021.1 (Build 3247384 on Thu Jun 10 19:36:33 MDT 2021)
* Project:        EucHLS
* Solution:       solution1 (Vivado IP Flow Target)
* Product family: zynq
* Target device:  xc7z010i-clg400-1L


================================================================
== Performance Estimates
================================================================
+ Timing: 
    * Summary: 
    +--------+----------+----------+------------+
    |  Clock |  Target  | Estimated| Uncertainty|
    +--------+----------+----------+------------+
    |ap_clk  |  10.00 ns|  7.155 ns|     2.70 ns|
    +--------+----------+----------+------------+

+ Latency: 
    * Summary: 
    +---------+---------+----------+----------+-----+-----+---------+
    |  Latency (cycles) |  Latency (absolute) |  Interval | Pipeline|
    |   min   |   max   |    min   |    max   | min | max |   Type  |
    +---------+---------+----------+----------+-----+-----+---------+
    |       31|       31|  0.310 us|  0.310 us|   32|   32|       no|
    +---------+---------+----------+----------+-----+-----+---------+

    + Detail: 
        * Instance: 
        +--------------------------------+--------------------+---------+---------+-----------+-----------+-----+-----+---------+
        |                                |                    |  Latency (cycles) |   Latency (absolute)  |  Interval | Pipeline|
        |            Instance            |       Module       |   min   |   max   |    min    |    max    | min | max |   Type  |
        +--------------------------------+--------------------+---------+---------+-----------+-----------+-----+-----+---------+
        |grp_sqrt_fixed_32_32_s_fu_2521  |sqrt_fixed_32_32_s  |        7|        7|  70.000 ns|  70.000 ns|    1|    1|      yes|
        +--------------------------------+--------------------+---------+---------+-----------+-----------+-----+-----+---------+

        * Loop: 
        N/A



================================================================
== Utilization Estimates
================================================================
* Summary: 
+-----------------+---------+----+-------+-------+-----+
|       Name      | BRAM_18K| DSP|   FF  |  LUT  | URAM|
+-----------------+---------+----+-------+-------+-----+
|DSP              |        -|  64|      -|      -|    -|
|Expression       |        -|   -|      0|   3487|    -|
|FIFO             |        -|   -|      -|      -|    -|
|Instance         |       16|   0|   1933|   5825|    -|
|Memory           |        -|   -|      -|      -|    -|
|Multiplexer      |        -|   -|      -|   1443|    -|
|Register         |        -|   -|   1179|      -|    -|
+-----------------+---------+----+-------+-------+-----+
|Total            |       16|  64|   3112|  10755|    0|
+-----------------+---------+----+-------+-------+-----+
|Available        |      120|  80|  35200|  17600|    0|
+-----------------+---------+----+-------+-------+-----+
|Utilization (%)  |       13|  80|      8|     61|    0|
+-----------------+---------+----+-------+-------+-----+

+ Detail: 
    * Instance: 
    +--------------------------------+--------------------+---------+----+------+------+-----+
    |            Instance            |       Module       | BRAM_18K| DSP|  FF  |  LUT | URAM|
    +--------------------------------+--------------------+---------+----+------+------+-----+
    |control_s_axi_U                 |control_s_axi       |       16|   0|  1354|  1224|    0|
    |mul_9s_9s_18_1_1_U2             |mul_9s_9s_18_1_1    |        0|   0|     0|    51|    0|
    |mul_9s_9s_18_1_1_U3             |mul_9s_9s_18_1_1    |        0|   0|     0|    51|    0|
    |mul_9s_9s_18_1_1_U4             |mul_9s_9s_18_1_1    |        0|   0|     0|    51|    0|
    |mul_9s_9s_18_1_1_U5             |mul_9s_9s_18_1_1    |        0|   0|     0|    51|    0|
    |mul_9s_9s_18_1_1_U6             |mul_9s_9s_18_1_1    |        0|   0|     0|    51|    0|
    |mul_9s_9s_18_1_1_U7             |mul_9s_9s_18_1_1    |        0|   0|     0|    51|    0|
    |mul_9s_9s_18_1_1_U8             |mul_9s_9s_18_1_1    |        0|   0|     0|    51|    0|
    |mul_9s_9s_18_1_1_U9             |mul_9s_9s_18_1_1    |        0|   0|     0|    51|    0|
    |mul_9s_9s_18_1_1_U10            |mul_9s_9s_18_1_1    |        0|   0|     0|    51|    0|
    |mul_9s_9s_18_1_1_U11            |mul_9s_9s_18_1_1    |        0|   0|     0|    51|    0|
    |mul_9s_9s_18_1_1_U12            |mul_9s_9s_18_1_1    |        0|   0|     0|    51|    0|
    |mul_9s_9s_18_1_1_U13            |mul_9s_9s_18_1_1    |        0|   0|     0|    51|    0|
    |mul_9s_9s_18_1_1_U14            |mul_9s_9s_18_1_1    |        0|   0|     0|    51|    0|
    |mul_9s_9s_18_1_1_U15            |mul_9s_9s_18_1_1    |        0|   0|     0|    51|    0|
    |mul_9s_9s_18_1_1_U16            |mul_9s_9s_18_1_1    |        0|   0|     0|    51|    0|
    |mul_9s_9s_18_1_1_U17            |mul_9s_9s_18_1_1    |        0|   0|     0|    51|    0|
    |mul_9s_9s_18_1_1_U18            |mul_9s_9s_18_1_1    |        0|   0|     0|    51|    0|
    |mul_9s_9s_18_1_1_U19            |mul_9s_9s_18_1_1    |        0|   0|     0|    51|    0|
    |mul_9s_9s_18_1_1_U20            |mul_9s_9s_18_1_1    |        0|   0|     0|    51|    0|
    |mul_9s_9s_18_1_1_U21            |mul_9s_9s_18_1_1    |        0|   0|     0|    51|    0|
    |mul_9s_9s_18_1_1_U22            |mul_9s_9s_18_1_1    |        0|   0|     0|    51|    0|
    |mul_9s_9s_18_1_1_U23            |mul_9s_9s_18_1_1    |        0|   0|     0|    51|    0|
    |mul_9s_9s_18_1_1_U24            |mul_9s_9s_18_1_1    |        0|   0|     0|    51|    0|
    |mul_9s_9s_18_1_1_U25            |mul_9s_9s_18_1_1    |        0|   0|     0|    51|    0|
    |mul_9s_9s_18_1_1_U26            |mul_9s_9s_18_1_1    |        0|   0|     0|    51|    0|
    |mul_9s_9s_18_1_1_U27            |mul_9s_9s_18_1_1    |        0|   0|     0|    51|    0|
    |mul_9s_9s_18_1_1_U28            |mul_9s_9s_18_1_1    |        0|   0|     0|    51|    0|
    |mul_9s_9s_18_1_1_U29            |mul_9s_9s_18_1_1    |        0|   0|     0|    51|    0|
    |mul_9s_9s_18_1_1_U30            |mul_9s_9s_18_1_1    |        0|   0|     0|    51|    0|
    |mul_9s_9s_18_1_1_U31            |mul_9s_9s_18_1_1    |        0|   0|     0|    51|    0|
    |mul_9s_9s_18_1_1_U32            |mul_9s_9s_18_1_1    |        0|   0|     0|    51|    0|
    |mul_9s_9s_18_1_1_U33            |mul_9s_9s_18_1_1    |        0|   0|     0|    51|    0|
    |mul_9s_9s_18_1_1_U34            |mul_9s_9s_18_1_1    |        0|   0|     0|    51|    0|
    |mul_9s_9s_18_1_1_U35            |mul_9s_9s_18_1_1    |        0|   0|     0|    51|    0|
    |mul_9s_9s_18_1_1_U36            |mul_9s_9s_18_1_1    |        0|   0|     0|    51|    0|
    |mul_9s_9s_18_1_1_U37            |mul_9s_9s_18_1_1    |        0|   0|     0|    51|    0|
    |mul_9s_9s_18_1_1_U38            |mul_9s_9s_18_1_1    |        0|   0|     0|    51|    0|
    |mul_9s_9s_18_1_1_U39            |mul_9s_9s_18_1_1    |        0|   0|     0|    51|    0|
    |mul_9s_9s_18_1_1_U40            |mul_9s_9s_18_1_1    |        0|   0|     0|    51|    0|
    |mul_9s_9s_18_1_1_U41            |mul_9s_9s_18_1_1    |        0|   0|     0|    51|    0|
    |mul_9s_9s_18_1_1_U42            |mul_9s_9s_18_1_1    |        0|   0|     0|    51|    0|
    |mul_9s_9s_18_1_1_U43            |mul_9s_9s_18_1_1    |        0|   0|     0|    51|    0|
    |mul_9s_9s_18_1_1_U44            |mul_9s_9s_18_1_1    |        0|   0|     0|    51|    0|
    |mul_9s_9s_18_1_1_U45            |mul_9s_9s_18_1_1    |        0|   0|     0|    51|    0|
    |mul_9s_9s_18_1_1_U46            |mul_9s_9s_18_1_1    |        0|   0|     0|    51|    0|
    |mul_9s_9s_18_1_1_U47            |mul_9s_9s_18_1_1    |        0|   0|     0|    51|    0|
    |mul_9s_9s_18_1_1_U48            |mul_9s_9s_18_1_1    |        0|   0|     0|    51|    0|
    |mul_9s_9s_18_1_1_U49            |mul_9s_9s_18_1_1    |        0|   0|     0|    51|    0|
    |mul_9s_9s_18_1_1_U50            |mul_9s_9s_18_1_1    |        0|   0|     0|    51|    0|
    |mul_9s_9s_18_1_1_U51            |mul_9s_9s_18_1_1    |        0|   0|     0|    51|    0|
    |mul_9s_9s_18_1_1_U52            |mul_9s_9s_18_1_1    |        0|   0|     0|    51|    0|
    |mul_9s_9s_18_1_1_U53            |mul_9s_9s_18_1_1    |        0|   0|     0|    51|    0|
    |mul_9s_9s_18_1_1_U54            |mul_9s_9s_18_1_1    |        0|   0|     0|    51|    0|
    |mul_9s_9s_18_1_1_U55            |mul_9s_9s_18_1_1    |        0|   0|     0|    51|    0|
    |mul_9s_9s_18_1_1_U56            |mul_9s_9s_18_1_1    |        0|   0|     0|    51|    0|
    |mul_9s_9s_18_1_1_U57            |mul_9s_9s_18_1_1    |        0|   0|     0|    51|    0|
    |mul_9s_9s_18_1_1_U58            |mul_9s_9s_18_1_1    |        0|   0|     0|    51|    0|
    |mul_9s_9s_18_1_1_U59            |mul_9s_9s_18_1_1    |        0|   0|     0|    51|    0|
    |mul_9s_9s_18_1_1_U60            |mul_9s_9s_18_1_1    |        0|   0|     0|    51|    0|
    |mul_9s_9s_18_1_1_U61            |mul_9s_9s_18_1_1    |        0|   0|     0|    51|    0|
    |mul_9s_9s_18_1_1_U62            |mul_9s_9s_18_1_1    |        0|   0|     0|    51|    0|
    |mul_9s_9s_18_1_1_U63            |mul_9s_9s_18_1_1    |        0|   0|     0|    51|    0|
    |mul_9s_9s_18_1_1_U64            |mul_9s_9s_18_1_1    |        0|   0|     0|    51|    0|
    |mul_9s_9s_18_1_1_U65            |mul_9s_9s_18_1_1    |        0|   0|     0|    51|    0|
    |grp_sqrt_fixed_32_32_s_fu_2521  |sqrt_fixed_32_32_s  |        0|   0|   579|  1337|    0|
    +--------------------------------+--------------------+---------+----+------+------+-----+
    |Total                           |                    |       16|   0|  1933|  5825|    0|
    +--------------------------------+--------------------+---------+----+------+------+-----+

    * DSP: 
    +----------------------------------+-----------------------------+--------------+
    |             Instance             |            Module           |  Expression  |
    +----------------------------------+-----------------------------+--------------+
    |mac_muladd_9s_9s_18s_18_4_1_U66   |mac_muladd_9s_9s_18s_18_4_1  |  i0 + i1 * i1|
    |mac_muladd_9s_9s_18s_18_4_1_U67   |mac_muladd_9s_9s_18s_18_4_1  |  i0 + i1 * i1|
    |mac_muladd_9s_9s_18s_18_4_1_U68   |mac_muladd_9s_9s_18s_18_4_1  |  i0 + i1 * i1|
    |mac_muladd_9s_9s_18s_18_4_1_U69   |mac_muladd_9s_9s_18s_18_4_1  |  i0 + i1 * i1|
    |mac_muladd_9s_9s_18s_18_4_1_U70   |mac_muladd_9s_9s_18s_18_4_1  |  i0 + i1 * i1|
    |mac_muladd_9s_9s_18s_18_4_1_U71   |mac_muladd_9s_9s_18s_18_4_1  |  i0 + i1 * i1|
    |mac_muladd_9s_9s_18s_18_4_1_U72   |mac_muladd_9s_9s_18s_18_4_1  |  i0 + i1 * i1|
    |mac_muladd_9s_9s_18s_18_4_1_U73   |mac_muladd_9s_9s_18s_18_4_1  |  i0 + i1 * i1|
    |mac_muladd_9s_9s_18s_18_4_1_U74   |mac_muladd_9s_9s_18s_18_4_1  |  i0 + i1 * i1|
    |mac_muladd_9s_9s_18s_18_4_1_U75   |mac_muladd_9s_9s_18s_18_4_1  |  i0 + i1 * i1|
    |mac_muladd_9s_9s_18s_18_4_1_U76   |mac_muladd_9s_9s_18s_18_4_1  |  i0 + i1 * i1|
    |mac_muladd_9s_9s_18s_18_4_1_U77   |mac_muladd_9s_9s_18s_18_4_1  |  i0 + i1 * i1|
    |mac_muladd_9s_9s_18s_18_4_1_U78   |mac_muladd_9s_9s_18s_18_4_1  |  i0 + i1 * i1|
    |mac_muladd_9s_9s_18s_18_4_1_U79   |mac_muladd_9s_9s_18s_18_4_1  |  i0 + i1 * i1|
    |mac_muladd_9s_9s_18s_18_4_1_U80   |mac_muladd_9s_9s_18s_18_4_1  |  i0 + i1 * i1|
    |mac_muladd_9s_9s_18s_18_4_1_U81   |mac_muladd_9s_9s_18s_18_4_1  |  i0 + i1 * i1|
    |mac_muladd_9s_9s_18s_18_4_1_U82   |mac_muladd_9s_9s_18s_18_4_1  |  i0 + i1 * i1|
    |mac_muladd_9s_9s_18s_18_4_1_U83   |mac_muladd_9s_9s_18s_18_4_1  |  i0 + i1 * i1|
    |mac_muladd_9s_9s_18s_18_4_1_U84   |mac_muladd_9s_9s_18s_18_4_1  |  i0 + i1 * i1|
    |mac_muladd_9s_9s_18s_18_4_1_U85   |mac_muladd_9s_9s_18s_18_4_1  |  i0 + i1 * i1|
    |mac_muladd_9s_9s_18s_18_4_1_U86   |mac_muladd_9s_9s_18s_18_4_1  |  i0 + i1 * i1|
    |mac_muladd_9s_9s_18s_18_4_1_U87   |mac_muladd_9s_9s_18s_18_4_1  |  i0 + i1 * i1|
    |mac_muladd_9s_9s_18s_18_4_1_U88   |mac_muladd_9s_9s_18s_18_4_1  |  i0 + i1 * i1|
    |mac_muladd_9s_9s_18s_18_4_1_U89   |mac_muladd_9s_9s_18s_18_4_1  |  i0 + i1 * i1|
    |mac_muladd_9s_9s_18s_18_4_1_U90   |mac_muladd_9s_9s_18s_18_4_1  |  i0 + i1 * i1|
    |mac_muladd_9s_9s_18s_18_4_1_U91   |mac_muladd_9s_9s_18s_18_4_1  |  i0 + i1 * i1|
    |mac_muladd_9s_9s_18s_18_4_1_U92   |mac_muladd_9s_9s_18s_18_4_1  |  i0 + i1 * i1|
    |mac_muladd_9s_9s_18s_18_4_1_U93   |mac_muladd_9s_9s_18s_18_4_1  |  i0 + i1 * i1|
    |mac_muladd_9s_9s_18s_18_4_1_U94   |mac_muladd_9s_9s_18s_18_4_1  |  i0 + i1 * i1|
    |mac_muladd_9s_9s_18s_18_4_1_U95   |mac_muladd_9s_9s_18s_18_4_1  |  i0 + i1 * i1|
    |mac_muladd_9s_9s_18s_18_4_1_U96   |mac_muladd_9s_9s_18s_18_4_1  |  i0 + i1 * i1|
    |mac_muladd_9s_9s_18s_18_4_1_U97   |mac_muladd_9s_9s_18s_18_4_1  |  i0 + i1 * i1|
    |mac_muladd_9s_9s_18s_18_4_1_U98   |mac_muladd_9s_9s_18s_18_4_1  |  i0 + i1 * i1|
    |mac_muladd_9s_9s_18s_18_4_1_U99   |mac_muladd_9s_9s_18s_18_4_1  |  i0 + i1 * i1|
    |mac_muladd_9s_9s_18s_18_4_1_U100  |mac_muladd_9s_9s_18s_18_4_1  |  i0 + i1 * i1|
    |mac_muladd_9s_9s_18s_18_4_1_U101  |mac_muladd_9s_9s_18s_18_4_1  |  i0 + i1 * i1|
    |mac_muladd_9s_9s_18s_18_4_1_U102  |mac_muladd_9s_9s_18s_18_4_1  |  i0 + i1 * i1|
    |mac_muladd_9s_9s_18s_18_4_1_U103  |mac_muladd_9s_9s_18s_18_4_1  |  i0 + i1 * i1|
    |mac_muladd_9s_9s_18s_18_4_1_U104  |mac_muladd_9s_9s_18s_18_4_1  |  i0 + i1 * i1|
    |mac_muladd_9s_9s_18s_18_4_1_U105  |mac_muladd_9s_9s_18s_18_4_1  |  i0 + i1 * i1|
    |mac_muladd_9s_9s_18s_18_4_1_U106  |mac_muladd_9s_9s_18s_18_4_1  |  i0 + i1 * i1|
    |mac_muladd_9s_9s_18s_18_4_1_U107  |mac_muladd_9s_9s_18s_18_4_1  |  i0 + i1 * i1|
    |mac_muladd_9s_9s_18s_18_4_1_U108  |mac_muladd_9s_9s_18s_18_4_1  |  i0 + i1 * i1|
    |mac_muladd_9s_9s_18s_18_4_1_U109  |mac_muladd_9s_9s_18s_18_4_1  |  i0 + i1 * i1|
    |mac_muladd_9s_9s_18s_18_4_1_U110  |mac_muladd_9s_9s_18s_18_4_1  |  i0 + i1 * i1|
    |mac_muladd_9s_9s_18s_18_4_1_U111  |mac_muladd_9s_9s_18s_18_4_1  |  i0 + i1 * i1|
    |mac_muladd_9s_9s_18s_18_4_1_U112  |mac_muladd_9s_9s_18s_18_4_1  |  i0 + i1 * i1|
    |mac_muladd_9s_9s_18s_18_4_1_U113  |mac_muladd_9s_9s_18s_18_4_1  |  i0 + i1 * i1|
    |mac_muladd_9s_9s_18s_18_4_1_U114  |mac_muladd_9s_9s_18s_18_4_1  |  i0 + i1 * i1|
    |mac_muladd_9s_9s_18s_18_4_1_U115  |mac_muladd_9s_9s_18s_18_4_1  |  i0 + i1 * i1|
    |mac_muladd_9s_9s_18s_18_4_1_U116  |mac_muladd_9s_9s_18s_18_4_1  |  i0 + i1 * i1|
    |mac_muladd_9s_9s_18s_18_4_1_U117  |mac_muladd_9s_9s_18s_18_4_1  |  i0 + i1 * i1|
    |mac_muladd_9s_9s_18s_18_4_1_U118  |mac_muladd_9s_9s_18s_18_4_1  |  i0 + i1 * i1|
    |mac_muladd_9s_9s_18s_18_4_1_U119  |mac_muladd_9s_9s_18s_18_4_1  |  i0 + i1 * i1|
    |mac_muladd_9s_9s_18s_18_4_1_U120  |mac_muladd_9s_9s_18s_18_4_1  |  i0 + i1 * i1|
    |mac_muladd_9s_9s_18s_18_4_1_U121  |mac_muladd_9s_9s_18s_18_4_1  |  i0 + i1 * i1|
    |mac_muladd_9s_9s_18s_18_4_1_U122  |mac_muladd_9s_9s_18s_18_4_1  |  i0 + i1 * i1|
    |mac_muladd_9s_9s_18s_18_4_1_U123  |mac_muladd_9s_9s_18s_18_4_1  |  i0 + i1 * i1|
    |mac_muladd_9s_9s_18s_18_4_1_U124  |mac_muladd_9s_9s_18s_18_4_1  |  i0 + i1 * i1|
    |mac_muladd_9s_9s_18s_18_4_1_U125  |mac_muladd_9s_9s_18s_18_4_1  |  i0 + i1 * i1|
    |mac_muladd_9s_9s_18s_18_4_1_U126  |mac_muladd_9s_9s_18s_18_4_1  |  i0 + i1 * i1|
    |mac_muladd_9s_9s_18s_18_4_1_U127  |mac_muladd_9s_9s_18s_18_4_1  |  i0 + i1 * i1|
    |mac_muladd_9s_9s_18s_18_4_1_U128  |mac_muladd_9s_9s_18s_18_4_1  |  i0 + i1 * i1|
    |mac_muladd_9s_9s_18s_18_4_1_U129  |mac_muladd_9s_9s_18s_18_4_1  |  i0 + i1 * i1|
    +----------------------------------+-----------------------------+--------------+

    * Memory: 
    N/A

    * FIFO: 
    N/A

    * Expression: 
    +-------------------------+----------+----+---+----+------------+------------+
    |      Variable Name      | Operation| DSP| FF| LUT| Bitwidth P0| Bitwidth P1|
    +-------------------------+----------+----+---+----+------------+------------+
    |add_ln16_100_fu_5536_p2  |         +|   0|  0|  27|          20|          20|
    |add_ln16_103_fu_5654_p2  |         +|   0|  0|  26|          19|          19|
    |add_ln16_106_fu_5670_p2  |         +|   0|  0|  26|          19|          19|
    |add_ln16_107_fu_5680_p2  |         +|   0|  0|  27|          20|          20|
    |add_ln16_108_fu_5746_p2  |         +|   0|  0|  28|          21|          21|
    |add_ln16_111_fu_5758_p2  |         +|   0|  0|  26|          19|          19|
    |add_ln16_114_fu_5774_p2  |         +|   0|  0|  26|          19|          19|
    |add_ln16_115_fu_5784_p2  |         +|   0|  0|  27|          20|          20|
    |add_ln16_118_fu_5821_p2  |         +|   0|  0|  26|          19|          19|
    |add_ln16_121_fu_5837_p2  |         +|   0|  0|  26|          19|          19|
    |add_ln16_122_fu_5847_p2  |         +|   0|  0|  27|          20|          20|
    |add_ln16_123_fu_5903_p2  |         +|   0|  0|  28|          21|          21|
    |add_ln16_124_fu_5913_p2  |         +|   0|  0|  29|          22|          22|
    |add_ln16_125_fu_5923_p2  |         +|   0|  0|  30|          23|          23|
    |add_ln16_12_fu_3212_p2   |         +|   0|  0|  26|          19|          19|
    |add_ln16_13_fu_3222_p2   |         +|   0|  0|  27|          20|          20|
    |add_ln16_14_fu_5859_p2   |         +|   0|  0|  28|          21|          21|
    |add_ln16_17_fu_3398_p2   |         +|   0|  0|  26|          19|          19|
    |add_ln16_20_fu_3414_p2   |         +|   0|  0|  26|          19|          19|
    |add_ln16_21_fu_3424_p2   |         +|   0|  0|  27|          20|          20|
    |add_ln16_24_fu_3600_p2   |         +|   0|  0|  26|          19|          19|
    |add_ln16_27_fu_3616_p2   |         +|   0|  0|  26|          19|          19|
    |add_ln16_28_fu_3626_p2   |         +|   0|  0|  27|          20|          20|
    |add_ln16_29_fu_3802_p2   |         +|   0|  0|  28|          21|          21|
    |add_ln16_2_fu_5796_p2    |         +|   0|  0|  26|          19|          19|
    |add_ln16_30_fu_5872_p2   |         +|   0|  0|  29|          22|          22|
    |add_ln16_33_fu_3814_p2   |         +|   0|  0|  26|          19|          19|
    |add_ln16_36_fu_3830_p2   |         +|   0|  0|  26|          19|          19|
    |add_ln16_37_fu_3840_p2   |         +|   0|  0|  27|          20|          20|
    |add_ln16_40_fu_4016_p2   |         +|   0|  0|  26|          19|          19|
    |add_ln16_43_fu_4032_p2   |         +|   0|  0|  26|          19|          19|
    |add_ln16_44_fu_4042_p2   |         +|   0|  0|  27|          20|          20|
    |add_ln16_45_fu_4218_p2   |         +|   0|  0|  28|          21|          21|
    |add_ln16_48_fu_4230_p2   |         +|   0|  0|  26|          19|          19|
    |add_ln16_51_fu_4246_p2   |         +|   0|  0|  26|          19|          19|
    |add_ln16_52_fu_4256_p2   |         +|   0|  0|  27|          20|          20|
    |add_ln16_55_fu_4432_p2   |         +|   0|  0|  26|          19|          19|
    |add_ln16_58_fu_4448_p2   |         +|   0|  0|  26|          19|          19|
    |add_ln16_59_fu_4458_p2   |         +|   0|  0|  27|          20|          20|
    |add_ln16_5_fu_3020_p2    |         +|   0|  0|  26|          19|          19|
    |add_ln16_60_fu_4637_p2   |         +|   0|  0|  28|          21|          21|
    |add_ln16_61_fu_4647_p2   |         +|   0|  0|  29|          22|          22|
    |add_ln16_62_fu_5885_p2   |         +|   0|  0|  30|          23|          23|
    |add_ln16_65_fu_4659_p2   |         +|   0|  0|  26|          19|          19|
    |add_ln16_68_fu_4675_p2   |         +|   0|  0|  26|          19|          19|
    |add_ln16_69_fu_4685_p2   |         +|   0|  0|  27|          20|          20|
    |add_ln16_6_fu_5809_p2    |         +|   0|  0|  27|          20|          20|
    |add_ln16_72_fu_4861_p2   |         +|   0|  0|  26|          19|          19|
    |add_ln16_75_fu_4877_p2   |         +|   0|  0|  26|          19|          19|
    |add_ln16_76_fu_4887_p2   |         +|   0|  0|  27|          20|          20|
    |add_ln16_77_fu_5063_p2   |         +|   0|  0|  28|          21|          21|
    |add_ln16_80_fu_5075_p2   |         +|   0|  0|  26|          19|          19|
    |add_ln16_83_fu_5091_p2   |         +|   0|  0|  26|          19|          19|
    |add_ln16_84_fu_5101_p2   |         +|   0|  0|  27|          20|          20|
    |add_ln16_87_fu_5277_p2   |         +|   0|  0|  26|          19|          19|
    |add_ln16_90_fu_5293_p2   |         +|   0|  0|  26|          19|          19|
    |add_ln16_91_fu_5303_p2   |         +|   0|  0|  27|          20|          20|
    |add_ln16_92_fu_5488_p2   |         +|   0|  0|  28|          21|          21|
    |add_ln16_93_fu_5498_p2   |         +|   0|  0|  29|          22|          22|
    |add_ln16_96_fu_5510_p2   |         +|   0|  0|  26|          19|          19|
    |add_ln16_99_fu_5526_p2   |         +|   0|  0|  26|          19|          19|
    |add_ln16_9_fu_3196_p2    |         +|   0|  0|  26|          19|          19|
    |result_2_fu_5935_p2      |         +|   0|  0|  31|          24|          24|
    |sub_ln16_100_fu_4965_p2  |         -|   0|  0|  14|           9|           9|
    |sub_ln16_101_fu_4827_p2  |         -|   0|  0|  14|           9|           9|
    |sub_ln16_102_fu_4979_p2  |         -|   0|  0|  14|           9|           9|
    |sub_ln16_103_fu_4845_p2  |         -|   0|  0|  14|           9|           9|
    |sub_ln16_104_fu_5151_p2  |         -|   0|  0|  14|           9|           9|
    |sub_ln16_105_fu_4993_p2  |         -|   0|  0|  14|           9|           9|
    |sub_ln16_106_fu_5165_p2  |         -|   0|  0|  14|           9|           9|
    |sub_ln16_107_fu_5011_p2  |         -|   0|  0|  14|           9|           9|
    |sub_ln16_108_fu_5179_p2  |         -|   0|  0|  14|           9|           9|
    |sub_ln16_109_fu_5029_p2  |         -|   0|  0|  14|           9|           9|
    |sub_ln16_10_fu_2744_p2   |         -|   0|  0|  14|           9|           9|
    |sub_ln16_110_fu_5193_p2  |         -|   0|  0|  14|           9|           9|
    |sub_ln16_111_fu_5047_p2  |         -|   0|  0|  14|           9|           9|
    |sub_ln16_112_fu_5359_p2  |         -|   0|  0|  14|           9|           9|
    |sub_ln16_113_fu_5207_p2  |         -|   0|  0|  14|           9|           9|
    |sub_ln16_114_fu_5373_p2  |         -|   0|  0|  14|           9|           9|
    |sub_ln16_115_fu_5225_p2  |         -|   0|  0|  14|           9|           9|
    |sub_ln16_116_fu_5387_p2  |         -|   0|  0|  14|           9|           9|
    |sub_ln16_117_fu_5243_p2  |         -|   0|  0|  14|           9|           9|
    |sub_ln16_118_fu_5401_p2  |         -|   0|  0|  14|           9|           9|
    |sub_ln16_119_fu_5261_p2  |         -|   0|  0|  14|           9|           9|
    |sub_ln16_11_fu_2658_p2   |         -|   0|  0|  14|           9|           9|
    |sub_ln16_120_fu_5600_p2  |         -|   0|  0|  14|           9|           9|
    |sub_ln16_121_fu_5415_p2  |         -|   0|  0|  14|           9|           9|
    |sub_ln16_122_fu_5614_p2  |         -|   0|  0|  14|           9|           9|
    |sub_ln16_123_fu_5433_p2  |         -|   0|  0|  14|           9|           9|
    |sub_ln16_124_fu_5628_p2  |         -|   0|  0|  14|           9|           9|
    |sub_ln16_125_fu_5451_p2  |         -|   0|  0|  14|           9|           9|
    |sub_ln16_126_fu_5642_p2  |         -|   0|  0|  14|           9|           9|
    |sub_ln16_127_fu_5469_p2  |         -|   0|  0|  14|           9|           9|
    |sub_ln16_12_fu_2758_p2   |         -|   0|  0|  14|           9|           9|
    |sub_ln16_13_fu_2676_p2   |         -|   0|  0|  14|           9|           9|
    |sub_ln16_14_fu_2772_p2   |         -|   0|  0|  14|           9|           9|
    |sub_ln16_15_fu_2694_p2   |         -|   0|  0|  14|           9|           9|
    |sub_ln16_16_fu_2894_p2   |         -|   0|  0|  14|           9|           9|
    |sub_ln16_17_fu_2786_p2   |         -|   0|  0|  14|           9|           9|
    |sub_ln16_18_fu_2908_p2   |         -|   0|  0|  14|           9|           9|
    |sub_ln16_19_fu_2804_p2   |         -|   0|  0|  14|           9|           9|
    |sub_ln16_1_fu_5550_p2    |         -|   0|  0|  14|           9|           9|
    |sub_ln16_20_fu_2922_p2   |         -|   0|  0|  14|           9|           9|
    |sub_ln16_21_fu_2822_p2   |         -|   0|  0|  14|           9|           9|
    |sub_ln16_22_fu_2936_p2   |         -|   0|  0|  14|           9|           9|
    |sub_ln16_23_fu_2840_p2   |         -|   0|  0|  14|           9|           9|
    |sub_ln16_24_fu_3070_p2   |         -|   0|  0|  14|           9|           9|
    |sub_ln16_25_fu_2950_p2   |         -|   0|  0|  14|           9|           9|
    |sub_ln16_26_fu_3084_p2   |         -|   0|  0|  14|           9|           9|
    |sub_ln16_27_fu_2968_p2   |         -|   0|  0|  14|           9|           9|
    |sub_ln16_28_fu_3098_p2   |         -|   0|  0|  14|           9|           9|
    |sub_ln16_29_fu_2986_p2   |         -|   0|  0|  14|           9|           9|
    |sub_ln16_2_fu_2598_p2    |         -|   0|  0|  14|           9|           9|
    |sub_ln16_30_fu_3112_p2   |         -|   0|  0|  14|           9|           9|
    |sub_ln16_31_fu_3004_p2   |         -|   0|  0|  14|           9|           9|
    |sub_ln16_32_fu_3272_p2   |         -|   0|  0|  14|           9|           9|
    |sub_ln16_33_fu_3126_p2   |         -|   0|  0|  14|           9|           9|
    |sub_ln16_34_fu_3286_p2   |         -|   0|  0|  14|           9|           9|
    |sub_ln16_35_fu_3144_p2   |         -|   0|  0|  14|           9|           9|
    |sub_ln16_36_fu_3300_p2   |         -|   0|  0|  14|           9|           9|
    |sub_ln16_37_fu_3162_p2   |         -|   0|  0|  14|           9|           9|
    |sub_ln16_38_fu_3314_p2   |         -|   0|  0|  14|           9|           9|
    |sub_ln16_39_fu_3180_p2   |         -|   0|  0|  14|           9|           9|
    |sub_ln16_3_fu_2534_p2    |         -|   0|  0|  14|           9|           9|
    |sub_ln16_40_fu_3474_p2   |         -|   0|  0|  14|           9|           9|
    |sub_ln16_41_fu_3328_p2   |         -|   0|  0|  14|           9|           9|
    |sub_ln16_42_fu_3488_p2   |         -|   0|  0|  14|           9|           9|
    |sub_ln16_43_fu_3346_p2   |         -|   0|  0|  14|           9|           9|
    |sub_ln16_44_fu_3502_p2   |         -|   0|  0|  14|           9|           9|
    |sub_ln16_45_fu_3364_p2   |         -|   0|  0|  14|           9|           9|
    |sub_ln16_46_fu_3516_p2   |         -|   0|  0|  14|           9|           9|
    |sub_ln16_47_fu_3382_p2   |         -|   0|  0|  14|           9|           9|
    |sub_ln16_48_fu_3676_p2   |         -|   0|  0|  14|           9|           9|
    |sub_ln16_49_fu_3530_p2   |         -|   0|  0|  14|           9|           9|
    |sub_ln16_4_fu_2612_p2    |         -|   0|  0|  14|           9|           9|
    |sub_ln16_50_fu_3690_p2   |         -|   0|  0|  14|           9|           9|
    |sub_ln16_51_fu_3548_p2   |         -|   0|  0|  14|           9|           9|
    |sub_ln16_52_fu_3704_p2   |         -|   0|  0|  14|           9|           9|
    |sub_ln16_53_fu_3566_p2   |         -|   0|  0|  14|           9|           9|
    |sub_ln16_54_fu_3718_p2   |         -|   0|  0|  14|           9|           9|
    |sub_ln16_55_fu_3584_p2   |         -|   0|  0|  14|           9|           9|
    |sub_ln16_56_fu_3890_p2   |         -|   0|  0|  14|           9|           9|
    |sub_ln16_57_fu_3732_p2   |         -|   0|  0|  14|           9|           9|
    |sub_ln16_58_fu_3904_p2   |         -|   0|  0|  14|           9|           9|
    |sub_ln16_59_fu_3750_p2   |         -|   0|  0|  14|           9|           9|
    |sub_ln16_5_fu_2548_p2    |         -|   0|  0|  14|           9|           9|
    |sub_ln16_60_fu_3918_p2   |         -|   0|  0|  14|           9|           9|
    |sub_ln16_61_fu_3768_p2   |         -|   0|  0|  14|           9|           9|
    |sub_ln16_62_fu_3932_p2   |         -|   0|  0|  14|           9|           9|
    |sub_ln16_63_fu_3786_p2   |         -|   0|  0|  14|           9|           9|
    |sub_ln16_64_fu_4092_p2   |         -|   0|  0|  14|           9|           9|
    |sub_ln16_65_fu_3946_p2   |         -|   0|  0|  14|           9|           9|
    |sub_ln16_66_fu_4106_p2   |         -|   0|  0|  14|           9|           9|
    |sub_ln16_67_fu_3964_p2   |         -|   0|  0|  14|           9|           9|
    |sub_ln16_68_fu_4120_p2   |         -|   0|  0|  14|           9|           9|
    |sub_ln16_69_fu_3982_p2   |         -|   0|  0|  14|           9|           9|
    |sub_ln16_6_fu_2626_p2    |         -|   0|  0|  14|           9|           9|
    |sub_ln16_70_fu_4134_p2   |         -|   0|  0|  14|           9|           9|
    |sub_ln16_71_fu_4000_p2   |         -|   0|  0|  14|           9|           9|
    |sub_ln16_72_fu_4306_p2   |         -|   0|  0|  14|           9|           9|
    |sub_ln16_73_fu_4148_p2   |         -|   0|  0|  14|           9|           9|
    |sub_ln16_74_fu_4320_p2   |         -|   0|  0|  14|           9|           9|
    |sub_ln16_75_fu_4166_p2   |         -|   0|  0|  14|           9|           9|
    |sub_ln16_76_fu_4334_p2   |         -|   0|  0|  14|           9|           9|
    |sub_ln16_77_fu_4184_p2   |         -|   0|  0|  14|           9|           9|
    |sub_ln16_78_fu_4348_p2   |         -|   0|  0|  14|           9|           9|
    |sub_ln16_79_fu_4202_p2   |         -|   0|  0|  14|           9|           9|
    |sub_ln16_7_fu_2566_p2    |         -|   0|  0|  14|           9|           9|
    |sub_ln16_80_fu_4508_p2   |         -|   0|  0|  14|           9|           9|
    |sub_ln16_81_fu_4362_p2   |         -|   0|  0|  14|           9|           9|
    |sub_ln16_82_fu_4522_p2   |         -|   0|  0|  14|           9|           9|
    |sub_ln16_83_fu_4380_p2   |         -|   0|  0|  14|           9|           9|
    |sub_ln16_84_fu_4536_p2   |         -|   0|  0|  14|           9|           9|
    |sub_ln16_85_fu_4398_p2   |         -|   0|  0|  14|           9|           9|
    |sub_ln16_86_fu_4550_p2   |         -|   0|  0|  14|           9|           9|
    |sub_ln16_87_fu_4416_p2   |         -|   0|  0|  14|           9|           9|
    |sub_ln16_88_fu_4735_p2   |         -|   0|  0|  14|           9|           9|
    |sub_ln16_89_fu_4564_p2   |         -|   0|  0|  14|           9|           9|
    |sub_ln16_8_fu_2730_p2    |         -|   0|  0|  14|           9|           9|
    |sub_ln16_90_fu_4749_p2   |         -|   0|  0|  14|           9|           9|
    |sub_ln16_91_fu_4582_p2   |         -|   0|  0|  14|           9|           9|
    |sub_ln16_92_fu_4763_p2   |         -|   0|  0|  14|           9|           9|
    |sub_ln16_93_fu_4600_p2   |         -|   0|  0|  14|           9|           9|
    |sub_ln16_94_fu_4777_p2   |         -|   0|  0|  14|           9|           9|
    |sub_ln16_95_fu_4618_p2   |         -|   0|  0|  14|           9|           9|
    |sub_ln16_96_fu_4937_p2   |         -|   0|  0|  14|           9|           9|
    |sub_ln16_97_fu_4791_p2   |         -|   0|  0|  14|           9|           9|
    |sub_ln16_98_fu_4951_p2   |         -|   0|  0|  14|           9|           9|
    |sub_ln16_99_fu_4809_p2   |         -|   0|  0|  14|           9|           9|
    |sub_ln16_9_fu_2640_p2    |         -|   0|  0|  14|           9|           9|
    |sub_ln16_fu_2584_p2      |         -|   0|  0|  14|           9|           9|
    +-------------------------+----------+----+---+----+------------+------------+
    |Total                    |          |   0|  0|3487|        2406|        2406|
    +-------------------------+----------+----+---+----+------------+------------+

    * Multiplexer: 
    +--------------+-----+-----------+-----+-----------+
    |     Name     | LUT | Input Size| Bits| Total Bits|
    +--------------+-----+-----------+-----+-----------+
    |A_0_address0  |   81|         17|    4|         68|
    |A_1_address0  |   81|         17|    4|         68|
    |A_2_address0  |   81|         17|    4|         68|
    |A_3_address0  |   81|         17|    4|         68|
    |A_4_address0  |   81|         17|    4|         68|
    |A_5_address0  |   81|         17|    4|         68|
    |A_6_address0  |   81|         17|    4|         68|
    |A_7_address0  |   81|         17|    4|         68|
    |B_0_address0  |   81|         17|    4|         68|
    |B_1_address0  |   81|         17|    4|         68|
    |B_2_address0  |   81|         17|    4|         68|
    |B_3_address0  |   81|         17|    4|         68|
    |B_4_address0  |   81|         17|    4|         68|
    |B_5_address0  |   81|         17|    4|         68|
    |B_6_address0  |   81|         17|    4|         68|
    |B_7_address0  |   81|         17|    4|         68|
    |ap_NS_fsm     |  147|         33|    1|         33|
    +--------------+-----+-----------+-----+-----------+
    |Total         | 1443|        305|   65|       1121|
    +--------------+-----+-----------+-----+-----------+

    * Register: 
    +-----------------------+----+----+-----+-----------+
    |          Name         | FF | LUT| Bits| Const Bits|
    +-----------------------+----+----+-----+-----------+
    |add_ln16_100_reg_8845  |  20|   0|   20|          0|
    |add_ln16_107_reg_8895  |  20|   0|   20|          0|
    |add_ln16_108_reg_8930  |  21|   0|   21|          0|
    |add_ln16_115_reg_8935  |  20|   0|   20|          0|
    |add_ln16_122_reg_8945  |  20|   0|   20|          0|
    |add_ln16_125_reg_8955  |  23|   0|   23|          0|
    |add_ln16_13_reg_7199   |  20|   0|   20|          0|
    |add_ln16_21_reg_7348   |  20|   0|   20|          0|
    |add_ln16_28_reg_7497   |  20|   0|   20|          0|
    |add_ln16_29_reg_7646   |  21|   0|   21|          0|
    |add_ln16_37_reg_7651   |  20|   0|   20|          0|
    |add_ln16_44_reg_7800   |  20|   0|   20|          0|
    |add_ln16_45_reg_7949   |  21|   0|   21|          0|
    |add_ln16_52_reg_7954   |  20|   0|   20|          0|
    |add_ln16_59_reg_8103   |  20|   0|   20|          0|
    |add_ln16_5_reg_7050    |  19|   0|   19|          0|
    |add_ln16_61_reg_8252   |  22|   0|   22|          0|
    |add_ln16_62_reg_8950   |  23|   0|   23|          0|
    |add_ln16_69_reg_8257   |  20|   0|   20|          0|
    |add_ln16_6_reg_8940    |  20|   0|   20|          0|
    |add_ln16_76_reg_8406   |  20|   0|   20|          0|
    |add_ln16_77_reg_8555   |  21|   0|   21|          0|
    |add_ln16_84_reg_8560   |  20|   0|   20|          0|
    |add_ln16_91_reg_8709   |  20|   0|   20|          0|
    |add_ln16_93_reg_8840   |  22|   0|   22|          0|
    |ap_CS_fsm              |  32|   0|   32|          0|
    |p_Val2_s_reg_8965      |  16|   0|   16|          0|
    |result_2_reg_8960      |  24|   0|   24|          0|
    |sub_ln16_100_reg_8441  |   9|   0|    9|          0|
    |sub_ln16_102_reg_8446  |   9|   0|    9|          0|
    |sub_ln16_104_reg_8585  |   9|   0|    9|          0|
    |sub_ln16_106_reg_8590  |   9|   0|    9|          0|
    |sub_ln16_108_reg_8595  |   9|   0|    9|          0|
    |sub_ln16_10_reg_6787   |   9|   0|    9|          0|
    |sub_ln16_110_reg_8600  |   9|   0|    9|          0|
    |sub_ln16_112_reg_8756  |   9|   0|    9|          0|
    |sub_ln16_114_reg_8761  |   9|   0|    9|          0|
    |sub_ln16_116_reg_8766  |   9|   0|    9|          0|
    |sub_ln16_118_reg_8771  |   9|   0|    9|          0|
    |sub_ln16_120_reg_8875  |   9|   0|    9|          0|
    |sub_ln16_122_reg_8880  |   9|   0|    9|          0|
    |sub_ln16_124_reg_8885  |   9|   0|    9|          0|
    |sub_ln16_126_reg_8890  |   9|   0|    9|          0|
    |sub_ln16_12_reg_6792   |   9|   0|    9|          0|
    |sub_ln16_14_reg_6797   |   9|   0|    9|          0|
    |sub_ln16_16_reg_6926   |   9|   0|    9|          0|
    |sub_ln16_18_reg_6931   |   9|   0|    9|          0|
    |sub_ln16_1_reg_8850    |   9|   0|    9|          0|
    |sub_ln16_20_reg_6936   |   9|   0|    9|          0|
    |sub_ln16_22_reg_6941   |   9|   0|    9|          0|
    |sub_ln16_24_reg_7075   |   9|   0|    9|          0|
    |sub_ln16_26_reg_7080   |   9|   0|    9|          0|
    |sub_ln16_28_reg_7085   |   9|   0|    9|          0|
    |sub_ln16_2_reg_6653    |   9|   0|    9|          0|
    |sub_ln16_30_reg_7090   |   9|   0|    9|          0|
    |sub_ln16_32_reg_7224   |   9|   0|    9|          0|
    |sub_ln16_34_reg_7229   |   9|   0|    9|          0|
    |sub_ln16_36_reg_7234   |   9|   0|    9|          0|
    |sub_ln16_38_reg_7239   |   9|   0|    9|          0|
    |sub_ln16_3_reg_6571    |   9|   0|    9|          0|
    |sub_ln16_40_reg_7373   |   9|   0|    9|          0|
    |sub_ln16_42_reg_7378   |   9|   0|    9|          0|
    |sub_ln16_44_reg_7383   |   9|   0|    9|          0|
    |sub_ln16_46_reg_7388   |   9|   0|    9|          0|
    |sub_ln16_48_reg_7522   |   9|   0|    9|          0|
    |sub_ln16_4_reg_6658    |   9|   0|    9|          0|
    |sub_ln16_50_reg_7527   |   9|   0|    9|          0|
    |sub_ln16_52_reg_7532   |   9|   0|    9|          0|
    |sub_ln16_54_reg_7537   |   9|   0|    9|          0|
    |sub_ln16_56_reg_7676   |   9|   0|    9|          0|
    |sub_ln16_58_reg_7681   |   9|   0|    9|          0|
    |sub_ln16_60_reg_7686   |   9|   0|    9|          0|
    |sub_ln16_62_reg_7691   |   9|   0|    9|          0|
    |sub_ln16_64_reg_7825   |   9|   0|    9|          0|
    |sub_ln16_66_reg_7830   |   9|   0|    9|          0|
    |sub_ln16_68_reg_7835   |   9|   0|    9|          0|
    |sub_ln16_6_reg_6663    |   9|   0|    9|          0|
    |sub_ln16_70_reg_7840   |   9|   0|    9|          0|
    |sub_ln16_72_reg_7979   |   9|   0|    9|          0|
    |sub_ln16_74_reg_7984   |   9|   0|    9|          0|
    |sub_ln16_76_reg_7989   |   9|   0|    9|          0|
    |sub_ln16_78_reg_7994   |   9|   0|    9|          0|
    |sub_ln16_80_reg_8128   |   9|   0|    9|          0|
    |sub_ln16_82_reg_8133   |   9|   0|    9|          0|
    |sub_ln16_84_reg_8138   |   9|   0|    9|          0|
    |sub_ln16_86_reg_8143   |   9|   0|    9|          0|
    |sub_ln16_88_reg_8282   |   9|   0|    9|          0|
    |sub_ln16_8_reg_6782    |   9|   0|    9|          0|
    |sub_ln16_90_reg_8287   |   9|   0|    9|          0|
    |sub_ln16_92_reg_8292   |   9|   0|    9|          0|
    |sub_ln16_94_reg_8297   |   9|   0|    9|          0|
    |sub_ln16_96_reg_8431   |   9|   0|    9|          0|
    |sub_ln16_98_reg_8436   |   9|   0|    9|          0|
    |sub_ln16_reg_6648      |   9|   0|    9|          0|
    +-----------------------+----+----+-----+-----------+
    |Total                  |1179|   0| 1179|          0|
    +-----------------------+----+----+-----+-----------+



================================================================
== Interface
================================================================
* Summary: 
+-----------------------+-----+-----+------------+--------------+--------------+
|       RTL Ports       | Dir | Bits|  Protocol  | Source Object|    C Type    |
+-----------------------+-----+-----+------------+--------------+--------------+
|s_axi_control_AWVALID  |   in|    1|       s_axi|       control|       pointer|
|s_axi_control_AWREADY  |  out|    1|       s_axi|       control|       pointer|
|s_axi_control_AWADDR   |   in|    9|       s_axi|       control|       pointer|
|s_axi_control_WVALID   |   in|    1|       s_axi|       control|       pointer|
|s_axi_control_WREADY   |  out|    1|       s_axi|       control|       pointer|
|s_axi_control_WDATA    |   in|   32|       s_axi|       control|       pointer|
|s_axi_control_WSTRB    |   in|    4|       s_axi|       control|       pointer|
|s_axi_control_ARVALID  |   in|    1|       s_axi|       control|       pointer|
|s_axi_control_ARREADY  |  out|    1|       s_axi|       control|       pointer|
|s_axi_control_ARADDR   |   in|    9|       s_axi|       control|       pointer|
|s_axi_control_RVALID   |  out|    1|       s_axi|       control|       pointer|
|s_axi_control_RREADY   |   in|    1|       s_axi|       control|       pointer|
|s_axi_control_RDATA    |  out|   32|       s_axi|       control|       pointer|
|s_axi_control_RRESP    |  out|    2|       s_axi|       control|       pointer|
|s_axi_control_BVALID   |  out|    1|       s_axi|       control|       pointer|
|s_axi_control_BREADY   |   in|    1|       s_axi|       control|       pointer|
|s_axi_control_BRESP    |  out|    2|       s_axi|       control|       pointer|
|ap_clk                 |   in|    1|  ap_ctrl_hs|         eucHW|  return value|
|ap_rst_n               |   in|    1|  ap_ctrl_hs|         eucHW|  return value|
|interrupt              |  out|    1|  ap_ctrl_hs|         eucHW|  return value|
+-----------------------+-----+-----+------------+--------------+--------------+

