

================================================================
== Vitis HLS Report for 'sqrt_fixed_32_32_s'
================================================================
* Date:           Fri Mar 18 02:37:28 2022

* Version:        2021.1 (Build 3247384 on Thu Jun 10 19:36:33 MDT 2021)
* Project:        EucHLS
* Solution:       solution1 (Vivado IP Flow Target)
* Product family: artix7
* Target device:  xc7a12ti-csg325-1L


================================================================
== Performance Estimates
================================================================
+ Timing: 
    * Summary: 
    +--------+----------+----------+------------+
    |  Clock |  Target  | Estimated| Uncertainty|
    +--------+----------+----------+------------+
    |ap_clk  |  10.00 ns|  7.007 ns|     2.70 ns|
    +--------+----------+----------+------------+

+ Latency: 
    * Summary: 
    +---------+---------+-----------+-----------+-----+-----+---------+
    |  Latency (cycles) |   Latency (absolute)  |  Interval | Pipeline|
    |   min   |   max   |    min    |    max    | min | max |   Type  |
    +---------+---------+-----------+-----------+-----+-----+---------+
    |        8|        8|  80.000 ns|  80.000 ns|    1|    1|      yes|
    +---------+---------+-----------+-----------+-----+-----+---------+

    + Detail: 
        * Instance: 
        N/A

        * Loop: 
        N/A



================================================================
== Utilization Estimates
================================================================
* Summary: 
+-----------------+---------+----+-------+------+-----+
|       Name      | BRAM_18K| DSP|   FF  |  LUT | URAM|
+-----------------+---------+----+-------+------+-----+
|DSP              |        -|   -|      -|     -|    -|
|Expression       |        -|   -|      0|  1336|    -|
|FIFO             |        -|   -|      -|     -|    -|
|Instance         |        -|   -|      -|     -|    -|
|Memory           |        -|   -|      -|     -|    -|
|Multiplexer      |        -|   -|      -|     -|    -|
|Register         |        -|   -|    643|    32|    -|
+-----------------+---------+----+-------+------+-----+
|Total            |        0|   0|    643|  1368|    0|
+-----------------+---------+----+-------+------+-----+
|Available        |       40|  40|  16000|  8000|    0|
+-----------------+---------+----+-------+------+-----+
|Utilization (%)  |        0|   0|      4|    17|    0|
+-----------------+---------+----+-------+------+-----+

+ Detail: 
    * Instance: 
    N/A

    * DSP: 
    N/A

    * Memory: 
    N/A

    * FIFO: 
    N/A

    * Expression: 
    +--------------------------+----------+----+---+----+------------+------------+
    |       Variable Name      | Operation| DSP| FF| LUT| Bitwidth P0| Bitwidth P1|
    +--------------------------+----------+----+---+----+------------+------------+
    |res_I_V_30_fu_1455_p2     |         +|   0|  0|  23|          16|           1|
    |sub_ln212_10_fu_1095_p2   |         -|   0|  0|  21|          14|          14|
    |sub_ln212_11_fu_1177_p2   |         -|   0|  0|  22|          15|          15|
    |sub_ln212_12_fu_1252_p2   |         -|   0|  0|  23|          16|          16|
    |sub_ln212_13_fu_1329_p2   |         -|   0|  0|  24|          17|          17|
    |sub_ln212_14_fu_1393_p2   |         -|   0|  0|  25|          18|          18|
    |sub_ln212_1_fu_392_p2     |         -|   0|  0|  13|           5|           5|
    |sub_ln212_2_fu_467_p2     |         -|   0|  0|  14|           6|           6|
    |sub_ln212_3_fu_549_p2     |         -|   0|  0|  14|           7|           7|
    |sub_ln212_4_fu_624_p2     |         -|   0|  0|  15|           8|           8|
    |sub_ln212_5_fu_706_p2     |         -|   0|  0|  16|           9|           9|
    |sub_ln212_6_fu_781_p2     |         -|   0|  0|  17|          10|          10|
    |sub_ln212_7_fu_863_p2     |         -|   0|  0|  18|          11|          11|
    |sub_ln212_8_fu_938_p2     |         -|   0|  0|  19|          12|          12|
    |sub_ln212_9_fu_1020_p2    |         -|   0|  0|  20|          13|          13|
    |sub_ln212_fu_310_p2       |         -|   0|  0|  13|           4|           4|
    |icmp_ln443_10_fu_1089_p2  |      icmp|   0|  0|  12|          14|          14|
    |icmp_ln443_11_fu_1171_p2  |      icmp|   0|  0|  12|          15|          15|
    |icmp_ln443_12_fu_1246_p2  |      icmp|   0|  0|  13|          16|          16|
    |icmp_ln443_13_fu_1323_p2  |      icmp|   0|  0|  13|          17|          17|
    |icmp_ln443_14_fu_1387_p2  |      icmp|   0|  0|  13|          18|          18|
    |icmp_ln443_1_fu_386_p2    |      icmp|   0|  0|   9|           5|           5|
    |icmp_ln443_2_fu_461_p2    |      icmp|   0|  0|  10|           6|           6|
    |icmp_ln443_3_fu_543_p2    |      icmp|   0|  0|  10|           7|           7|
    |icmp_ln443_4_fu_618_p2    |      icmp|   0|  0|  11|           8|           8|
    |icmp_ln443_5_fu_700_p2    |      icmp|   0|  0|  11|           9|           9|
    |icmp_ln443_6_fu_775_p2    |      icmp|   0|  0|  11|          10|          10|
    |icmp_ln443_7_fu_857_p2    |      icmp|   0|  0|  11|          11|          11|
    |icmp_ln443_8_fu_932_p2    |      icmp|   0|  0|  12|          12|          12|
    |icmp_ln443_9_fu_1014_p2   |      icmp|   0|  0|  12|          13|          13|
    |icmp_ln443_fu_304_p2      |      icmp|   0|  0|   9|           4|           4|
    |p_Result_48_fu_1449_p2    |      icmp|   0|  0|  19|          35|          35|
    |ap_return                 |    select|   0|  0|  16|           1|           1|
    |res_I_V_32_fu_264_p3      |    select|   0|  0|  17|           1|          17|
    |res_I_V_33_fu_346_p3      |    select|   0|  0|  16|           1|          16|
    |res_I_V_34_fu_423_p3      |    select|   0|  0|  16|           1|          16|
    |res_I_V_35_fu_503_p3      |    select|   0|  0|  16|           1|          16|
    |res_I_V_36_fu_580_p3      |    select|   0|  0|  16|           1|          16|
    |res_I_V_37_fu_660_p3      |    select|   0|  0|  16|           1|          16|
    |res_I_V_38_fu_737_p3      |    select|   0|  0|  16|           1|          16|
    |res_I_V_39_fu_894_p3      |    select|   0|  0|  16|           1|          16|
    |res_I_V_40_fu_974_p3      |    select|   0|  0|  16|           1|          16|
    |res_I_V_41_fu_1051_p3     |    select|   0|  0|  16|           1|          16|
    |res_I_V_42_fu_1131_p3     |    select|   0|  0|  16|           1|          16|
    |res_I_V_43_fu_1208_p3     |    select|   0|  0|  16|           1|          16|
    |res_I_V_44_fu_1268_p3     |    select|   0|  0|  16|           1|          16|
    |res_I_V_45_fu_1364_p3     |    select|   0|  0|  16|           1|          16|
    |res_I_V_46_fu_1431_p3     |    select|   0|  0|  16|           1|          16|
    |res_I_V_47_fu_1461_p3     |    select|   0|  0|  16|           1|          16|
    |res_I_V_fu_817_p3         |    select|   0|  0|  16|           1|          16|
    |select_ln212_fu_236_p3    |    select|   0|  0|   2|           1|           2|
    |x_l_I_V_31_fu_256_p3      |    select|   0|  0|  35|           1|          35|
    |x_l_I_V_32_fu_338_p3      |    select|   0|  0|  35|           1|          35|
    |x_l_I_V_33_fu_417_p3      |    select|   0|  0|  35|           1|          35|
    |x_l_I_V_34_fu_495_p3      |    select|   0|  0|  35|           1|          35|
    |x_l_I_V_35_fu_574_p3      |    select|   0|  0|  35|           1|          35|
    |x_l_I_V_36_fu_652_p3      |    select|   0|  0|  35|           1|          35|
    |x_l_I_V_37_fu_809_p3      |    select|   0|  0|  35|           1|          35|
    |x_l_I_V_38_fu_888_p3      |    select|   0|  0|  35|           1|          35|
    |x_l_I_V_39_fu_966_p3      |    select|   0|  0|  35|           1|          35|
    |x_l_I_V_40_fu_1045_p3     |    select|   0|  0|  35|           1|          35|
    |x_l_I_V_41_fu_1123_p3     |    select|   0|  0|  35|           1|          35|
    |x_l_I_V_42_fu_1202_p3     |    select|   0|  0|  35|           1|          35|
    |x_l_I_V_43_fu_1296_p3     |    select|   0|  0|  35|           1|          35|
    |x_l_I_V_44_fu_1356_p3     |    select|   0|  0|  35|           1|          35|
    |x_l_I_V_45_fu_1425_p3     |    select|   0|  0|  35|           1|          35|
    |x_l_I_V_fu_731_p3         |    select|   0|  0|  35|           1|          35|
    +--------------------------+----------+----+---+----+------------+------------+
    |Total                     |          |   0|  0|1336|         416|        1202|
    +--------------------------+----------+----+---+----+------------+------------+

    * Multiplexer: 
    N/A

    * Register: 
    +------------------------+----+----+-----+-----------+
    |          Name          | FF | LUT| Bits| Const Bits|
    +------------------------+----+----+-----+-----------+
    |icmp_ln443_11_reg_1609  |   1|   0|    1|          0|
    |icmp_ln443_12_reg_1626  |   1|   0|    1|          0|
    |icmp_ln443_14_reg_1659  |   1|   0|    1|          0|
    |icmp_ln443_1_reg_1494   |   1|   0|    1|          0|
    |icmp_ln443_3_reg_1517   |   1|   0|    1|          0|
    |icmp_ln443_5_reg_1540   |   1|   0|    1|          0|
    |icmp_ln443_7_reg_1563   |   1|   0|    1|          0|
    |icmp_ln443_9_reg_1586   |   1|   0|    1|          0|
    |p_Result_40_reg_1642    |  15|   0|   15|          0|
    |res_I_V_33_reg_1488     |  16|   0|   16|          0|
    |res_I_V_35_reg_1511     |  16|   0|   16|          0|
    |res_I_V_37_reg_1534     |  16|   0|   16|          0|
    |res_I_V_40_reg_1580     |  16|   0|   16|          0|
    |res_I_V_42_reg_1603     |  16|   0|   16|          0|
    |res_I_V_44_reg_1636     |  16|   0|   16|          0|
    |res_I_V_45_reg_1653     |  16|   0|   16|          0|
    |res_I_V_reg_1557        |  16|   0|   16|          0|
    |sub_ln212_11_reg_1615   |  15|   0|   15|          0|
    |sub_ln212_12_reg_1631   |  16|   0|   16|          0|
    |sub_ln212_14_reg_1665   |  18|   0|   18|          0|
    |sub_ln212_1_reg_1500    |   5|   0|    5|          0|
    |sub_ln212_3_reg_1523    |   7|   0|    7|          0|
    |sub_ln212_5_reg_1546    |   9|   0|    9|          0|
    |sub_ln212_7_reg_1569    |  11|   0|   11|          0|
    |sub_ln212_9_reg_1592    |  13|   0|   13|          0|
    |x_int_reg               |  27|   0|   27|          0|
    |x_l_I_V_32_reg_1482     |  35|   0|   35|          0|
    |x_l_I_V_34_reg_1505     |  35|   0|   35|          0|
    |x_l_I_V_36_reg_1528     |  35|   0|   35|          0|
    |x_l_I_V_37_reg_1551     |  35|   0|   35|          0|
    |x_l_I_V_39_reg_1574     |  35|   0|   35|          0|
    |x_l_I_V_41_reg_1597     |  35|   0|   35|          0|
    |x_l_I_V_42_reg_1620     |  35|   0|   35|          0|
    |x_l_I_V_44_reg_1647     |  35|   0|   35|          0|
    |x_read_reg_1477         |  27|   0|   27|          0|
    |x_read_reg_1477         |  64|  32|   27|          0|
    +------------------------+----+----+-----+-----------+
    |Total                   | 643|  32|  606|          0|
    +------------------------+----+----+-----+-----------+



================================================================
== Interface
================================================================
* Summary: 
+-----------+-----+-----+------------+--------------------+--------------+
| RTL Ports | Dir | Bits|  Protocol  |    Source Object   |    C Type    |
+-----------+-----+-----+------------+--------------------+--------------+
|ap_clk     |   in|    1|  ap_ctrl_hs|  sqrt_fixed<32, 32>|  return value|
|ap_rst     |   in|    1|  ap_ctrl_hs|  sqrt_fixed<32, 32>|  return value|
|ap_return  |  out|   16|  ap_ctrl_hs|  sqrt_fixed<32, 32>|  return value|
|x          |   in|   27|     ap_none|                   x|        scalar|
+-----------+-----+-----+------------+--------------------+--------------+

