Nothing to build in platform 'zybo16float_concat'

02:07:51 **** Incremental Build of configuration Debug for project euc16float_concat ****
make all 
make --no-print-directory pre-build
a9-linaro-pre-build-step
' '
make --no-print-directory main-build
'Building file: ../src/main.c'
'Invoking: ARM v7 gcc compiler'
arm-none-eabi-gcc -Wall -O0 -g3 -c -fmessage-length=0 -MT"src/main.o" -mcpu=cortex-a9 -mfpu=vfpv3 -mfloat-abi=hard -IC:/Users/juan_/Documents/FPGA/JA-RM-IPD432/zybi16_vitis_float_concat/zybo16float_concat/export/zybo16float_concat/sw/zybo16float_concat/standalone_ps7_cortexa9_0/bspinclude/include -MMD -MP -MF"src/main.d" -MT"src/main.o" -o "src/main.o" "../src/main.c"
'Finished building: ../src/main.c'
' '
'Building target: euc16float_concat.elf'
'Invoking: ARM v7 gcc linker'
arm-none-eabi-gcc -mcpu=cortex-a9 -mfpu=vfpv3 -mfloat-abi=hard -Wl,-build-id=none -specs=Xilinx.spec -Wl,-T -Wl,../src/lscript.ld -LC:/Users/juan_/Documents/FPGA/JA-RM-IPD432/zybi16_vitis_float_concat/zybo16float_concat/export/zybo16float_concat/sw/zybo16float_concat/standalone_ps7_cortexa9_0/bsplib/lib -o "euc16float_concat.elf"  ./src/main.o   -Wl,--start-group,-lxil,-lgcc,-lc,--end-group
'Finished building target: euc16float_concat.elf'
' '
'Invoking: ARM v7 Print Size'
arm-none-eabi-size euc16float_concat.elf  |tee "euc16float_concat.elf.size"
   text	   data	    bss	    dec	    hex	filename
  93150	   3462	  22704	 119316	  1d214	euc16float_concat.elf
'Finished building: euc16float_concat.elf.size'
' '
